   Compiling kernel-grounded-closure v0.1.0 (/mnt/data/cfmd_pass80_work/crates/kernel-grounded-closure)
   Compiling kernel-proof v0.1.0 (/mnt/data/cfmd_pass80_work/crates/kernel-proof)
   Compiling kernel-violation v0.1.0 (/mnt/data/cfmd_pass80_work/crates/kernel-violation)
   Compiling kernel-semantic-index v0.1.0 (/mnt/data/cfmd_pass80_work/crates/kernel-semantic-index)
   Compiling kernel-aggregate v0.1.0 (/mnt/data/cfmd_pass80_work/crates/kernel-aggregate)
   Compiling kernel-change v0.1.0 (/mnt/data/cfmd_pass80_work/crates/kernel-change)
   Compiling kernel-semantics v0.1.0 (/mnt/data/cfmd_pass80_work/crates/kernel-semantics)
   Compiling kernel-validation v0.1.0 (/mnt/data/cfmd_pass80_work/crates/kernel-validation)
   Compiling kernel-revision v0.1.0 (/mnt/data/cfmd_pass80_work/crates/kernel-revision)
   Compiling kernel-query v0.1.0 (/mnt/data/cfmd_pass80_work/crates/kernel-query)
   Compiling kernel-fixpoint v0.1.0 (/mnt/data/cfmd_pass80_work/crates/kernel-fixpoint)
   Compiling kernel-transport v0.1.0 (/mnt/data/cfmd_pass80_work/crates/kernel-transport)
    Finished `release` profile [optimized] target(s) in 14.88s
     Running unittests src/lib.rs (/mnt/data/cfmd_pass80_final_target/release/deps/kernel_fixpoint-f5bf52bfdeeafb7b)

running 5 tests
test tests::checker_rejects_nonclosed_candidate ... ok
test tests::checker_rejects_closed_but_nonleast_superset_without_witness ... ok
test tests::generic_solver_boundary_exposes_only_checked_certificate_after_verification ... ok
test tests::solver_emits_checkable_least_fixpoint_certificate ... ok
test tests::adjacency_lowering_preserves_relation_scan_certificate_exactly ... ok

test result: ok. 5 passed; 0 failed; 0 ignored; 0 measured; 0 filtered out; finished in 0.00s

     Running unittests src/lib.rs (/mnt/data/cfmd_pass80_final_target/release/deps/kernel_grounded_closure-bc328ba7e3982885)

running 11 tests
test tests::bipolar_body_extension_resurrects_support_through_death_witness_cone ... ok
test tests::bipolar_support_is_exact_complement_of_grounded_death ... ok
test tests::deleting_grounding_seed_kills_self_supported_cycle ... ok
test tests::deleting_non_witness_rule_does_no_invalidation_work ... ok
test tests::genuine_hyperrule_requires_all_premises ... ok
test tests::groundless_cycle_remains_dead ... ok
test tests::structural_body_extension_resurrects_only_selected_witness_cone ... ok
test tests::unavailable_atom_grounds_death_through_support_requirements ... ok
test tests::randomized_solver_matches_naive_and_certificate ... ok
test tests::randomized_structural_reconciliation_matches_full_rebuild ... ok
test tests::randomized_mixed_updates_match_full_rebuild ... ok

test result: ok. 11 passed; 0 failed; 0 ignored; 0 measured; 0 filtered out; finished in 0.05s

     Running unittests src/lib.rs (/mnt/data/cfmd_pass80_final_target/release/deps/kernel_proof-c0698a8483eedf70)

running 3 tests
test tests::checker_accepts_only_the_exact_filter_fusion_rule ... ok
test tests::optimizer_rewrite_uses_the_same_checked_certificate_boundary ... ok
test tests::checker_rejects_wrong_rewrite_even_if_shape_is_similar ... ok

test result: ok. 3 passed; 0 failed; 0 ignored; 0 measured; 0 filtered out; finished in 0.00s

     Running unittests src/lib.rs (/mnt/data/cfmd_pass80_final_target/release/deps/kernel_semantic_index-4d0212b4f4e4cdd9)

running 7 tests
test tests::binding_rejects_revision_digest_and_encoding_mismatch ... ok
test tests::compatibility_reports_exact_rebuild_reason ... ok
test tests::duplicate_bucket_membership_and_reverse_map_are_exact ... ok
test tests::bucket_preserves_identity_insertion_order_and_same_key_reinsert_is_stable ... ok
test tests::binding_rejects_same_nominal_revision_with_changed_structural_definition ... ok
test tests::rebinding_identity_removes_dead_bucket ... ok
test tests::retained_size_estimate_accounts_for_bucket_and_reverse_payloads ... ok

test result: ok. 7 passed; 0 failed; 0 ignored; 0 measured; 0 filtered out; finished in 0.00s

     Running unittests src/lib.rs (/mnt/data/cfmd_pass80_final_target/release/deps/kernel_semantics-9e67457524c18ac7)

running 55 tests
test anchor_pullback::tests::apnf_is_bound_to_one_observable_catalog_realization ... ok
test anchor_pullback::tests::apnf_keeps_redundant_direct_morphism_and_can_prove_branch_free_anchor ... ok
test anchor_pullback::tests::determinant_closure_handles_true_hypercycle_without_unary_scc_assumption ... ok
test anchor_pullback::tests::finite_factor_derives_ordered_hyper_determinant_morphism_without_unary_special_case ... ok
test anchor_pullback::tests::finite_factor_rejects_non_functional_projection_and_preserves_duplicate_weight ... ok
test anchor_pullback::tests::value_saturation_is_confluent_and_rejects_conflicting_exact_images ... ok
test anchor_pullback::tests::weighted_anchor_factorization_is_lossless_and_inclusion_minimal ... ok
test observable::tests::independent_catalogs_cannot_alias_revision_local_observable_or_class_ids ... ok
test observable::tests::materialized_morphisms_compose_without_changing_semantic_revision ... ok
test observable::tests::morphism_ir_is_nary_to_mary_and_rejects_non_functions ... ok
test anchor_pullback::tests::closure_worklist_scales_with_incidence_not_rule_scan_rounds ... ok
test observable::tests::observable_registration_is_pinned_to_one_semantic_revision ... ok
test observable::tests::product_observable_is_revision_local_exact_meet_coordinate ... ok
test observable::tests::query_coordinates_keep_same_equivalence_law_nominally_distinct ... ok
test support_atom::tests::deletion_removes_empty_atoms_but_preserves_other_projection_members ... ok
test support_atom::tests::foreign_catalog_product_class_is_rejected_even_for_same_revision ... ok
test support_atom::tests::support_atoms_are_product_classes_and_factor_projected_fibers ... ok
test tests::bound_primitive_predicate_preserves_resolved_equivalence_contract ... ok
test tests::builtin_equivalence_modules_satisfy_equivalence_laws_on_hostile_samples ... ok
test tests::builtin_module_spec_roundtrips_exact_implementation_revision ... ok
test tests::canonical_entity_equality_keys_match_builtin_contracts ... ok
test tests::canonical_eq_key_codec_rejects_noncanonical_and_hostile_lengths ... ok
test tests::canonical_eq_key_codec_roundtrips_recursive_structures_and_rejects_version_drift ... ok
test tests::canonical_eq_key_v2_has_golden_bytes_independent_of_rust_layout ... ok
test tests::canonical_equality_keys_match_every_builtin_primitive_contract ... ok
test tests::canonical_order_keys_match_every_builtin_ordering_contract ... ok
test tests::coarse_unordered_structural_keys_use_canonical_finite_measures ... ok
test tests::equality_is_resolved_through_pinned_digest_not_host_ord ... ok
test tests::f64_key_equality_is_total_bitwise_not_ieee_partial_equality ... ok
test tests::f64_total_order_is_defined_for_signed_zero_and_nan ... ok
test tests::implementation_revision_changes_digest_without_changing_semantic_contract ... ok
test tests::nominal_entity_equivalence_rejects_wrong_runtime_type ... ok
test tests::guarded_recursive_equivalence_has_canonical_mu_domain_and_terminates_on_values ... ok
test tests::ordering_compatibility_requires_a_checked_law_certificate ... ok
test tests::ordering_congruence_is_explicit_and_not_inferred_from_matching_scalar_type ... ok
test tests::ordering_implementation_upgrade_preserves_contract_but_contract_change_does_not ... ok
test tests::ordering_is_versioned_semantics_not_host_iteration_order ... ok
test tests::recursive_equivalence_refinement_is_checked_coinductively_through_mu_binders ... ok
test tests::recursive_equivalence_rejects_unguarded_and_free_variables ... ok
test tests::registry_validates_every_pinned_environment_module_not_only_schema_dependencies ... ok
test tests::semantic_implementation_install_requires_contract_bound_checked_certificate ... ok
test tests::semantic_work_estimate_distinguishes_payload_and_nested_structure ... ok
test tests::set_rejects_semantic_duplicates_even_when_rust_values_differ ... ok
test tests::structural_canonical_dependency_closure_tracks_only_primitive_leaf_digests ... ok
test tests::structural_collection_equivalences_are_compositional ... ok
test tests::structural_equivalence_cycle_is_rejected_before_data_exists ... ok
test tests::structural_equivalence_refinement_is_compositional_and_directional ... ok
test tests::structural_collection_keys_match_equivalence_oracle ... ok
test tests::structural_option_and_sum_equivalence_are_compositional ... ok
test tests::structural_product_equivalence_is_schema_derived_and_compositional ... ok
test tests::tokenizer_digest_cannot_masquerade_as_equality_module ... ok
test tests::structural_product_option_and_sum_keys_match_equivalence_oracle ... ok
test tests::tokenizer_implementation_revision_preserves_contract_but_contract_change_does_not ... ok
test tests::tokenizer_is_versioned_semantics_not_ambient_library_behavior ... ok
test tests::f64_total_canonical_key_matches_total_cmp_on_many_bit_patterns ... ok

test result: ok. 55 passed; 0 failed; 0 ignored; 0 measured; 0 filtered out; finished in 0.00s

     Running unittests src/lib.rs (/mnt/data/cfmd_pass80_final_target/release/deps/kernel_transport-43816593ad39a3b8)

running 21 tests
test tests::adding_query_visible_module_is_conservative_but_removing_it_is_not ... ok
test tests::changed_law_is_not_misclassified_as_implementation_upgrade ... ok
test tests::bijective_identity_transport_rewrites_lifecycle_carriers_and_nested_references_coherently ... ok
test tests::genuine_semantic_law_migration_has_no_generic_relational_impact_invariance ... ok
test tests::environment_transport_compares_query_visible_modules_even_when_schema_does_not_use_them ... ok
test tests::field_transport_cannot_silently_reinterpret_semantic_environment ... ok
test tests::impact_commutes_with_bijective_identity_transport ... ok
test tests::historical_ids_must_be_covered_by_identity_retention_domain ... ok
test tests::implementation_upgrade_with_same_contract_is_identity_transport ... ok
test tests::law_migration_revalidates_target_instead_of_silently_collapsing_set_rows ... ok
test tests::relational_impact_commutes_with_bijective_identity_transport ... ok
test tests::relational_impact_is_preserved_by_identity_like_semantic_context_transports ... ok
test tests::rename_and_revision_bump_transport_without_data_migration ... ok
test tests::retention_domain_mapping_does_not_resurrect_non_live_ids ... ok
test tests::semantic_environment_transport_is_generic_across_ordering_modules ... ok
test tests::semantic_environment_transport_is_generic_across_tokenizer_modules ... ok
test tests::semantic_type_change_is_not_definitional_transport ... ok
test tests::typed_relation_transport_checks_full_set_bag_semantics ... ok
test tests::typed_field_transport_reuses_exact_query_ir_and_rebuilds_trusted_revision ... ok
test tests::typed_transport_rejects_transform_whose_output_type_disagrees_with_target ... ok
test tests::typed_relation_transport_reuses_relational_query_ir ... ok

test result: ok. 21 passed; 0 failed; 0 ignored; 0 measured; 0 filtered out; finished in 0.00s

     Running unittests src/lib.rs (/mnt/data/cfmd_pass80_final_target/release/deps/kernel_validation-1d605351939b41d6)

running 15 tests
test tests::benchmark_dense_type_extent_membership_against_carrier_scan ... ignored, diagnostic release benchmark
test tests::capability_required_fields_are_enforced_for_every_member ... ok
test tests::capability_required_field_contract_must_match_schema_field ... ok
test tests::dense_type_extents_match_subtype_membership_and_overlap ... ok
test tests::dynamic_violation_measure_exposes_missing_live_reference_witness ... ok
test tests::empty_set_relation_still_rejects_wrong_column_equivalence_domain ... ok
test tests::equality_domain_is_checked_even_for_singleton_collection ... ok
test tests::product_shape_is_keyed_by_semantic_field_id ... ok
test tests::relation_uniqueness_violation_measure_is_zero_for_distinct_gamma_classes ... ok
test tests::set_relation_rejects_semantically_duplicate_rows ... ok
test tests::structural_product_equivalence_validates_composite_set_keys ... ok
test tests::unit_is_a_real_schema_type_not_an_untyped_runtime_sentinel ... ok
test tests::well_typed_model_validates ... ok
test tests::validation_accepts_subtype_owner_through_dense_extent ... ok
test tests::wrong_field_type_is_rejected ... ok

test result: ok. 14 passed; 0 failed; 1 ignored; 0 measured; 0 filtered out; finished in 0.00s

     Running unittests src/lib.rs (/mnt/data/cfmd_pass80_final_target/release/deps/kernel_violation-c1131e5cf9c97bb0)

running 2 tests
test tests::finite_non_negative_measure_has_exact_zero_law ... ok
test tests::tagged_direct_sum_preserves_equal_witnesses_from_distinct_invariants ... ok

test result: ok. 2 passed; 0 failed; 0 ignored; 0 measured; 0 filtered out; finished in 0.00s

