   Compiling kernel-types v0.1.0 (/mnt/data/cfmd_pass79_work/crates/kernel-types)
   Compiling kernel-grounded-closure v0.1.0 (/mnt/data/cfmd_pass79_work/crates/kernel-grounded-closure)
   Compiling kernel-proof v0.1.0 (/mnt/data/cfmd_pass79_work/crates/kernel-proof)
   Compiling kernel-identity v0.1.0 (/mnt/data/cfmd_pass79_work/crates/kernel-identity)
   Compiling kernel-schema v0.1.0 (/mnt/data/cfmd_pass79_work/crates/kernel-schema)
   Compiling kernel-lifecycle v0.1.0 (/mnt/data/cfmd_pass79_work/crates/kernel-lifecycle)
   Compiling kernel-model v0.1.0 (/mnt/data/cfmd_pass79_work/crates/kernel-model)
   Compiling kernel-retention v0.1.0 (/mnt/data/cfmd_pass79_work/crates/kernel-retention)
   Compiling kernel-aggregate v0.1.0 (/mnt/data/cfmd_pass79_work/crates/kernel-aggregate)
   Compiling kernel-change v0.1.0 (/mnt/data/cfmd_pass79_work/crates/kernel-change)
   Compiling kernel-lens v0.1.0 (/mnt/data/cfmd_pass79_work/crates/kernel-lens)
    Finished `release` profile [optimized] target(s) in 5.99s
     Running unittests src/lib.rs (/mnt/data/cfmd_pass79_target/release/deps/kernel_aggregate-3eeecf9d9339c8a8)

running 8 tests
test tests::catastrophic_cancellation_is_exact_and_order_independent ... ok
test tests::exact_count_decrement_is_checked_and_demotes_after_big_boundary ... ok
test tests::exact_count_is_mergeable_and_checks_result_range ... ok
test tests::exact_count_promotes_losslessly_when_small_representation_overflows ... ok
test tests::exact_f64_sum_removal_is_an_exact_inverse ... ok
test tests::merge_is_reproducible_across_partitions ... ok
test tests::non_finite_inputs_are_explicitly_rejected ... ok
test tests::subnormal_values_sum_exactly ... ok

test result: ok. 8 passed; 0 failed; 0 ignored; 0 measured; 0 filtered out; finished in 0.00s

     Running unittests src/lib.rs (/mnt/data/cfmd_pass79_target/release/deps/kernel_change-c6bfbf2e2afa1fff)

running 3 tests
test tests::sequence_splice_has_exact_checked_semantics ... ok
test tests::invalid_splice_is_not_silently_clamped ... ok
test tests::set_change_round_trips ... ok

test result: ok. 3 passed; 0 failed; 0 ignored; 0 measured; 0 filtered out; finished in 0.00s

     Running unittests src/lib.rs (/mnt/data/cfmd_pass79_target/release/deps/kernel_grounded_closure-bc328ba7e3982885)

running 6 tests
test tests::deleting_non_witness_rule_does_no_invalidation_work ... ok
test tests::genuine_hyperrule_requires_all_premises ... ok
test tests::groundless_cycle_remains_dead ... ok
test tests::deleting_grounding_seed_kills_self_supported_cycle ... ok
test tests::randomized_solver_matches_naive_and_certificate ... ok
test tests::randomized_mixed_updates_match_full_rebuild ... ok

test result: ok. 6 passed; 0 failed; 0 ignored; 0 measured; 0 filtered out; finished in 0.06s

     Running unittests src/lib.rs (/mnt/data/cfmd_pass79_target/release/deps/kernel_identity-dc390130cf090dc3)

running 5 tests
test tests::bijective_transports_form_a_groupoid_under_composition ... ok
test tests::dense_entity_ids_round_trip_external_identity_without_reusing_semantics ... ok
test tests::dense_entity_set_is_a_compact_exact_local_id_extent ... ok
test tests::split_is_not_identity_transport ... ok
test tests::merge_is_not_identity_transport ... ok

test result: ok. 5 passed; 0 failed; 0 ignored; 0 measured; 0 filtered out; finished in 0.00s

     Running unittests src/lib.rs (/mnt/data/cfmd_pass79_target/release/deps/kernel_lens-4d3dbef60c35fb64)

running 2 tests
test tests::product_field_lens_preserves_complement_and_laws ... ok
test tests::composed_lens_is_lawful ... ok

test result: ok. 2 passed; 0 failed; 0 ignored; 0 measured; 0 filtered out; finished in 0.00s

     Running unittests src/lib.rs (/mnt/data/cfmd_pass79_target/release/deps/kernel_lifecycle-8512a0e7eb4005a5)

running 12 tests
test tests::benchmark_dense_local_id_lifecycle_against_entity_tree_walk ... ignored, diagnostic release benchmark
test tests::benchmark_maintained_dense_lifecycle_local_cut_against_full_tree_recompute ... ignored, diagnostic release benchmark
test tests::dense_local_id_projection_matches_reference_reachability_including_dead_cycle ... ok
test tests::contradictory_fact_edits_are_typed_conflicts ... ok
test tests::maintained_dense_lifecycle_matches_exact_lfp_through_cycle_death_and_resurrection ... ok
test tests::dense_local_id_projection_matches_reference_on_all_three_node_graphs ... ok
test tests::merge_composes_intents_before_gc ... ok
test tests::non_conflicting_intent_merge_is_commutative ... ok
test tests::normalization_is_idempotent ... ok
test tests::exhaustive_small_graphs_normalize_idempotently ... ok
test tests::lifecycle_reference_is_unary_grounded_closure_on_all_three_node_graphs ... ok
test tests::maintained_dense_lifecycle_matches_reference_for_all_single_fact_toggles_on_three_nodes ... ok

test result: ok. 10 passed; 0 failed; 2 ignored; 0 measured; 0 filtered out; finished in 0.01s

     Running unittests src/lib.rs (/mnt/data/cfmd_pass79_target/release/deps/kernel_proof-c0698a8483eedf70)

running 3 tests
test tests::checker_accepts_only_the_exact_filter_fusion_rule ... ok
test tests::checker_rejects_wrong_rewrite_even_if_shape_is_similar ... ok
test tests::optimizer_rewrite_uses_the_same_checked_certificate_boundary ... ok

test result: ok. 3 passed; 0 failed; 0 ignored; 0 measured; 0 filtered out; finished in 0.00s

     Running unittests src/lib.rs (/mnt/data/cfmd_pass79_target/release/deps/kernel_retention-2b033122be1983a1)

running 3 tests
test tests::branch_condition_taints_result_through_pc_label ... ok
test tests::explicit_dataflow_joins_retention_labels ... ok
test tests::overflow_is_explicit_in_tracked_arithmetic ... ok

test result: ok. 3 passed; 0 failed; 0 ignored; 0 measured; 0 filtered out; finished in 0.00s

     Running unittests src/lib.rs (/mnt/data/cfmd_pass79_target/release/deps/kernel_schema-d1cb0ed98f0b1b84)

running 10 tests
test tests::context_requires_all_semantic_modules_referenced_by_schema ... ok
test tests::naked_recursive_variable_is_rejected ... ok
test tests::free_type_variable_is_rejected ... ok
test tests::open_capability_is_not_closed_sum ... ok
test tests::rename_preserves_semantic_identity ... ok
test tests::semantic_environment_is_explicitly_versioned ... ok
test tests::set_relation_requires_one_equivalence_per_column ... ok
test tests::recursive_document_type_is_guarded_and_valid ... ok
test tests::subtype_diamond_is_coherent_but_cycles_are_rejected ... ok
test tests::subtype_adjacency_matches_direct_relation_scan_reference ... ok

test result: ok. 10 passed; 0 failed; 0 ignored; 0 measured; 0 filtered out; finished in 0.00s

     Running unittests src/lib.rs (/mnt/data/cfmd_pass79_target/release/deps/kernel_types-0e5d97c15e95c140)

running 0 tests

test result: ok. 0 passed; 0 failed; 0 ignored; 0 measured; 0 filtered out; finished in 0.00s

