   Compiling kernel-plan v0.1.0 (/mnt/data/cfmd_pass79_work/crates/kernel-plan)
   Compiling kernel-integration v0.1.0 (/mnt/data/cfmd_pass79_work/crates/kernel-integration)
    Finished `release` profile [optimized] target(s) in 15.04s
     Running unittests src/lib.rs (/mnt/data/cfmd_pass79_target/release/deps/kernel_durability-df10edd87c26bcda)

running 39 tests
test metadata::tests::metadata_v4_decodes_without_physical_artifact_manifest ... ok
test metadata::tests::i64_recipe_collapse_preserves_manual_pin ... ok
test checkpoint::tests::full_revision_checkpoint_codec_roundtrips_schema_semantics_lifecycle_and_model ... ok
test metadata::tests::metadata_roundtrip_covers_all_current_query_variants_and_transactions ... ok
test metadata::tests::physical_artifact_recipe_collapse_preserves_manual_pin ... ok
test metadata::tests::physical_artifact_recipe_v1_remains_decodable ... ok
test metadata::tests::physical_artifact_recipe_version_is_fail_closed ... ok
test store::tests::crash_worker_checkpoint_rotation ... ok
test store::tests::crash_worker_compaction ... ok
test store::tests::crash_worker_wal_boundary ... ok
test store::tests::compaction_keeps_only_active_generation_artifacts ... ok
test store::tests::checkpoint_rotation_publishes_new_generation_and_resets_wal_base ... ok
test store::tests::published_manifest_with_missing_wal_is_corruption_not_empty_segment ... ok
test store::tests::published_manifest_requires_exact_durable_metadata_sidecar ... ok
test store::tests::store_reopens_exact_checkpoint_and_committed_wal_tail ... ok
test store::tests::published_manifest_does_not_fallback_when_checkpoint_is_corrupt ... ok

running 1 test

running 1 test

running 1 test

running 1 test
test store::tests::subprocess_kill_after_commit_recovers_committed_head_without_ack ... ok
test store::tests::subprocess_kill_after_prepare_recovers_previous_committed_head ... ok
test tests::crc32c_known_vector ... ok
test tests::create_never_truncates_an_existing_wal ... ok
test tests::duplicate_identical_prepare_and_commit_are_idempotent ... ok
test tests::durable_prepare_without_commit_is_not_visible ... ok

running 1 test
test store::tests::unpublished_orphan_generation_is_ignored_and_next_rotation_skips_it ... ok
test tests::every_prefix_exposes_only_durable_commits ... ok
test tests::file_open_recovered_truncates_safe_torn_tail_and_continues_lsn ... ok
test tests::full_revision_prepare_payload_roundtrips_and_revalidates_target ... ok
test tests::mutation_codec_v2_relation_data_remains_readable ... ok

running 1 test
test tests::every_single_bit_corruption_of_committed_stream_is_rejected ... ok
test tests::scanner_distinguishes_short_garbage_tail_from_hidden_full_frame ... ok
test tests::scanner_rejects_commit_whose_source_is_not_durable_head ... ok
test tests::scanner_rejects_conflicting_duplicate_commit ... ok
test tests::scanner_rejects_conflicting_duplicate_prepare ... ok
test tests::scanner_rejects_non_monotone_lsn_even_with_valid_checksums ... ok
test tests::scanner_rejects_same_target_transaction_reuse_with_different_delta ... ok
test tests::scanner_rejects_transaction_id_reuse_for_different_prepare ... ok
test tests::value_codec_roundtrips_all_shapes ... ok
test tests::relation_data_intent_and_prepare_scale_with_delta_not_target_snapshot ... ok

running 1 test

running 1 test
test store::tests::subprocess_kill_during_compaction_never_removes_active_generation ... ok

running 1 test

running 1 test

running 1 test

running 1 test
test store::tests::subprocess_kill_checkpoint_manifest_matrix_preserves_authority_boundary ... ok

test result: ok. 39 passed; 0 failed; 0 ignored; 0 measured; 0 filtered out; finished in 0.05s

     Running unittests src/lib.rs (/mnt/data/cfmd_pass79_target/release/deps/kernel_integration-ead23ec6002931df)

running 1 test
test tests::vertical_slice_preserves_semantics_across_layers ... ok

test result: ok. 1 passed; 0 failed; 0 ignored; 0 measured; 0 filtered out; finished in 0.00s

