   Compiling kernel-query v0.1.0 (/mnt/data/cfmd_pass79_work/crates/kernel-query)
   Compiling kernel-fixpoint v0.1.0 (/mnt/data/cfmd_pass79_work/crates/kernel-fixpoint)
   Compiling kernel-semantics v0.1.0 (/mnt/data/cfmd_pass79_work/crates/kernel-semantics)
   Compiling kernel-model v0.1.0 (/mnt/data/cfmd_pass79_work/crates/kernel-model)
   Compiling kernel-semantic-index v0.1.0 (/mnt/data/cfmd_pass79_work/crates/kernel-semantic-index)
    Finished `release` profile [optimized] target(s) in 11.26s
     Running unittests src/lib.rs (/mnt/data/cfmd_pass79_target/release/deps/kernel_fixpoint-a4c3ab101ea2acce)

running 5 tests
test tests::checker_rejects_closed_but_nonleast_superset_without_witness ... ok
test tests::checker_rejects_nonclosed_candidate ... ok
test tests::solver_emits_checkable_least_fixpoint_certificate ... ok
test tests::generic_solver_boundary_exposes_only_checked_certificate_after_verification ... ok
test tests::adjacency_lowering_preserves_relation_scan_certificate_exactly ... ok

test result: ok. 5 passed; 0 failed; 0 ignored; 0 measured; 0 filtered out; finished in 0.00s

     Running unittests src/lib.rs (/mnt/data/cfmd_pass79_target/release/deps/kernel_model-1ab27cc6cd868671)

running 9 tests
test tests::database_state_clone_path_copies_only_the_mutated_relation ... ok
test tests::historical_identity_may_outlive_entity ... ok
test tests::normalization_removes_dead_entities_from_carriers_and_owned_fields ... ok
test tests::relation_sensitivity_recompile_shares_unaffected_partitions ... ok
test tests::set_and_map_equality_are_explicit_semantic_inputs ... ok
test tests::reverse_live_ref_sensitivity_indexes_nested_fields_and_relation_rows ... ok
test tests::structural_values_are_identity_free_until_reference_is_explicit ... ok
test tests::indexed_lifecycle_restriction_preserves_previous_dangling_reference_semantics ... ok
test tests::surviving_entity_cannot_keep_dangling_live_reference ... ok

test result: ok. 9 passed; 0 failed; 0 ignored; 0 measured; 0 filtered out; finished in 0.00s

     Running unittests src/lib.rs (/mnt/data/cfmd_pass79_target/release/deps/kernel_query-7b8f7cce65925a72)

running 73 tests
test relational_tests::coarser_query_equality_is_safe_over_finer_relation_equality ... ok
test relational_tests::canonical_relation_multiset_matches_reference_for_structural_composite_rows ... ok
test relational_tests::composite_primitive_group_uses_semantic_index_and_matches_recompute ... ok
test relational_tests::distinct_supports_schema_derived_structural_product_equality ... ok
test relational_tests::equality_operators_reject_representative_observing_refinements ... ok
test relational_tests::exact_f64_group_sum_is_reproducible_and_semantically_typed ... ok
test relational_tests::exact_f64_group_sum_rejects_non_finite_input_explicitly ... ok
test relational_tests::exact_query_typecheck_rejects_ambiguous_untyped_constant_but_accepts_annotated_one ... ok
test relational_tests::filter_and_distinct_use_semantic_equality_not_rust_equality ... ok
test relational_tests::filter_accepts_guarded_recursive_literal_with_recursive_equivalence ... ok
test relational_tests::filter_rejects_equality_that_can_observe_relation_representatives ... ok
test relational_tests::filter_accepts_structural_option_literal_with_derived_equivalence ... ok
test relational_tests::filter_rejects_reference_literal_with_wrong_nominal_type_before_execution ... ok
test relational_tests::generic_group_count_respects_semantic_group_equality ... ok
test relational_tests::generic_group_count_uses_monoid_identity_for_empty_global_group ... ok
test relational_tests::join_preserves_bag_multiplicity_and_uses_pinned_equality ... ok
test relational_tests::join_rejects_unrelated_entity_reference_types ... ok
test relational_tests::long_lived_materialized_distinct_state_survives_sequential_model_changes ... ok
test relational_tests::maintained_plan_clone_uses_cow_and_isolates_mutation ... ok
test relational_tests::long_lived_materialized_project_state_survives_sequential_model_changes ... ok
test relational_tests::materialized_exact_f64_group_state_matches_recompute_with_deletions ... ok
test relational_tests::materialized_global_group_count_preserves_empty_identity_row ... ok
test relational_tests::materialized_f64_total_top_k_uses_order_index_across_hostile_values ... ok
test relational_tests::materialized_group_input_delta_rejects_malformed_or_underflowing_change_atomically ... ok
test relational_tests::materialized_group_count_state_matches_recompute_across_sequential_changes ... ok
test relational_tests::materialized_i64_count_fast_path_matches_recompute_sequentially ... ok
test relational_tests::materialized_join_generic_preserves_ascii_ci_semantics ... ok
test relational_tests::materialized_i64_top_k_matches_recompute_across_threshold_and_tie_changes ... ok
test relational_tests::materialized_join_i64_two_sided_delta_matches_recompute_and_is_atomic ... ok
test relational_tests::materialized_set_support_state_is_context_bound_and_atomic_on_error ... ok
test relational_tests::materialized_set_support_state_updates_without_rebuilding_old_rows ... ok
test relational_tests::materialized_support_state_matches_set_projection_oracle_over_all_small_transitions ... ok
test relational_tests::materialized_top_k_generic_text_ordering_preserves_semantic_ties ... ok
test relational_tests::optimized_bag_project_cancels_projected_replacement_pairs ... ok
test relational_tests::materialized_top_k_rejects_missing_removal_atomically ... ok
test relational_tests::materialized_support_state_matches_distinct_oracle_over_all_small_transitions ... ok
test relational_tests::optimized_delta_matches_oracle_over_small_hostile_bag_state_space ... ok
test relational_tests::optimized_distinct_support_counts_survive_duplicate_removal ... ok
test relational_tests::optimized_global_group_count_handles_empty_identity_transitions ... ok
test relational_tests::optimized_distinct_matches_oracle_over_small_hostile_state_space ... ok
test relational_tests::optimized_exact_f64_group_local_replay_matches_oracle ... ok
test relational_tests::optimized_group_count_local_replay_matches_oracle_across_group_birth_and_death ... ok
test relational_tests::optimized_join_local_replay_matches_oracle_over_two_sided_state_space ... ok
test relational_tests::optimized_promote_to_bag_transports_input_delta ... ok
test relational_tests::optimized_scan_filter_project_delta_matches_recompute_oracle ... ok
test relational_tests::optimized_set_project_uses_support_counts_when_projection_hides_a_removal ... ok
test relational_tests::owned_join_group_top_k_tree_matches_recompute_across_leaf_deltas ... ok
test relational_tests::optimized_top_k_local_replay_matches_oracle_across_threshold_changes ... ok
test relational_tests::optimized_set_project_matches_oracle_over_small_support_state_space ... ok
test relational_tests::pass55_canonical_relation_multiset_benchmark ... ignored, diagnostic benchmark; run explicitly in release mode
test relational_tests::prepared_query_pins_full_semantic_context_not_only_revision_numbers ... ok
test relational_tests::prepared_semantic_query_can_rebind_across_same_contract_implementation_upgrade ... ok
test relational_tests::optimized_composed_set_distinct_join_promote_pipeline_matches_oracle ... ok
test relational_tests::recursive_maintained_plan_supports_distinct_and_promote_to_bag ... ok
test relational_tests::recursive_maintained_plan_owns_nontrivial_join_group_top_k_tree ... ok
test relational_tests::relational_bag_impact_detects_multiplicity_change ... ok
test relational_tests::relational_bag_impact_ignores_physical_row_order ... ok
test relational_tests::relational_impact_uses_bag_semantics_not_rust_row_representation ... ok
test relational_tests::scan_preserves_set_semantics_from_schema ... ok
test relational_tests::storage_resolved_removal_rejects_handle_payload_mismatch ... ok
test relational_tests::structural_and_primitive_group_uses_canonical_lookup_and_matches_recompute ... ok
test relational_tests::structural_join_equivalence_uses_canonical_index_and_delta_matches_oracle ... ok
test relational_tests::top_k_rejects_ordering_with_wrong_semantic_domain_before_execution ... ok
test relational_tests::top_k_requires_ordering_congruent_with_relation_equality ... ok
test relational_tests::top_k_with_ties_is_exact_without_observing_physical_row_order ... ok
test relational_tests::typecheck_rejects_wrong_constant_type_on_empty_relation ... ok
test relational_tests::typecheck_rejects_wrong_equality_even_for_empty_relation ... ok
test tests::impact_can_certify_unchanged_result_without_host_callback ... ok
test tests::logical_errors_are_deterministic_values_of_query_semantics ... ok
test tests::integer_overflow_is_not_plan_dependent_wraparound ... ok
test tests::optimized_sequence_length_delta_matches_from_scratch ... ok
test tests::universal_derivative_satisfies_from_scratch_law ... ok
test relational_tests::semantic_indexed_join_accepts_same_call_remove_insert_replacement ... ok

test result: ok. 72 passed; 0 failed; 1 ignored; 0 measured; 0 filtered out; finished in 0.01s

     Running unittests examples/maintained_group_bench.rs (/mnt/data/cfmd_pass79_target/release/examples/maintained_group_bench-dbce696d3b1e1cc5)

running 0 tests

test result: ok. 0 passed; 0 failed; 0 ignored; 0 measured; 0 filtered out; finished in 0.00s

     Running unittests examples/maintained_state_tree_bench.rs (/mnt/data/cfmd_pass79_target/release/examples/maintained_state_tree_bench-90ce6410cc05ff7c)

running 0 tests

test result: ok. 0 passed; 0 failed; 0 ignored; 0 measured; 0 filtered out; finished in 0.00s

     Running unittests examples/maintained_top_k_bench.rs (/mnt/data/cfmd_pass79_target/release/examples/maintained_top_k_bench-0b4b2366abf96f2c)

running 0 tests

test result: ok. 0 passed; 0 failed; 0 ignored; 0 measured; 0 filtered out; finished in 0.00s

     Running unittests examples/semantic_index_join_bench.rs (/mnt/data/cfmd_pass79_target/release/examples/semantic_index_join_bench-0effd5e69b4354d1)

running 0 tests

test result: ok. 0 passed; 0 failed; 0 ignored; 0 measured; 0 filtered out; finished in 0.00s

     Running unittests src/lib.rs (/mnt/data/cfmd_pass79_target/release/deps/kernel_revision-a33896cb821da8c5)

running 6 tests
test tests::relation_update_reuses_revision_local_derivatives_and_rejects_static_changes ... ok
test tests::construction_always_runs_registry_and_typed_validation ... ok
test tests::certified_relation_update_revalidates_the_pinned_semantic_registry ... ok
test tests::certified_relation_update_matches_full_normalization_for_dangling_live_ref_rows ... ok
test tests::revision_owns_one_shared_dense_identity_projection_for_physical_derivatives ... ok
test tests::revision_pins_full_context_not_only_numeric_ids ... ok

test result: ok. 6 passed; 0 failed; 0 ignored; 0 measured; 0 filtered out; finished in 0.00s

     Running unittests src/lib.rs (/mnt/data/cfmd_pass79_target/release/deps/kernel_semantic_index-321b3308708491fa)

running 7 tests
test tests::binding_rejects_revision_digest_and_encoding_mismatch ... ok
test tests::binding_rejects_same_nominal_revision_with_changed_structural_definition ... ok
test tests::bucket_preserves_identity_insertion_order_and_same_key_reinsert_is_stable ... ok
test tests::compatibility_reports_exact_rebuild_reason ... ok
test tests::duplicate_bucket_membership_and_reverse_map_are_exact ... ok
test tests::rebinding_identity_removes_dead_bucket ... ok
test tests::retained_size_estimate_accounts_for_bucket_and_reverse_payloads ... ok

test result: ok. 7 passed; 0 failed; 0 ignored; 0 measured; 0 filtered out; finished in 0.00s

     Running unittests src/lib.rs (/mnt/data/cfmd_pass79_target/release/deps/kernel_semantics-c5ef5854e04ab37a)

running 54 tests
test anchor_pullback::tests::apnf_is_bound_to_one_observable_catalog_realization ... ok
test anchor_pullback::tests::determinant_closure_handles_true_hypercycle_without_unary_scc_assumption ... ok
test anchor_pullback::tests::apnf_keeps_redundant_direct_morphism_and_can_prove_branch_free_anchor ... ok
test anchor_pullback::tests::finite_factor_derives_ordered_hyper_determinant_morphism_without_unary_special_case ... ok
test anchor_pullback::tests::finite_factor_rejects_non_functional_projection_and_preserves_duplicate_weight ... ok
test anchor_pullback::tests::value_saturation_is_confluent_and_rejects_conflicting_exact_images ... ok
test anchor_pullback::tests::weighted_anchor_factorization_is_lossless_and_inclusion_minimal ... ok
test observable::tests::materialized_morphisms_compose_without_changing_semantic_revision ... ok
test observable::tests::morphism_ir_is_nary_to_mary_and_rejects_non_functions ... ok
test observable::tests::observable_registration_is_pinned_to_one_semantic_revision ... ok
test observable::tests::independent_catalogs_cannot_alias_revision_local_observable_or_class_ids ... ok
test observable::tests::product_observable_is_revision_local_exact_meet_coordinate ... ok
test support_atom::tests::deletion_removes_empty_atoms_but_preserves_other_projection_members ... ok
test support_atom::tests::foreign_catalog_product_class_is_rejected_even_for_same_revision ... ok
test tests::bound_primitive_predicate_preserves_resolved_equivalence_contract ... ok
test support_atom::tests::support_atoms_are_product_classes_and_factor_projected_fibers ... ok
test tests::builtin_equivalence_modules_satisfy_equivalence_laws_on_hostile_samples ... ok
test tests::builtin_module_spec_roundtrips_exact_implementation_revision ... ok
test tests::canonical_entity_equality_keys_match_builtin_contracts ... ok
test tests::canonical_eq_key_codec_rejects_noncanonical_and_hostile_lengths ... ok
test tests::canonical_eq_key_v2_has_golden_bytes_independent_of_rust_layout ... ok
test tests::canonical_eq_key_codec_roundtrips_recursive_structures_and_rejects_version_drift ... ok
test tests::canonical_equality_keys_match_every_builtin_primitive_contract ... ok
test tests::canonical_order_keys_match_every_builtin_ordering_contract ... ok
test tests::coarse_unordered_structural_keys_use_canonical_finite_measures ... ok
test anchor_pullback::tests::closure_worklist_scales_with_incidence_not_rule_scan_rounds ... ok
test tests::equality_is_resolved_through_pinned_digest_not_host_ord ... ok
test tests::f64_key_equality_is_total_bitwise_not_ieee_partial_equality ... ok
test tests::f64_total_order_is_defined_for_signed_zero_and_nan ... ok
test tests::implementation_revision_changes_digest_without_changing_semantic_contract ... ok
test tests::nominal_entity_equivalence_rejects_wrong_runtime_type ... ok
test tests::guarded_recursive_equivalence_has_canonical_mu_domain_and_terminates_on_values ... ok
test tests::ordering_compatibility_requires_a_checked_law_certificate ... ok
test tests::ordering_congruence_is_explicit_and_not_inferred_from_matching_scalar_type ... ok
test tests::ordering_implementation_upgrade_preserves_contract_but_contract_change_does_not ... ok
test tests::ordering_is_versioned_semantics_not_host_iteration_order ... ok
test tests::recursive_equivalence_refinement_is_checked_coinductively_through_mu_binders ... ok
test tests::registry_validates_every_pinned_environment_module_not_only_schema_dependencies ... ok
test tests::recursive_equivalence_rejects_unguarded_and_free_variables ... ok
test tests::semantic_implementation_install_requires_contract_bound_checked_certificate ... ok
test tests::semantic_work_estimate_distinguishes_payload_and_nested_structure ... ok
test tests::set_rejects_semantic_duplicates_even_when_rust_values_differ ... ok
test tests::structural_canonical_dependency_closure_tracks_only_primitive_leaf_digests ... ok
test tests::structural_collection_equivalences_are_compositional ... ok
test tests::structural_equivalence_cycle_is_rejected_before_data_exists ... ok
test tests::structural_equivalence_refinement_is_compositional_and_directional ... ok
test tests::structural_option_and_sum_equivalence_are_compositional ... ok
test tests::structural_product_equivalence_is_schema_derived_and_compositional ... ok
test tests::structural_collection_keys_match_equivalence_oracle ... ok
test tests::tokenizer_digest_cannot_masquerade_as_equality_module ... ok
test tests::structural_product_option_and_sum_keys_match_equivalence_oracle ... ok
test tests::tokenizer_implementation_revision_preserves_contract_but_contract_change_does_not ... ok
test tests::tokenizer_is_versioned_semantics_not_ambient_library_behavior ... ok
test tests::f64_total_canonical_key_matches_total_cmp_on_many_bit_patterns ... ok

test result: ok. 54 passed; 0 failed; 0 ignored; 0 measured; 0 filtered out; finished in 0.00s

     Running unittests src/lib.rs (/mnt/data/cfmd_pass79_target/release/deps/kernel_transport-a62fdf0fa35cc009)

running 21 tests
test tests::adding_query_visible_module_is_conservative_but_removing_it_is_not ... ok
test tests::changed_law_is_not_misclassified_as_implementation_upgrade ... ok
test tests::environment_transport_compares_query_visible_modules_even_when_schema_does_not_use_them ... ok
test tests::bijective_identity_transport_rewrites_lifecycle_carriers_and_nested_references_coherently ... ok
test tests::field_transport_cannot_silently_reinterpret_semantic_environment ... ok
test tests::genuine_semantic_law_migration_has_no_generic_relational_impact_invariance ... ok
test tests::historical_ids_must_be_covered_by_identity_retention_domain ... ok
test tests::impact_commutes_with_bijective_identity_transport ... ok
test tests::implementation_upgrade_with_same_contract_is_identity_transport ... ok
test tests::relational_impact_is_preserved_by_identity_like_semantic_context_transports ... ok
test tests::rename_and_revision_bump_transport_without_data_migration ... ok
test tests::relational_impact_commutes_with_bijective_identity_transport ... ok
test tests::retention_domain_mapping_does_not_resurrect_non_live_ids ... ok
test tests::semantic_environment_transport_is_generic_across_ordering_modules ... ok
test tests::semantic_environment_transport_is_generic_across_tokenizer_modules ... ok
test tests::typed_relation_transport_checks_full_set_bag_semantics ... ok
test tests::typed_field_transport_reuses_exact_query_ir_and_rebuilds_trusted_revision ... ok
test tests::law_migration_revalidates_target_instead_of_silently_collapsing_set_rows ... ok
test tests::typed_transport_rejects_transform_whose_output_type_disagrees_with_target ... ok
test tests::typed_relation_transport_reuses_relational_query_ir ... ok
test tests::semantic_type_change_is_not_definitional_transport ... ok

test result: ok. 21 passed; 0 failed; 0 ignored; 0 measured; 0 filtered out; finished in 0.00s

     Running unittests src/lib.rs (/mnt/data/cfmd_pass79_target/release/deps/kernel_validation-2420c0d88cae585e)

running 11 tests
test tests::benchmark_dense_type_extent_membership_against_carrier_scan ... ignored, diagnostic release benchmark
test tests::product_shape_is_keyed_by_semantic_field_id ... ok
test tests::dense_type_extents_match_subtype_membership_and_overlap ... ok
test tests::empty_set_relation_still_rejects_wrong_column_equivalence_domain ... ok
test tests::set_relation_rejects_semantically_duplicate_rows ... ok
test tests::equality_domain_is_checked_even_for_singleton_collection ... ok
test tests::validation_accepts_subtype_owner_through_dense_extent ... ok
test tests::unit_is_a_real_schema_type_not_an_untyped_runtime_sentinel ... ok
test tests::well_typed_model_validates ... ok
test tests::wrong_field_type_is_rejected ... ok
test tests::structural_product_equivalence_validates_composite_set_keys ... ok

test result: ok. 10 passed; 0 failed; 1 ignored; 0 measured; 0 filtered out; finished in 0.00s

     Running unittests src/lib.rs (/mnt/data/cfmd_pass79_target/release/deps/storage_memory-153da43acf57f006)

running 16 tests
test tests::commit_rejects_pinned_but_uninstalled_semantic_module_even_when_empty ... ok
test tests::criss_cross_history_exposes_ambiguous_merge_base_instead_of_guessing ... ok
test tests::commit_normalizes_lifecycle_and_pins_semantics ... ok
test tests::bijective_identity_edge_becomes_mergeable_after_intent_conjugation ... ok
test tests::definitional_transport_is_an_identity_data_rewrite_inside_lca_merge ... ok
test tests::diamond_has_unique_merge_base ... ok
test tests::conservative_environment_extension_is_transparent_only_toward_extended_context ... ok
test tests::genuine_semantic_law_migration_is_not_transparent_to_lifecycle_history ... ok
test tests::identical_revision_numbers_cannot_alias_different_schema_contents ... ok
test tests::equivalent_semantic_implementation_transport_is_transparent_to_lifecycle_merge ... ok
test tests::lifecycle_merge_uses_semantic_intents_from_lca_not_pruned_snapshots ... ok
test tests::identity_retention_domain_preserves_gc_pruned_atom_for_cross_branch_rescue ... ok
test tests::same_semantic_context_requires_explicit_identity_coordinate_choice ... ok
test tests::lifecycle_rewrite_cannot_silently_cross_semantic_revision ... ok
test tests::snapshot_commit_also_requires_explicit_semantic_transport ... ok
test tests::typed_field_transport_commits_as_first_class_revision_edge ... ok

test result: ok. 16 passed; 0 failed; 0 ignored; 0 measured; 0 filtered out; finished in 0.00s

