=== RELEASE BUILD ===
   Compiling kernel-fixpoint v0.1.0 (/mnt/data/cfmd_pass28_work/cfmd_workspace_pass28/crates/kernel-fixpoint)
   Compiling kernel-lens v0.1.0 (/mnt/data/cfmd_pass28_work/cfmd_workspace_pass28/crates/kernel-lens)
   Compiling kernel-integration v0.1.0 (/mnt/data/cfmd_pass28_work/cfmd_workspace_pass28/crates/kernel-integration)
    Finished `release` profile [optimized] target(s) in 0.52s
=== STRICT RUSTDOC ===
 Documenting kernel-query v0.1.0 (/mnt/data/cfmd_pass28_work/cfmd_workspace_pass28/crates/kernel-query)
 Documenting kernel-plan v0.1.0 (/mnt/data/cfmd_pass28_work/cfmd_workspace_pass28/crates/kernel-plan)
 Documenting storage-memory v0.1.0 (/mnt/data/cfmd_pass28_work/cfmd_workspace_pass28/crates/storage-memory)
 Documenting kernel-integration v0.1.0 (/mnt/data/cfmd_pass28_work/cfmd_workspace_pass28/crates/kernel-integration)
 Documenting kernel-transport v0.1.0 (/mnt/data/cfmd_pass28_work/cfmd_workspace_pass28/crates/kernel-transport)
 Documenting kernel-revision v0.1.0 (/mnt/data/cfmd_pass28_work/cfmd_workspace_pass28/crates/kernel-revision)
 Documenting kernel-validation v0.1.0 (/mnt/data/cfmd_pass28_work/cfmd_workspace_pass28/crates/kernel-validation)
 Documenting kernel-semantics v0.1.0 (/mnt/data/cfmd_pass28_work/cfmd_workspace_pass28/crates/kernel-semantics)
 Documenting kernel-fixpoint v0.1.0 (/mnt/data/cfmd_pass28_work/cfmd_workspace_pass28/crates/kernel-fixpoint)
 Documenting kernel-lens v0.1.0 (/mnt/data/cfmd_pass28_work/cfmd_workspace_pass28/crates/kernel-lens)
 Documenting kernel-model v0.1.0 (/mnt/data/cfmd_pass28_work/cfmd_workspace_pass28/crates/kernel-model)
 Documenting kernel-identity v0.1.0 (/mnt/data/cfmd_pass28_work/cfmd_workspace_pass28/crates/kernel-identity)
 Documenting kernel-retention v0.1.0 (/mnt/data/cfmd_pass28_work/cfmd_workspace_pass28/crates/kernel-retention)
 Documenting kernel-lifecycle v0.1.0 (/mnt/data/cfmd_pass28_work/cfmd_workspace_pass28/crates/kernel-lifecycle)
 Documenting kernel-schema v0.1.0 (/mnt/data/cfmd_pass28_work/cfmd_workspace_pass28/crates/kernel-schema)
 Documenting kernel-aggregate v0.1.0 (/mnt/data/cfmd_pass28_work/cfmd_workspace_pass28/crates/kernel-aggregate)
 Documenting kernel-types v0.1.0 (/mnt/data/cfmd_pass28_work/cfmd_workspace_pass28/crates/kernel-types)
 Documenting kernel-proof v0.1.0 (/mnt/data/cfmd_pass28_work/cfmd_workspace_pass28/crates/kernel-proof)
 Documenting kernel-change v0.1.0 (/mnt/data/cfmd_pass28_work/cfmd_workspace_pass28/crates/kernel-change)
    Finished `dev` profile [unoptimized + debuginfo] target(s) in 2.72s
   Generated /mnt/data/cfmd_pass28_work/cfmd_workspace_pass28/target/doc/kernel_aggregate/index.html and 18 other files
=== RELEASE TESTS WITH OVERFLOW CHECKS ===
   Compiling kernel-types v0.1.0 (/mnt/data/cfmd_pass28_work/cfmd_workspace_pass28/crates/kernel-types)
   Compiling kernel-proof v0.1.0 (/mnt/data/cfmd_pass28_work/cfmd_workspace_pass28/crates/kernel-proof)
   Compiling kernel-aggregate v0.1.0 (/mnt/data/cfmd_pass28_work/cfmd_workspace_pass28/crates/kernel-aggregate)
   Compiling kernel-change v0.1.0 (/mnt/data/cfmd_pass28_work/cfmd_workspace_pass28/crates/kernel-change)
   Compiling kernel-lifecycle v0.1.0 (/mnt/data/cfmd_pass28_work/cfmd_workspace_pass28/crates/kernel-lifecycle)
   Compiling kernel-schema v0.1.0 (/mnt/data/cfmd_pass28_work/cfmd_workspace_pass28/crates/kernel-schema)
   Compiling kernel-identity v0.1.0 (/mnt/data/cfmd_pass28_work/cfmd_workspace_pass28/crates/kernel-identity)
   Compiling kernel-retention v0.1.0 (/mnt/data/cfmd_pass28_work/cfmd_workspace_pass28/crates/kernel-retention)
   Compiling kernel-model v0.1.0 (/mnt/data/cfmd_pass28_work/cfmd_workspace_pass28/crates/kernel-model)
   Compiling kernel-semantics v0.1.0 (/mnt/data/cfmd_pass28_work/cfmd_workspace_pass28/crates/kernel-semantics)
   Compiling kernel-fixpoint v0.1.0 (/mnt/data/cfmd_pass28_work/cfmd_workspace_pass28/crates/kernel-fixpoint)
   Compiling kernel-query v0.1.0 (/mnt/data/cfmd_pass28_work/cfmd_workspace_pass28/crates/kernel-query)
   Compiling kernel-plan v0.1.0 (/mnt/data/cfmd_pass28_work/cfmd_workspace_pass28/crates/kernel-plan)
   Compiling kernel-validation v0.1.0 (/mnt/data/cfmd_pass28_work/cfmd_workspace_pass28/crates/kernel-validation)
   Compiling kernel-revision v0.1.0 (/mnt/data/cfmd_pass28_work/cfmd_workspace_pass28/crates/kernel-revision)
   Compiling kernel-transport v0.1.0 (/mnt/data/cfmd_pass28_work/cfmd_workspace_pass28/crates/kernel-transport)
   Compiling storage-memory v0.1.0 (/mnt/data/cfmd_pass28_work/cfmd_workspace_pass28/crates/storage-memory)
   Compiling kernel-integration v0.1.0 (/mnt/data/cfmd_pass28_work/cfmd_workspace_pass28/crates/kernel-integration)
   Compiling kernel-lens v0.1.0 (/mnt/data/cfmd_pass28_work/cfmd_workspace_pass28/crates/kernel-lens)
