   Compiling kernel-types v0.1.0 (/mnt/data/pass66_work/crates/kernel-types)
   Compiling kernel-proof v0.1.0 (/mnt/data/pass66_work/crates/kernel-proof)
   Compiling kernel-aggregate v0.1.0 (/mnt/data/pass66_work/crates/kernel-aggregate)
   Compiling kernel-change v0.1.0 (/mnt/data/pass66_work/crates/kernel-change)
   Compiling kernel-schema v0.1.0 (/mnt/data/pass66_work/crates/kernel-schema)
   Compiling kernel-identity v0.1.0 (/mnt/data/pass66_work/crates/kernel-identity)
   Compiling kernel-retention v0.1.0 (/mnt/data/pass66_work/crates/kernel-retention)
   Compiling kernel-lifecycle v0.1.0 (/mnt/data/pass66_work/crates/kernel-lifecycle)
   Compiling kernel-model v0.1.0 (/mnt/data/pass66_work/crates/kernel-model)
   Compiling kernel-semantics v0.1.0 (/mnt/data/pass66_work/crates/kernel-semantics)
   Compiling kernel-semantic-index v0.1.0 (/mnt/data/pass66_work/crates/kernel-semantic-index)
   Compiling kernel-query v0.1.0 (/mnt/data/pass66_work/crates/kernel-query)
   Compiling kernel-validation v0.1.0 (/mnt/data/pass66_work/crates/kernel-validation)
   Compiling kernel-revision v0.1.0 (/mnt/data/pass66_work/crates/kernel-revision)
   Compiling kernel-durability v0.1.0 (/mnt/data/pass66_work/crates/kernel-durability)
   Compiling kernel-plan v0.1.0 (/mnt/data/pass66_work/crates/kernel-plan)
   Compiling kernel-transport v0.1.0 (/mnt/data/pass66_work/crates/kernel-transport)
   Compiling storage-memory v0.1.0 (/mnt/data/pass66_work/crates/storage-memory)
   Compiling kernel-lens v0.1.0 (/mnt/data/pass66_work/crates/kernel-lens)
   Compiling kernel-integration v0.1.0 (/mnt/data/pass66_work/crates/kernel-integration)
