== cargo build --workspace --release ==
   Compiling kernel-fixpoint v0.1.0 (/mnt/data/cfmd_pass31_work/cfmd_workspace_pass31/crates/kernel-fixpoint)
   Compiling kernel-lens v0.1.0 (/mnt/data/cfmd_pass31_work/cfmd_workspace_pass31/crates/kernel-lens)
   Compiling kernel-integration v0.1.0 (/mnt/data/cfmd_pass31_work/cfmd_workspace_pass31/crates/kernel-integration)
    Finished `release` profile [optimized] target(s) in 0.59s
== strict rustdoc ==
 Documenting kernel-validation v0.1.0 (/mnt/data/cfmd_pass31_work/cfmd_workspace_pass31/crates/kernel-validation)
 Documenting kernel-revision v0.1.0 (/mnt/data/cfmd_pass31_work/cfmd_workspace_pass31/crates/kernel-revision)
 Documenting kernel-query v0.1.0 (/mnt/data/cfmd_pass31_work/cfmd_workspace_pass31/crates/kernel-query)
 Documenting kernel-integration v0.1.0 (/mnt/data/cfmd_pass31_work/cfmd_workspace_pass31/crates/kernel-integration)
 Documenting storage-memory v0.1.0 (/mnt/data/cfmd_pass31_work/cfmd_workspace_pass31/crates/storage-memory)
 Documenting kernel-transport v0.1.0 (/mnt/data/cfmd_pass31_work/cfmd_workspace_pass31/crates/kernel-transport)
 Documenting kernel-plan v0.1.0 (/mnt/data/cfmd_pass31_work/cfmd_workspace_pass31/crates/kernel-plan)
 Documenting kernel-semantics v0.1.0 (/mnt/data/cfmd_pass31_work/cfmd_workspace_pass31/crates/kernel-semantics)
 Documenting kernel-lens v0.1.0 (/mnt/data/cfmd_pass31_work/cfmd_workspace_pass31/crates/kernel-lens)
 Documenting kernel-fixpoint v0.1.0 (/mnt/data/cfmd_pass31_work/cfmd_workspace_pass31/crates/kernel-fixpoint)
 Documenting kernel-model v0.1.0 (/mnt/data/cfmd_pass31_work/cfmd_workspace_pass31/crates/kernel-model)
 Documenting kernel-schema v0.1.0 (/mnt/data/cfmd_pass31_work/cfmd_workspace_pass31/crates/kernel-schema)
 Documenting kernel-identity v0.1.0 (/mnt/data/cfmd_pass31_work/cfmd_workspace_pass31/crates/kernel-identity)
 Documenting kernel-retention v0.1.0 (/mnt/data/cfmd_pass31_work/cfmd_workspace_pass31/crates/kernel-retention)
 Documenting kernel-lifecycle v0.1.0 (/mnt/data/cfmd_pass31_work/cfmd_workspace_pass31/crates/kernel-lifecycle)
 Documenting kernel-types v0.1.0 (/mnt/data/cfmd_pass31_work/cfmd_workspace_pass31/crates/kernel-types)
 Documenting kernel-aggregate v0.1.0 (/mnt/data/cfmd_pass31_work/cfmd_workspace_pass31/crates/kernel-aggregate)
 Documenting kernel-proof v0.1.0 (/mnt/data/cfmd_pass31_work/cfmd_workspace_pass31/crates/kernel-proof)
 Documenting kernel-change v0.1.0 (/mnt/data/cfmd_pass31_work/cfmd_workspace_pass31/crates/kernel-change)
    Finished `dev` profile [unoptimized + debuginfo] target(s) in 2.69s
   Generated /mnt/data/cfmd_pass31_work/cfmd_workspace_pass31/target/doc/kernel_aggregate/index.html and 18 other files
