./Cargo.lock: OK
./Cargo.toml: OK
./crates/kernel-aggregate/Cargo.toml: OK
./crates/kernel-aggregate/src/lib.rs: OK
./crates/kernel-auth/Cargo.toml: OK
./crates/kernel-auth/examples/auth_bench.rs: OK
./crates/kernel-auth/src/lib.rs: OK
./crates/kernel-change/Cargo.toml: OK
./crates/kernel-change/src/lib.rs: OK
./crates/kernel-deployment/Cargo.toml: OK
./crates/kernel-deployment/src/lib.rs: OK
./crates/kernel-durability/Cargo.toml: OK
./crates/kernel-durability/src/checkpoint.rs: OK
./crates/kernel-durability/src/freshness_tcp.rs: OK
./crates/kernel-durability/src/lib.rs: OK
./crates/kernel-durability/src/metadata.rs: OK
./crates/kernel-durability/src/replication.rs: OK
./crates/kernel-durability/src/replication_transport.rs: OK
./crates/kernel-durability/src/store.rs: OK
./crates/kernel-durability/src/store/publication_model.rs: OK
./crates/kernel-durability/tests/external_freshness_multiprocess.rs: OK
./crates/kernel-durability/tests/replication_transport_multiprocess.rs: OK
./crates/kernel-fixpoint/Cargo.toml: OK
./crates/kernel-fixpoint/src/lib.rs: OK
./crates/kernel-grounded-closure/Cargo.toml: OK
./crates/kernel-grounded-closure/src/lib.rs: OK
./crates/kernel-identity/Cargo.toml: OK
./crates/kernel-identity/src/lib.rs: OK
./crates/kernel-integration/Cargo.toml: OK
./crates/kernel-integration/src/lib.rs: OK
./crates/kernel-lens/Cargo.toml: OK
./crates/kernel-lens/src/lib.rs: OK
./crates/kernel-lifecycle/Cargo.toml: OK
./crates/kernel-lifecycle/src/lib.rs: OK
./crates/kernel-model/Cargo.toml: OK
./crates/kernel-model/src/lib.rs: OK
./crates/kernel-plan/Cargo.toml: OK
./crates/kernel-plan/examples/delta_update_bench.rs: OK
./crates/kernel-plan/examples/indexed_join_bench.rs: OK
./crates/kernel-plan/examples/lowering_bench.rs: OK
./crates/kernel-plan/examples/persisted_index_bench.rs: OK
./crates/kernel-plan/examples/physical_exec_bench.rs: OK
./crates/kernel-plan/examples/stateful_batch_bench.rs: OK
./crates/kernel-plan/examples/storage_plan_bridge_bench.rs: OK
./crates/kernel-plan/examples/typed_batch_chain_bench.rs: OK
./crates/kernel-plan/src/advisor.rs: OK
./crates/kernel-plan/src/algebraic_native.rs: OK
./crates/kernel-plan/src/lib.rs: OK
./crates/kernel-proof/Cargo.toml: OK
./crates/kernel-proof/src/lib.rs: OK
./crates/kernel-query/Cargo.toml: OK
./crates/kernel-query/examples/maintained_group_bench.rs: OK
./crates/kernel-query/examples/maintained_state_tree_bench.rs: OK
./crates/kernel-query/examples/maintained_top_k_bench.rs: OK
./crates/kernel-query/examples/semantic_index_join_bench.rs: OK
./crates/kernel-query/examples/stage6_chain_bench.rs: OK
./crates/kernel-query/src/delta_abi.rs: OK
./crates/kernel-query/src/execgraph.rs: OK
./crates/kernel-query/src/lib.rs: OK
./crates/kernel-query/src/linear_island.rs: OK
./crates/kernel-query/src/sealed_group_v3.rs: OK
./crates/kernel-query/src/topk_i64.rs: OK
./crates/kernel-retention/Cargo.toml: OK
./crates/kernel-retention/src/lib.rs: OK
./crates/kernel-revision/Cargo.toml: OK
./crates/kernel-revision/src/lib.rs: OK
./crates/kernel-schema/Cargo.toml: OK
./crates/kernel-schema/src/lib.rs: OK
./crates/kernel-semantic-index/Cargo.toml: OK
./crates/kernel-semantic-index/src/lib.rs: OK
./crates/kernel-semantics/Cargo.toml: OK
./crates/kernel-semantics/src/anchor_pullback.rs: OK
./crates/kernel-semantics/src/lib.rs: OK
./crates/kernel-semantics/src/observable.rs: OK
./crates/kernel-semantics/src/support_atom.rs: OK
./crates/kernel-transport/Cargo.toml: OK
./crates/kernel-transport/src/lib.rs: OK
./crates/kernel-types/Cargo.toml: OK
./crates/kernel-types/src/lib.rs: OK
./crates/kernel-validation/Cargo.toml: OK
./crates/kernel-validation/src/lib.rs: OK
./crates/kernel-violation/Cargo.toml: OK
./crates/kernel-violation/src/lib.rs: OK
./crates/storage-memory/Cargo.toml: OK
./crates/storage-memory/src/lib.rs: OK
