PASS36 durable control-plane stress
UTC 2026-09-20T00:09:41Z
iteration 1 client tx/checkpoint/idempotency

running 1 test
.
test result: ok. 1 passed; 0 failed; 0 ignored; 0 measured; 73 filtered out; finished in 0.01s

iteration 1 supervisor recovery

running 1 test
.
test result: ok. 1 passed; 0 failed; 0 ignored; 0 measured; 73 filtered out; finished in 0.00s

iteration 1 subprocess ACK-loss retry

running 1 test

running 1 test
.
test result: ok. 1 passed; 0 failed; 0 ignored; 0 measured; 73 filtered out; finished in 0.01s

iteration 2 client tx/checkpoint/idempotency

running 1 test
.
test result: ok. 1 passed; 0 failed; 0 ignored; 0 measured; 73 filtered out; finished in 0.00s

iteration 2 supervisor recovery

running 1 test
.
test result: ok. 1 passed; 0 failed; 0 ignored; 0 measured; 73 filtered out; finished in 0.00s

iteration 2 subprocess ACK-loss retry

running 1 test

running 1 test
.
test result: ok. 1 passed; 0 failed; 0 ignored; 0 measured; 73 filtered out; finished in 0.01s

iteration 3 client tx/checkpoint/idempotency

running 1 test
.
test result: ok. 1 passed; 0 failed; 0 ignored; 0 measured; 73 filtered out; finished in 0.00s

iteration 3 supervisor recovery

running 1 test
.
test result: ok. 1 passed; 0 failed; 0 ignored; 0 measured; 73 filtered out; finished in 0.00s

iteration 3 subprocess ACK-loss retry

running 1 test

running 1 test
.
test result: ok. 1 passed; 0 failed; 0 ignored; 0 measured; 73 filtered out; finished in 0.01s

iteration 4 client tx/checkpoint/idempotency

running 1 test
.
test result: ok. 1 passed; 0 failed; 0 ignored; 0 measured; 73 filtered out; finished in 0.00s

iteration 4 supervisor recovery

running 1 test
.
test result: ok. 1 passed; 0 failed; 0 ignored; 0 measured; 73 filtered out; finished in 0.00s

iteration 4 subprocess ACK-loss retry

running 1 test

running 1 test
.
test result: ok. 1 passed; 0 failed; 0 ignored; 0 measured; 73 filtered out; finished in 0.01s

iteration 5 client tx/checkpoint/idempotency

running 1 test
.
test result: ok. 1 passed; 0 failed; 0 ignored; 0 measured; 73 filtered out; finished in 0.00s

iteration 5 supervisor recovery

running 1 test
.
test result: ok. 1 passed; 0 failed; 0 ignored; 0 measured; 73 filtered out; finished in 0.00s

iteration 5 subprocess ACK-loss retry

running 1 test

running 1 test
.
test result: ok. 1 passed; 0 failed; 0 ignored; 0 measured; 73 filtered out; finished in 0.01s

iteration 6 client tx/checkpoint/idempotency

running 1 test
.
test result: ok. 1 passed; 0 failed; 0 ignored; 0 measured; 73 filtered out; finished in 0.00s

iteration 6 supervisor recovery

running 1 test
.
test result: ok. 1 passed; 0 failed; 0 ignored; 0 measured; 73 filtered out; finished in 0.00s

iteration 6 subprocess ACK-loss retry

running 1 test

running 1 test
.
test result: ok. 1 passed; 0 failed; 0 ignored; 0 measured; 73 filtered out; finished in 0.01s

iteration 7 client tx/checkpoint/idempotency

running 1 test
.
test result: ok. 1 passed; 0 failed; 0 ignored; 0 measured; 73 filtered out; finished in 0.00s

iteration 7 supervisor recovery

running 1 test
.
test result: ok. 1 passed; 0 failed; 0 ignored; 0 measured; 73 filtered out; finished in 0.00s

iteration 7 subprocess ACK-loss retry

running 1 test

running 1 test
.
test result: ok. 1 passed; 0 failed; 0 ignored; 0 measured; 73 filtered out; finished in 0.01s

iteration 8 client tx/checkpoint/idempotency

running 1 test
.
test result: ok. 1 passed; 0 failed; 0 ignored; 0 measured; 73 filtered out; finished in 0.00s

iteration 8 supervisor recovery

running 1 test
.
test result: ok. 1 passed; 0 failed; 0 ignored; 0 measured; 73 filtered out; finished in 0.00s

iteration 8 subprocess ACK-loss retry

running 1 test

running 1 test
.
test result: ok. 1 passed; 0 failed; 0 ignored; 0 measured; 73 filtered out; finished in 0.01s

iteration 9 client tx/checkpoint/idempotency

running 1 test
.
test result: ok. 1 passed; 0 failed; 0 ignored; 0 measured; 73 filtered out; finished in 0.00s

iteration 9 supervisor recovery

running 1 test
.
test result: ok. 1 passed; 0 failed; 0 ignored; 0 measured; 73 filtered out; finished in 0.00s

iteration 9 subprocess ACK-loss retry

running 1 test

running 1 test
.
test result: ok. 1 passed; 0 failed; 0 ignored; 0 measured; 73 filtered out; finished in 0.01s

iteration 10 client tx/checkpoint/idempotency

running 1 test
.
test result: ok. 1 passed; 0 failed; 0 ignored; 0 measured; 73 filtered out; finished in 0.00s

iteration 10 supervisor recovery

running 1 test
.
test result: ok. 1 passed; 0 failed; 0 ignored; 0 measured; 73 filtered out; finished in 0.00s

iteration 10 subprocess ACK-loss retry

running 1 test

running 1 test
.
test result: ok. 1 passed; 0 failed; 0 ignored; 0 measured; 73 filtered out; finished in 0.01s

PASS
