.pass23_start: OK
ARCHITECTURE.md: OK
CFMD_IDEAL_DB_SPEC.md: OK
Cargo.lock: OK
Cargo.toml: OK
IMPLEMENTATION_REPORT.md: OK
IMPLEMENTATION_REPORT_pass17.md: OK
IMPLEMENTATION_REPORT_pass18.md: OK
IMPLEMENTATION_REPORT_pass19.md: OK
IMPLEMENTATION_REPORT_pass20.md: OK
IMPLEMENTATION_REPORT_pass21.md: OK
IMPLEMENTATION_REPORT_pass22.md: OK
IMPLEMENTATION_REPORT_pass23.md: OK
IMPLEMENTATION_REPORT_pass24.md: OK
IMPLEMENTATION_REPORT_pass25.md: OK
IMPLEMENTATION_REPORT_pass26.md: OK
IMPLEMENTATION_REPORT_pass27.md: OK
IMPLEMENTATION_REPORT_pass28.md: OK
IMPLEMENTATION_REPORT_pass29.md: OK
IMPLEMENTATION_REPORT_pass30.md: OK
IMPLEMENTATION_REPORT_pass31.md: OK
IMPLEMENTATION_REPORT_pass32.md: OK
IMPLEMENTATION_REPORT_pass33.md: OK
IMPLEMENTATION_REPORT_pass34.md: OK
IMPLEMENTATION_REPORT_pass35.md: OK
IMPLEMENTATION_REPORT_pass36.md: OK
IMPLEMENTATION_REPORT_pass37.md: OK
IMPLEMENTATION_REPORT_pass38.md: OK
IMPLEMENTATION_REPORT_pass39.md: OK
IMPLEMENTATION_REPORT_pass40.md: OK
IMPLEMENTATION_REPORT_pass41.md: OK
IMPLEMENTATION_REPORT_pass42.md: OK
IMPLEMENTATION_REPORT_pass43.md: OK
IMPLEMENTATION_REPORT_pass44.md: OK
IMPLEMENTATION_REPORT_pass45.md: OK
IMPLEMENTATION_REPORT_pass46.md: OK
IMPLEMENTATION_REPORT_pass47.md: OK
IMPLEMENTATION_REPORT_pass48.md: OK
IMPLEMENTATION_REPORT_pass49.md: OK
IMPLEMENTATION_REPORT_pass50.md: OK
IMPLEMENTATION_REPORT_pass51.md: OK
IMPLEMENTATION_REPORT_pass52.md: OK
IMPLEMENTATION_REPORT_pass53.md: OK
IMPLEMENTATION_REPORT_pass54.md: OK
IMPLEMENTATION_REPORT_pass55.md: OK
IMPLEMENTATION_REPORT_pass56.md: OK
IMPLEMENTATION_REPORT_pass57.md: OK
IMPLEMENTATION_REPORT_pass58.md: OK
IMPLEMENTATION_REPORT_pass59.md: OK
IMPLEMENTATION_REPORT_pass60.md: OK
IMPLEMENTATION_REPORT_pass61.md: OK
IMPLEMENTATION_REPORT_pass62.md: OK
IMPLEMENTATION_REPORT_pass63.md: OK
IMPLEMENTATION_REPORT_pass64.md: OK
IMPLEMENTATION_REPORT_pass65.md: OK
IMPLEMENTATION_REPORT_pass66.md: OK
IMPLEMENTATION_REPORT_pass67.md: OK
IMPLEMENTATION_REPORT_pass68.md: OK
IMPLEMENTATION_REPORT_pass69.md: OK
IMPLEMENTATION_REPORT_pass70.md: OK
IMPLEMENTATION_REPORT_pass71.md: OK
IMPLEMENTATION_REPORT_pass72.md: OK
IMPLEMENTATION_REPORT_pass73.md: OK
IMPLEMENTATION_REPORT_pass74.md: OK
IMPLEMENTATION_REPORT_pass75.md: OK
IMPLEMENTATION_REPORT_pass76.md: OK
IMPLEMENTATION_REPORT_pass77.md: OK
IMPLEMENTATION_REPORT_pass78.md: OK
PASS02_REPORT.md: OK
PASS03_REPORT.md: OK
PASS04_REPORT.md: OK
PASS05_REPORT.md: OK
PASS06_REPORT.md: OK
PASS07_REPORT.md: OK
PASS08_REPORT.md: OK
PASS09_REPORT.md: OK
PASS10_REPORT.md: OK
PASS11_REPORT.md: OK
PASS12_BENCH_RAW.txt: OK
PASS12_MANIFEST.sha256: OK
PASS12_REPORT.md: OK
PASS13_MANIFEST.sha256: OK
PASS13_REPORT.md: OK
PASS13_RUNTIME_BENCH_RAW_FINAL.txt: OK
PASS14_MANIFEST.sha256: OK
PASS14_REPORT.md: OK
PASS14_RUNTIME_BENCH_FINAL.txt: OK
PASS14_RUNTIME_BENCH_PINNED.txt: OK
PASS14_RUNTIME_BENCH_TYPED_I64.txt: OK
PASS14_RUNTIME_BENCH_TYPED_I64_REPEATS.txt: OK
PASS14_RUNTIME_BENCH_TYPED_I64_SINGLE_PROJECT.txt: OK
PASS15_BENCH_REPEATS.txt: OK
PASS15_INDEXED_JOIN_BENCH.txt: OK
PASS15_INDEXED_JOIN_BENCH_FINAL.txt: OK
PASS15_REPORT.md: OK
PASS15_TYPED_BATCH_BENCH.txt: OK
PASS15_TYPED_BATCH_BENCH_FINAL.txt: OK
PASS15_TYPED_BATCH_BENCH_OPT.txt: OK
PASS16_PERSISTED_INDEX_BENCH.txt: OK
PASS16_REPORT.md: OK
PASS17_BENCH_REPEATS.txt: OK
PASS17_MANIFEST.sha256: OK
PASS17_PERSISTED_INDEX_BENCH.txt: OK
PASS17_REPORT.md: OK
PASS17_SOURCE_DIFF.txt: OK
PASS18_DELTA_UPDATE_BENCH.txt: OK
PASS18_DELTA_UPDATE_BENCH_AFTER.txt: OK
PASS18_DELTA_UPDATE_BENCH_FINAL.txt: OK
PASS18_DELTA_UPDATE_BENCH_INDEXED.txt: OK
PASS18_DELTA_UPDATE_BENCH_REPEATS.txt: OK
PASS18_REPORT.md: OK
PASS18_SOURCE_DIFF.txt: OK
PASS19_BENCH_REPEATS.txt: OK
PASS19_DELTA_UPDATE_BENCH.txt: OK
PASS19_DELTA_UPDATE_REPEATS.txt: OK
PASS19_PERSISTED_INDEX_BENCH.txt: OK
PASS19_REPORT.md: OK
PASS19_SOURCE_DIFF.txt: OK
PASS20_REPORT.md: OK
PASS20_TYPED_BATCH_BENCH_FINAL.txt: OK
PASS20_TYPED_BATCH_CHAIN_BENCH.txt: OK
PASS20_TYPED_BATCH_CHAIN_BENCH_DIRECT_RANGE.txt: OK
PASS20_TYPED_BATCH_CHAIN_BENCH_FINAL.txt: OK
PASS20_TYPED_BATCH_CHAIN_BENCH_REPEATS.txt: OK
PASS20_TYPED_BATCH_CHAIN_BENCH_SINGLE_SCAN.txt: OK
PASS20_TYPED_BATCH_CHAIN_BENCH_SINGLE_SCAN_FAIR.txt: OK
PASS21_MANIFEST.sha256: OK
PASS21_REPORT.md: OK
PASS21_STATEFUL_BATCH_BENCH_20PROC.txt: OK
PASS21_STATEFUL_BATCH_BENCH_DIAGNOSTIC.txt: OK
PASS21_STATEFUL_BATCH_BENCH_FINAL.txt: OK
PASS21_STATEFUL_BATCH_BENCH_REPEATS.txt: OK
PASS22_MAINTAINED_GROUP_BENCH_FINAL.txt: OK
PASS22_MANIFEST.sha256: OK
PASS22_REPORT.md: OK
PASS23_MAINTAINED_TOP_K_BENCH_FAST1.txt: OK
PASS23_MAINTAINED_TOP_K_BENCH_FAST2.txt: OK
PASS23_MAINTAINED_TOP_K_BENCH_FAST3.txt: OK
PASS23_MAINTAINED_TOP_K_BENCH_FAST4.txt: OK
PASS23_MAINTAINED_TOP_K_BENCH_FINAL.txt: OK
PASS23_MAINTAINED_TOP_K_BENCH_INITIAL.txt: OK
PASS23_MAINTAINED_TOP_K_BENCH_REPEATS.txt: OK
PASS23_MANIFEST.sha256: OK
PASS23_REPORT.md: OK
PASS24_REPORT.md: OK
PASS24_STATE_TREE_BENCH.txt: OK
PASS24_STATE_TREE_BENCH_REPEATS.txt: OK
PASS25_REPORT.md: OK
PASS25_STATE_TREE_BUILD_BENCH.txt: OK
PASS25_STATE_TREE_BUILD_BENCH_REPEATS.txt: OK
PASS26_RECURSIVE_TREE_BENCH.txt: OK
PASS26_REPORT.md: OK
PASS27_REPORT.md: OK
PASS27_SOURCE_DIFF.txt: OK
PASS27_STORAGE_PLAN_BRIDGE_BENCH_REPEATS.txt: OK
PASS28_CHANGED_FILES.txt: OK
PASS28_CLIPPY_AFTER_FIX.log: OK
PASS28_EXTENDED_GATE.log: OK
PASS28_FINAL_GATE.log: OK
PASS28_OVERFLOW_TEST_FINAL.log: OK
PASS28_RELEASE_CLIPPY_FINAL.log: OK
PASS28_REPORT.md: OK
PASS28_RUNTIME_GATE.log: OK
PASS28_RUNTIME_GATE_AFTER_FIX.log: OK
PASS28_STATIC_AUDIT.txt: OK
PASS28_VERIFICATION_REPORT.md: OK
PASS29_CHANGED_FILES.txt: OK
PASS29_REPORT.md: OK
PASS30_CHANGED_FILES.txt: OK
PASS30_REPORT.md: OK
PASS30_SOURCE_DIFF.txt: OK
PASS31_CHANGED_FILES.txt: OK
PASS31_REPORT.md: OK
PASS32_CHANGED_FILES.txt: OK
PASS32_KERNEL_PLAN_DIFF.txt: OK
PASS32_REPORT.md: OK
PASS33_REPORT.md: OK
PASS34_REPORT.md: OK
PASS35_CHANGED_FILES.txt: OK
PASS35_CRASH_MATRIX.md: OK
PASS35_REPORT.md: OK
PASS35_SOURCE_DIFF.txt: OK
PASS36_CHANGED_FILES.txt: OK
PASS36_REPORT.md: OK
PASS36_SOURCE_DIFF.txt: OK
PASS37_CHANGED_FILES.txt: OK
PASS37_REPORT.md: OK
PASS38_CHANGED_FILES.txt: OK
PASS38_REPORT.md: OK
PASS38_SOURCE_DIFF.txt: OK
PASS39_CHANGED_FILES.txt: OK
PASS39_REPORT.md: OK
PASS39_SOURCE_DIFF.txt: OK
PASS40_CHAIN_LINEAGE_HOSTILE_REVIEW.md: OK
PASS40_CHANGED_FILES.txt: OK
PASS40_REPORT.md: OK
PASS40_SOURCE_DIFF.txt: OK
PASS41_CHANGED_FILES.txt: OK
PASS41_REPORT.md: OK
PASS41_SOURCE_DIFF.txt: OK
PASS42_CHANGED_FILES.txt: OK
PASS42_REPORT.md: OK
PASS42_SOURCE_DIFF.txt: OK
PASS43_CHANGED_FILES.txt: OK
PASS43_REPORT.md: OK
PASS43_SOURCE_DIFF.txt: OK
PASS44_CHANGED_FILES.txt: OK
PASS44_REPORT.md: OK
PASS44_SOURCE_DIFF.txt: OK
PASS45_CHANGED_FILES.txt: OK
PASS45_REPORT.md: OK
PASS45_SOURCE_DIFF.txt: OK
PASS46_CHANGED_FILES.txt: OK
PASS46_REPORT.md: OK
PASS46_SOURCE_DIFF.txt: OK
PASS47_CHANGED_FILES.txt: OK
PASS47_REPORT.md: OK
PASS47_SOURCE_DIFF.txt: OK
PASS48_REPORT.md: OK
PASS49_CHANGED_FILES.txt: OK
PASS49_REPORT.md: OK
PASS49_SOURCE_DIFF.txt: OK
PASS50_CHANGED_FILES.txt: OK
PASS50_REPORT.md: OK
PASS50_SOURCE_DIFF.txt: OK
PASS51_CHANGED_FILES.txt: OK
PASS51_REPORT.md: OK
PASS51_SOURCE_DIFF.txt: OK
PASS52_REPORT.md: OK
PASS52_SOURCE_DIFF.txt: OK
PASS53_REPORT.md: OK
PASS54_REPORT.md: OK
PASS55_REPORT.md: OK
PASS56_REPORT.md: OK
PASS57_REPORT.md: OK
PASS58_REPORT.md: OK
PASS59_REPORT.md: OK
PASS60_CHANGED_FILES.txt: OK
PASS60_REPORT.md: OK
PASS60_SOURCE_DIFF.txt: OK
PASS61_CHANGED_FILES.txt: OK
PASS61_REPORT.md: OK
PASS61_SOURCE_DIFF.txt: OK
PASS62_CHANGED_FILES.txt: OK
PASS62_REPORT.md: OK
PASS62_RND_PROGRAM4_REVIEW.md: OK
PASS62_SOURCE_DIFF.txt: OK
PASS63_CHANGED_FILES.txt: OK
PASS63_REPORT.md: OK
PASS63_RND_PROGRAM7_REVIEW.md: OK
PASS63_SOURCE_DIFF.txt: OK
PASS64_REPORT.md: OK
PASS65_CHANGED_FILES.txt: OK
PASS65_REPORT.md: OK
PASS65_RND_PROGRAM5_REVIEW.md: OK
PASS65_SOURCE_DIFF.txt: OK
PASS66_CHANGED_FILES.txt: OK
PASS66_REPORT.md: OK
PASS66_SOURCE_DIFF.txt: OK
PASS67_CHANGED_FILES.txt: OK
PASS67_REPORT.md: OK
PASS67_SOURCE_DIFF.txt: OK
PASS68_CHANGED_FILES.txt: OK
PASS68_REPORT.md: OK
PASS68_RND_PROGRAM7_REVIEW.md: OK
PASS68_SOURCE_DIFF.txt: OK
PASS69_CHANGED_FILES.txt: OK
PASS69_REPORT.md: OK
PASS69_SOURCE_DIFF.txt: OK
PASS70_CHANGED_FILES.txt: OK
PASS70_REPORT.md: OK
PASS70_RND_PROGRAM6_REVIEW.md: OK
PASS70_SOURCE_DIFF.txt: OK
PASS71_CHANGED_FILES.txt: OK
PASS71_REPORT.md: OK
PASS71_SOURCE_DIFF.txt: OK
PASS72_CHANGED_FILES.txt: OK
PASS72_REPORT.md: OK
PASS72_RND_PROGRAM8_REVIEW.md: OK
PASS72_SOURCE_DIFF.txt: OK
PASS73_OVERFLOW_WARM_FINAL.log: OK
PASS73_REPORT.md: OK
PASS73_SOURCE_FREEZE_CHECK.txt: OK
PASS74_CHANGED_FILES.txt: OK
PASS74_REPORT.md: OK
PASS74_RND_PROGRAM9_REVIEW.md: OK
PASS74_SOURCE_DIFF.txt: OK
PASS75_CHANGED_FILES.txt: OK
PASS75_REPORT.md: OK
PASS75_SOURCE_DIFF.txt: OK
PASS76_CHANGED_FILES.txt: OK
PASS76_NATIVE_MULTIWAY_RND_ORIENTATION.md: OK
PASS76_REPORT.md: OK
PASS76_SOURCE_DIFF.txt: OK
PASS77_CHANGED_FILES.txt: OK
PASS77_GAMMA_APNF_RND_REVIEW.md: OK
PASS77_REPORT.md: OK
PASS77_SOURCE_DIFF.txt: OK
PASS78_CHANGED_FILES.txt: OK
PASS78_GAMMA_GCC_RND_ORIENTATION.md: OK
PASS78_GAMMA_OMF_RND_ORIENTATION.md: OK
PASS78_GAMMA_SAMF_RND_REVIEW.md: OK
PASS78_REPORT.md: OK
PASS78_SOURCE_DIFF.txt: OK
README.md: OK
SHA256_MANIFEST.txt: OK
SOURCE_SHA256SUMS.txt: OK
crates/kernel-aggregate/Cargo.toml: OK
crates/kernel-aggregate/src/lib.rs: OK
crates/kernel-change/Cargo.toml: OK
crates/kernel-change/src/lib.rs: OK
crates/kernel-durability/Cargo.toml: OK
crates/kernel-durability/src/checkpoint.rs: OK
crates/kernel-durability/src/lib.rs: OK
crates/kernel-durability/src/metadata.rs: OK
crates/kernel-durability/src/store.rs: OK
crates/kernel-fixpoint/Cargo.toml: OK
crates/kernel-fixpoint/src/lib.rs: OK
crates/kernel-identity/Cargo.toml: OK
crates/kernel-identity/src/lib.rs: OK
crates/kernel-integration/Cargo.toml: OK
crates/kernel-integration/src/lib.rs: OK
crates/kernel-lens/Cargo.toml: OK
crates/kernel-lens/src/lib.rs: OK
crates/kernel-lifecycle/Cargo.toml: OK
crates/kernel-lifecycle/src/lib.rs: OK
crates/kernel-model/Cargo.toml: OK
crates/kernel-model/src/lib.rs: OK
crates/kernel-plan/Cargo.toml: OK
crates/kernel-plan/examples/delta_update_bench.rs: OK
crates/kernel-plan/examples/indexed_join_bench.rs: OK
crates/kernel-plan/examples/lowering_bench.rs: OK
crates/kernel-plan/examples/persisted_index_bench.rs: OK
crates/kernel-plan/examples/physical_exec_bench.rs: OK
crates/kernel-plan/examples/stateful_batch_bench.rs: OK
crates/kernel-plan/examples/storage_plan_bridge_bench.rs: OK
crates/kernel-plan/examples/typed_batch_chain_bench.rs: OK
crates/kernel-plan/src/algebraic_native.rs: OK
crates/kernel-plan/src/lib.rs: OK
crates/kernel-proof/Cargo.toml: OK
crates/kernel-proof/src/lib.rs: OK
crates/kernel-query/Cargo.toml: OK
crates/kernel-query/examples/maintained_group_bench.rs: OK
crates/kernel-query/examples/maintained_state_tree_bench.rs: OK
crates/kernel-query/examples/maintained_top_k_bench.rs: OK
crates/kernel-query/examples/semantic_index_join_bench.rs: OK
crates/kernel-query/src/lib.rs: OK
crates/kernel-retention/Cargo.toml: OK
crates/kernel-retention/src/lib.rs: OK
crates/kernel-revision/Cargo.toml: OK
crates/kernel-revision/src/lib.rs: OK
crates/kernel-schema/Cargo.toml: OK
crates/kernel-schema/src/lib.rs: OK
crates/kernel-semantic-index/Cargo.toml: OK
crates/kernel-semantic-index/src/lib.rs: OK
crates/kernel-semantics/Cargo.toml: OK
crates/kernel-semantics/src/anchor_pullback.rs: OK
crates/kernel-semantics/src/lib.rs: OK
crates/kernel-semantics/src/observable.rs: OK
crates/kernel-semantics/src/support_atom.rs: OK
crates/kernel-transport/Cargo.toml: OK
crates/kernel-transport/src/lib.rs: OK
crates/kernel-types/Cargo.toml: OK
crates/kernel-types/src/lib.rs: OK
crates/kernel-validation/Cargo.toml: OK
crates/kernel-validation/src/lib.rs: OK
crates/storage-memory/Cargo.toml: OK
crates/storage-memory/src/lib.rs: OK
evidence/pass28/PASS28_TOOLCHAIN_EVIDENCE.txt: OK
evidence/pass28/kernel-plan_pass27_to_pass28.patch: OK
evidence/pass28/kernel-query_pass27_to_pass28.patch: OK
evidence/pass29/01_fmt.log: OK
evidence/pass29/01_fmt_final.log: OK
evidence/pass29/02_check.log: OK
evidence/pass29/02_check_final.log: OK
evidence/pass29/03_test_debug.log: OK
evidence/pass29/03_test_debug_final.log: OK
evidence/pass29/04_clippy.log: OK
evidence/pass29/04_clippy_final.log: OK
evidence/pass29/05_test_release.log: OK
evidence/pass29/05_test_release_final.log: OK
evidence/pass29/06_build_release.log: OK
evidence/pass29/06_build_release_final.log: OK
evidence/pass29/07_rustdoc.log: OK
evidence/pass29/07_rustdoc_final.log: OK
evidence/pass29/08_overflow_release.log: OK
evidence/pass29/08_overflow_release_final.log: OK
evidence/pass29/FINAL_VERIFICATION_SUMMARY.txt: OK
evidence/pass29/SOURCE_HASHES.txt: OK
evidence/pass29/TOOLCHAIN.txt: OK
evidence/pass29/TOOLCHAIN_FINAL.txt: OK
evidence/pass29/VERIFICATION_SUMMARY.txt: OK
evidence/pass29/kernel-plan_pass28_to_pass29.patch: OK
evidence/pass30/01_fmt.log: OK
evidence/pass30/02_check.log: OK
evidence/pass30/03_test_debug.log: OK
evidence/pass30/04_clippy.log: OK
evidence/pass30/05_test_release.log: OK
evidence/pass30/06_build_release.log: OK
evidence/pass30/07_rustdoc.log: OK
evidence/pass30/08_overflow_release.log: OK
evidence/pass30/FINAL_VERIFICATION_SUMMARY.txt: OK
evidence/pass30/PASS29_TO_PASS30_SOURCE.patch: OK
evidence/pass30/SOURCE_HASHES.txt: OK
evidence/pass30/toolchain.txt: OK
evidence/pass31/FINAL_VERIFICATION_SUMMARY.txt: OK
evidence/pass31/MANIFEST_FINAL_VERIFY.txt: OK
evidence/pass31/MANIFEST_VERIFY.txt: OK
evidence/pass31/PASS30_TO_PASS31_SOURCE.patch: OK
evidence/pass31/PASS31_BUILD_DOC_GATE.log: OK
evidence/pass31/PASS31_DEBUG_GATE.log: OK
evidence/pass31/PASS31_FINAL_DEBUG_GATE.log: OK
evidence/pass31/PASS31_FINAL_RELEASE_GATE.log: OK
evidence/pass31/PASS31_OVERFLOW_RELEASE_TEST.log: OK
evidence/pass31/PASS31_OVERFLOW_RELEASE_TEST_FINAL.log: OK
evidence/pass31/PASS31_RELEASE_GATE.log: OK
evidence/pass31/PASS31_RELEASE_TEST.log: OK
evidence/pass31/PASS31_STATIC_AUDIT.txt: OK
evidence/pass31/SOURCE_HASHES.txt: OK
evidence/pass31/TOOLCHAIN.txt: OK
evidence/pass32/CARGO_BUILD_RELEASE_FINAL.txt: OK
evidence/pass32/CARGO_BUILD_RELEASE_FINAL2.txt: OK
evidence/pass32/CARGO_CHECK.txt: OK
evidence/pass32/CARGO_CHECK_FINAL.txt: OK
evidence/pass32/CARGO_CLIPPY.txt: OK
evidence/pass32/CARGO_CLIPPY_FINAL.txt: OK
evidence/pass32/CARGO_DOC_STRICT_FINAL.txt: OK
evidence/pass32/CARGO_DOC_STRICT_FINAL2.txt: OK
evidence/pass32/CARGO_FMT_CHECK.txt: OK
evidence/pass32/CARGO_FMT_CHECK_FINAL.txt: OK
evidence/pass32/CARGO_TEST.txt: OK
evidence/pass32/CARGO_TEST_FINAL.txt: OK
evidence/pass32/CARGO_TEST_RELEASE.txt: OK
evidence/pass32/CARGO_TEST_RELEASE_FINAL.txt: OK
evidence/pass32/CARGO_TEST_RELEASE_FINAL3.txt: OK
evidence/pass32/CARGO_TEST_RELEASE_OVERFLOW_FINAL.txt: OK
evidence/pass32/CARGO_TEST_RELEASE_OVERFLOW_FINAL2.txt: OK
evidence/pass32/CARGO_TEST_RELEASE_OVERFLOW_FINAL3.txt: OK
evidence/pass32/FINAL_GATE_SUMMARY.txt: OK
evidence/pass32/PASS32_STATIC_AUDIT.txt: OK
evidence/pass32/TOOLCHAIN.txt: OK
evidence/pass33/STATIC_AUDIT.txt: OK
evidence/pass33/TOOLCHAIN.txt: OK
evidence/pass33/debug_gate.log: OK
evidence/pass33/hostile_pass31/HOSTILE_REPORT.md: OK
evidence/pass33/hostile_pass31/HOSTILE_REPRO.patch: OK
evidence/pass33/hostile_pass31/OPEN_LEDGER.md: OK
evidence/pass33/hostile_pass31/WAL_INTEGRATION_NOTES.md: OK
evidence/pass33/overflow_release_tests.log: OK
evidence/pass33/release_build.log: OK
evidence/pass33/release_tests.log: OK
evidence/pass33/rustdoc.log: OK
evidence/pass34/CHANGED_FILES.txt: OK
evidence/pass34/PASS34_SOURCE_DIFF.txt: OK
evidence/pass34/VERIFICATION.txt: OK
evidence/pass35/CRASH_STRESS.log: OK
evidence/pass36/DURABLE_CONTROL_STRESS.log: OK
evidence/pass37/PASS37_SOURCE_DIFF.txt: OK
evidence/pass37/TOOLCHAIN.txt: OK
evidence/pass37/VERIFICATION.txt: OK
evidence/pass38/FINAL_GATE.txt: OK
evidence/pass38/OVERFLOW_RELEASE_TEST.log: OK
evidence/pass38/RELEASE_TEST.log: OK
evidence/pass38/STATIC_AUTHORITY_AUDIT.md: OK
evidence/pass39/CHECK.log: OK
evidence/pass39/CLIPPY.log: OK
evidence/pass39/DEBUG_GATE.log: OK
evidence/pass39/DEBUG_TESTS.log: OK
evidence/pass39/FMT.log: OK
evidence/pass39/OVERFLOW_RELEASE_TESTS.log: OK
evidence/pass39/OVERFLOW_RELEASE_TESTS_FINAL.log: OK
evidence/pass39/RELEASE_BUILD.log: OK
evidence/pass39/RELEASE_TESTS.log: OK
evidence/pass39/RELEASE_TESTS_FINAL.log: OK
evidence/pass39/RUSTDOC.log: OK
evidence/pass39/SEMANTIC_INDEX_JOIN_BENCH.log: OK
evidence/pass39/STATIC_AUDIT.log: OK
evidence/pass40/CHECK.log: OK
evidence/pass40/CLIPPY.log: OK
evidence/pass40/DEBUG_TESTS.log: OK
evidence/pass40/FINAL_BENCHMARKS.log: OK
evidence/pass40/FINAL_CHECK.log: OK
evidence/pass40/FINAL_CLIPPY.log: OK
evidence/pass40/FINAL_DEBUG_TEST.log: OK
evidence/pass40/FINAL_FMT.log: OK
evidence/pass40/FINAL_I64_GROUP_BENCH_7RUN.log: OK
evidence/pass40/FINAL_OVERFLOW_RELEASE_TEST.log: OK
evidence/pass40/FINAL_RELEASE_BUILD.log: OK
evidence/pass40/FINAL_RELEASE_TEST.log: OK
evidence/pass40/FINAL_RUSTDOC.log: OK
evidence/pass40/FINAL_STATIC_AUDIT.log: OK
evidence/pass40/FMT.log: OK
evidence/pass40/I64_GROUP_BENCH.log: OK
evidence/pass40/OVERFLOW_RELEASE_TESTS.log: OK
evidence/pass40/PERSISTED_I64_REFERENCE_BENCH.log: OK
evidence/pass40/RELEASE_BUILD.log: OK
evidence/pass40/RELEASE_TESTS.log: OK
evidence/pass40/RUSTDOC.log: OK
evidence/pass40/STATIC_AUDIT.log: OK
evidence/pass41/FINAL_DEBUG_GATE.log: OK
evidence/pass41/FINAL_OVERFLOW_RELEASE.log: OK
evidence/pass41/FINAL_RELEASE_BUILD.log: OK
evidence/pass41/FINAL_RELEASE_TESTS.log: OK
evidence/pass41/FINAL_RUSTDOC.log: OK
evidence/pass41/STATEFUL_OPERATOR_BENCH.log: OK
evidence/pass41/STATIC_AUDIT.txt: OK
evidence/pass42/FINAL_DEBUG_GATE.log: OK
evidence/pass42/FINAL_GATE_SUMMARY.txt: OK
evidence/pass42/FINAL_OVERFLOW_RELEASE.log: OK
evidence/pass42/FINAL_RELEASE_BUILD.log: OK
evidence/pass42/FINAL_RELEASE_TESTS.log: OK
evidence/pass42/FINAL_RUSTDOC.log: OK
evidence/pass42/STATIC_AUDIT.txt: OK
evidence/pass42/TARGETED_PASS42_RELEASE.log: OK
evidence/pass43/01_fmt_check.log: OK
evidence/pass43/02_check.log: OK
evidence/pass43/03_test_debug.log: OK
evidence/pass43/04_clippy.log: OK
evidence/pass43/05_test_release.log: OK
evidence/pass43/06_build_release.log: OK
evidence/pass43/07_rustdoc.log: OK
evidence/pass43/08_overflow_release.log: OK
evidence/pass43/09_maintained_group_bench.log: OK
evidence/pass43/10_maintained_top_k_bench.log: OK
evidence/pass43/11_semantic_index_join_bench.log: OK
evidence/pass43/STATIC_AUDIT.txt: OK
evidence/pass43/TARGETED_PASS43_RELEASE.log: OK
evidence/pass44/01_FMT.log: OK
evidence/pass44/02_CHECK.log: OK
evidence/pass44/03_TEST_DEBUG.log: OK
evidence/pass44/04_CLIPPY.log: OK
evidence/pass44/05_TEST_RELEASE.log: OK
evidence/pass44/06_BUILD_RELEASE.log: OK
evidence/pass44/07_RUSTDOC.log: OK
evidence/pass44/08_OVERFLOW_RELEASE.log: OK
evidence/pass44/MANIFEST_CHECK.log: OK
evidence/pass44/MULTIWAY_BENCH_RELEASE.log: OK
evidence/pass44/RUST_VERSION.txt: OK
evidence/pass44/STATIC_AUDIT.txt: OK
evidence/pass45/BUILD_RELEASE.log: OK
evidence/pass45/CHECK.log: OK
evidence/pass45/CLIPPY.log: OK
evidence/pass45/FINAL_GATE.log: OK
evidence/pass45/FMT.log: OK
evidence/pass45/RUSTDOC.log: OK
evidence/pass45/RUST_VERSION.txt: OK
evidence/pass45/TEST_DEBUG.log: OK
evidence/pass45/TEST_RELEASE.log: OK
evidence/pass45/TEST_RELEASE_OVERFLOW.log: OK
evidence/pass45/TEST_RELEASE_OVERFLOW_RETRY.log: OK
evidence/pass45/TEST_RELEASE_RETRY.log: OK
evidence/pass46/01_FMT.log: OK
evidence/pass46/02_CHECK.log: OK
evidence/pass46/03_TEST_DEBUG.log: OK
evidence/pass46/04_CLIPPY.log: OK
evidence/pass46/05_TEST_RELEASE.log: OK
evidence/pass46/06_BUILD_RELEASE.log: OK
evidence/pass46/07_RUSTDOC.log: OK
evidence/pass46/08_OVERFLOW_RELEASE.log: OK
evidence/pass46/FINAL_GATE.txt: OK
evidence/pass46/RUST_VERSION.txt: OK
evidence/pass46/STATIC_AUDIT.txt: OK
evidence/pass47/01_fmt.log: OK
evidence/pass47/02_check.log: OK
evidence/pass47/03_test_debug.log: OK
evidence/pass47/04_clippy.log: OK
evidence/pass47/05_test_release.log: OK
evidence/pass47/06_build_release.log: OK
evidence/pass47/07_rustdoc.log: OK
evidence/pass47/08_overflow_release.log: OK
evidence/pass47/MANIFEST_VERIFY.log: OK
evidence/pass47/STATIC_AUDIT.txt: OK
evidence/pass48/01_fmt.log: OK
evidence/pass48/02_check.log: OK
evidence/pass48/03_test_debug.log: OK
evidence/pass48/04_clippy.log: OK
evidence/pass48/05_test_release.log: OK
evidence/pass48/06_build_release.log: OK
evidence/pass48/07_rustdoc.log: OK
evidence/pass48/08_overflow_release.log: OK
evidence/pass48/09_hostile_benchmark.log: OK
evidence/pass49/FINAL_GATE_STATUS.txt: OK
evidence/pass49/QUOTIENT_BENCH.log: OK
evidence/pass49/STATIC_AUDIT.txt: OK
evidence/pass50/BUILD_RELEASE.log: OK
evidence/pass50/CHECK.log: OK
evidence/pass50/CLIPPY.log: OK
evidence/pass50/FMT.log: OK
evidence/pass50/RUSTDOC.log: OK
evidence/pass50/RUST_VERSION.txt: OK
evidence/pass50/STATIC_AUDIT.txt: OK
evidence/pass50/TEST_DEBUG.log: OK
evidence/pass50/TEST_OVERFLOW_RELEASE.log: OK
evidence/pass50/TEST_RELEASE.log: OK
evidence/pass51/FINAL_GATE_DEBUG.log: OK
evidence/pass51/FINAL_GATE_OVERFLOW.log: OK
evidence/pass51/FINAL_GATE_RELEASE.log: OK
evidence/pass51/GATE_DEBUG.log: OK
evidence/pass51/GATE_RELEASE.log: OK
evidence/pass51/STATIC_AUDIT.txt: OK
evidence/pass52/GATE_DEBUG.log: OK
evidence/pass52/GATE_OVERFLOW_RELEASE.log: OK
evidence/pass52/GATE_OVERFLOW_RELEASE_RETRY.log: OK
evidence/pass52/GATE_RELEASE.log: OK
evidence/pass52/RELEASE_TEST.log: OK
evidence/pass52/STATIC_AUDIT.txt: OK
evidence/pass53/01_FMT.log: OK
evidence/pass53/02_CHECK.log: OK
evidence/pass53/03_TEST_DEBUG.log: OK
evidence/pass53/04_CLIPPY.log: OK
evidence/pass53/05_TEST_RELEASE.log: OK
evidence/pass53/06_BUILD_RELEASE.log: OK
evidence/pass53/07_RUSTDOC.log: OK
evidence/pass53/08_OVERFLOW_RELEASE.log: OK
evidence/pass53/RUST_VERSION.txt: OK
evidence/pass53/rnd_bundle/INTEGRATION_GUIDE_PASS51.md: OK
evidence/pass53/rnd_bundle/RND_REPORT_PASS1_PASS2_PASS51.md: OK
evidence/pass53/rnd_bundle/RND_SHA256SUMS.txt: OK
evidence/pass53/rnd_bundle/pass1_fixpoint_repeats.tsv: OK
evidence/pass53/rnd_bundle/pass1_structural_support_repeats.tsv: OK
evidence/pass53/rnd_bundle/pass2_subtype_repeats_pass51.tsv: OK
evidence/pass54/01_FMT.log: OK
evidence/pass54/02_CHECK.log: OK
evidence/pass54/03_TEST_DEBUG.log: OK
evidence/pass54/04_CLIPPY.log: OK
evidence/pass54/05_TEST_RELEASE.log: OK
evidence/pass54/06_BUILD_RELEASE.log: OK
evidence/pass54/07_RUSTDOC.log: OK
evidence/pass54/08_OVERFLOW_RELEASE.log: OK
evidence/pass54/RUST_VERSION.txt: OK
evidence/pass55/01_FMT.log: OK
evidence/pass55/02_CHECK.log: OK
evidence/pass55/03_TEST_DEBUG.log: OK
evidence/pass55/04_CLIPPY.log: OK
evidence/pass55/05_TEST_RELEASE.log: OK
evidence/pass55/06_BUILD_RELEASE.log: OK
evidence/pass55/07_RUSTDOC.log: OK
evidence/pass55/08_OVERFLOW_RELEASE.log: OK
evidence/pass55/QUERY_TEST_DEBUG.log: OK
evidence/pass55/RELATION_MULTISET_BENCH_RELEASE.log: OK
evidence/pass55/RND_REPORT_INPUT.md: OK
evidence/pass55/RUST_VERSION.txt: OK
evidence/pass56/01_FMT.log: OK
evidence/pass56/02_CHECK.log: OK
evidence/pass56/03_TEST_DEBUG.log: OK
evidence/pass56/04_CLIPPY.log: OK
evidence/pass56/05_TEST_RELEASE.log: OK
evidence/pass56/06_BUILD_RELEASE.log: OK
evidence/pass56/07_RUSTDOC.log: OK
evidence/pass56/08_OVERFLOW_RELEASE.log: OK
evidence/pass56/RUST_VERSION.txt: OK
evidence/pass57/01_FMT.log: OK
evidence/pass57/02_CHECK.log: OK
evidence/pass57/03_TEST_DEBUG.log: OK
evidence/pass57/04_CLIPPY.log: OK
evidence/pass57/05_TEST_RELEASE.log: OK
evidence/pass57/06_BUILD_RELEASE.log: OK
evidence/pass57/07_RUSTDOC.log: OK
evidence/pass57/08_OVERFLOW_RELEASE.log: OK
evidence/pass57/COW_CLONE_BENCH_RELEASE.log: OK
evidence/pass57/RUST_VERSION.txt: OK
evidence/pass58/01_fmt.log: OK
evidence/pass58/02_check.log: OK
evidence/pass58/03_test_debug.log: OK
evidence/pass58/04_clippy.log: OK
evidence/pass58/05_test_release.log: OK
evidence/pass58/06_build_release.log: OK
evidence/pass58/07_rustdoc.log: OK
evidence/pass58/08_overflow_release.log: OK
evidence/pass58/09_dense_lifecycle_benchmark.log: OK
evidence/pass58/10_manifest_check.log: OK
evidence/pass58/RUST_VERSION.txt: OK
evidence/pass59/01_fmt.log: OK
evidence/pass59/02_check.log: OK
evidence/pass59/03_test_debug.log: OK
evidence/pass59/04_clippy.log: OK
evidence/pass59/05_test_release.log: OK
evidence/pass59/06_build_release.log: OK
evidence/pass59/07_rustdoc.log: OK
evidence/pass59/08_overflow_release.log: OK
evidence/pass59/RUST_VERSION.txt: OK
evidence/pass60/BENCH_LIFECYCLE.log: OK
evidence/pass60/BENCH_TYPE_EXTENT.log: OK
evidence/pass60/BUILD_RELEASE.log: OK
evidence/pass60/CHECK.log: OK
evidence/pass60/CLIPPY.log: OK
evidence/pass60/FMT.log: OK
evidence/pass60/RUSTDOC.log: OK
evidence/pass60/RUST_VERSION.txt: OK
evidence/pass60/STATIC_AUDIT.txt: OK
evidence/pass60/TEST_DEBUG.log: OK
evidence/pass60/TEST_OVERFLOW_RELEASE.log: OK
evidence/pass60/TEST_RELEASE.log: OK
evidence/pass61/BUILD_RELEASE.log: OK
evidence/pass61/CHECK.log: OK
evidence/pass61/CLIPPY.log: OK
evidence/pass61/FMT.log: OK
evidence/pass61/RUSTDOC.log: OK
evidence/pass61/RUST_VERSION.txt: OK
evidence/pass61/STATIC_AUDIT.txt: OK
evidence/pass61/TEST_DEBUG.log: OK
evidence/pass61/TEST_OVERFLOW_RELEASE.log: OK
evidence/pass61/TEST_RELEASE.log: OK
evidence/pass62/CARGO_SOURCE_AUDIT.txt: OK
evidence/pass62/FROZEN_PRODUCTION_FILES.sha256: OK
evidence/pass62/FROZEN_SOURCE_SHA256.txt: OK
evidence/pass62/RUST_VERSION.txt: OK
evidence/pass62/SOURCE_FREEZE_AUDIT.txt: OK
evidence/pass62/STATIC_SNAPSHOT.txt: OK
evidence/pass62/algebraic_bench_repeats.tsv: OK
evidence/pass62/benchmark_product_field_filter_against_logical_btree_rows_run1.log: OK
evidence/pass62/benchmark_product_field_filter_against_logical_btree_rows_run2.log: OK
evidence/pass62/benchmark_product_field_filter_against_logical_btree_rows_run3.log: OK
evidence/pass62/benchmark_product_field_filter_against_logical_btree_rows_run4.log: OK
evidence/pass62/benchmark_product_field_filter_against_logical_btree_rows_run5.log: OK
evidence/pass62/benchmark_sum_tag_filter_against_boxed_logical_variants_run1.log: OK
evidence/pass62/benchmark_sum_tag_filter_against_boxed_logical_variants_run2.log: OK
evidence/pass62/benchmark_sum_tag_filter_against_boxed_logical_variants_run3.log: OK
evidence/pass62/benchmark_sum_tag_filter_against_boxed_logical_variants_run4.log: OK
evidence/pass62/benchmark_sum_tag_filter_against_boxed_logical_variants_run5.log: OK
evidence/pass62/cargo_build_workspace_release.log: OK
evidence/pass62/cargo_check_workspace_all_targets.log: OK
evidence/pass62/cargo_clippy_workspace_all_targets.log: OK
evidence/pass62/cargo_doc_workspace_strict.log: OK
evidence/pass62/cargo_fmt_check.log: OK
evidence/pass62/cargo_test_workspace_all_targets_debug.log: OK
evidence/pass62/cargo_test_workspace_all_targets_release.log: OK
evidence/pass62/cargo_test_workspace_release_overflow.log: OK
evidence/pass63/01_fmt.log: OK
evidence/pass63/02_check.log: OK
evidence/pass63/03_test_debug.log: OK
evidence/pass63/04_clippy.log: OK
evidence/pass63/05_test_release.log: OK
evidence/pass63/05_test_release_retry.log: OK
evidence/pass63/06_build_release.log: OK
evidence/pass63/07_rustdoc.log: OK
evidence/pass63/08_overflow_release.log: OK
evidence/pass63/08_overflow_release_retry.log: OK
evidence/pass63/09_manifest_check.log: OK
evidence/pass63/PASS63_CRATES_DIFF_SUMMARY.txt: OK
evidence/pass63/PASS63_FREEZE.txt: OK
evidence/pass63/PASS63_SOURCE_AFTER_GATE.sha256: OK
evidence/pass63/PASS63_SOURCE_FREEZE.sha256: OK
evidence/pass63/PASS63_SOURCE_FREEZE_VERIFICATION.txt: OK
evidence/pass63/PROGRAM7_HOSTILE_EXACT_RETRY_COUNTEREXAMPLE.exitcode: OK
evidence/pass63/PROGRAM7_HOSTILE_EXACT_RETRY_COUNTEREXAMPLE.txt: OK
evidence/pass64/final_build_release.txt: OK
evidence/pass64/final_check.txt: OK
evidence/pass64/final_clippy.txt: OK
evidence/pass64/final_fmt.txt: OK
evidence/pass64/final_overflow_release.txt: OK
evidence/pass64/final_rustdoc.txt: OK
evidence/pass64/final_test_debug.txt: OK
evidence/pass64/final_test_release.txt: OK
evidence/pass65/SUMMARY.txt: OK
evidence/pass65/build_release.log: OK
evidence/pass65/check.log: OK
evidence/pass65/clippy.log: OK
evidence/pass65/fmt.log: OK
evidence/pass65/program5_input.sha256: OK
evidence/pass65/revision_compiler_benchmark_release.txt: OK
evidence/pass65/rustdoc.log: OK
evidence/pass65/source_after_gate.sha256: OK
evidence/pass65/source_freeze.sha256: OK
evidence/pass65/source_freeze_check.diff: OK
evidence/pass65/test_debug.log: OK
evidence/pass65/test_release.log: OK
evidence/pass65/test_release_overflow.log: OK
evidence/pass66/01_fmt.log: OK
evidence/pass66/02_check.log: OK
evidence/pass66/03_test_debug.log: OK
evidence/pass66/04_clippy.log: OK
evidence/pass66/05_test_release.log: OK
evidence/pass66/06_build_release.log: OK
evidence/pass66/07_rustdoc.log: OK
evidence/pass66/08_overflow_release.log: OK
evidence/pass66/08_overflow_release_warm.log: OK
evidence/pass66/DATABASE_STATE_CLONE_BENCH.txt: OK
evidence/pass66/RUSTC_VERSION.txt: OK
evidence/pass66/SOURCE_FREEZE.sha256: OK
evidence/pass66/SOURCE_FREEZE_UTC.txt: OK
evidence/pass66/SOURCE_POST_GATE.sha256: OK
evidence/pass67/documentation_sanity.txt: OK
evidence/pass67/final_gate/build_release.log: OK
evidence/pass67/final_gate/check.log: OK
evidence/pass67/final_gate/clippy.log: OK
evidence/pass67/final_gate/fmt.log: OK
evidence/pass67/final_gate/rustdoc.log: OK
evidence/pass67/final_gate/test_debug.log: OK
evidence/pass67/final_gate/test_release.log: OK
evidence/pass67/final_gate/test_release_overflow.log: OK
evidence/pass67/freeze_postgate_diff.txt: OK
evidence/pass67/freeze_prepackage_diff.txt: OK
evidence/pass67/freeze_time.txt: OK
evidence/pass67/pass67_source_freeze.sha256: OK
evidence/pass67/prefreeze_catalog_clone_benchmark.log: OK
evidence/pass67/prefreeze_kernel_plan_threads1.log: OK
evidence/pass67/prefreeze_kernel_plan_threads16.log: OK
evidence/pass67/prefreeze_overflow_release.log: OK
evidence/pass67/prefreeze_workspace_release_test.log: OK
evidence/pass67/prefreeze_workspace_test.log: OK
evidence/pass67/release_catalog_cow.log: OK
evidence/pass67/release_statistics_advisor.log: OK
evidence/pass67/source_diff_files_prefreeze.txt: OK
evidence/pass67/static_audit.txt: OK
evidence/pass68/FREEZE_POSTGATE.diff: OK
evidence/pass68/FREEZE_PREPACKAGE.diff: OK
evidence/pass68/POST_GATE_SOURCE.sha256: OK
evidence/pass68/PREPACKAGE_SOURCE.sha256: OK
evidence/pass68/SOURCE_FREEZE.sha256: OK
evidence/pass68/SOURCE_FREEZE_UTC.txt: OK
evidence/pass68/final_build_release.log: OK
evidence/pass68/final_check.log: OK
evidence/pass68/final_clippy.log: OK
evidence/pass68/final_fmt.log: OK
evidence/pass68/final_overflow_release.log: OK
evidence/pass68/final_overflow_release_warm.log: OK
evidence/pass68/final_rustdoc.log: OK
evidence/pass68/final_test_debug.log: OK
evidence/pass68/final_test_release.log: OK
evidence/pass68/final_test_release_warm.log: OK
evidence/pass68/rustc_version.txt: OK
evidence/pass69/FROZEN_CHANGED_SOURCE_RECHECK.log: OK
evidence/pass69/FROZEN_CHANGED_SOURCE_SHA256.txt: OK
evidence/pass69/FROZEN_SOURCE_SHA256_ALL_CRATES.txt: OK
evidence/pass69/RUST_VERSION.txt: OK
evidence/pass69/SOURCE_FREEZE_UTC.txt: OK
evidence/pass69/STATIC_SNAPSHOT.txt: OK
evidence/pass69/cargo_build_workspace_release.log: OK
evidence/pass69/cargo_check_workspace_all_targets.log: OK
evidence/pass69/cargo_clippy_workspace_all_targets.log: OK
evidence/pass69/cargo_doc_workspace_strict.log: OK
evidence/pass69/cargo_fmt_check.log: OK
evidence/pass69/cargo_test_workspace_all_targets_debug.log: OK
evidence/pass69/cargo_test_workspace_all_targets_release.log: OK
evidence/pass69/cargo_test_workspace_release_overflow.log: OK
evidence/pass71/PASS71_MANIFEST_CHECK.txt: OK
evidence/pass71/PASS71_RECONSTRUCTION_FREEZE.sha256: OK
evidence/pass71/PASS71_RECONSTRUCTION_FREEZE_CHECK_V2.diff: OK
evidence/pass71/PASS71_RECONSTRUCTION_FREEZE_UTC.txt: OK
evidence/pass71/PASS71_RECONSTRUCTION_FREEZE_V2.sha256: OK
evidence/pass71/PASS71_RECONSTRUCTION_FREEZE_V2_UTC.txt: OK
evidence/pass71/PASS71_RECONSTRUCTION_POST_GATE_V2.sha256: OK
evidence/pass71/PASS71_STATIC_SNAPSHOT.txt: OK
evidence/pass71/PASS71_ZIP_TEST.txt: OK
evidence/pass71/final_gate/check.log: OK
evidence/pass71/final_gate/clippy.log: OK
evidence/pass71/final_gate/fmt.log: OK
evidence/pass71/final_gate/test_debug.log: OK
evidence/pass71/final_gate_v2/build_release.log: OK
evidence/pass71/final_gate_v2/check.log: OK
evidence/pass71/final_gate_v2/clippy.log: OK
evidence/pass71/final_gate_v2/fmt.log: OK
evidence/pass71/final_gate_v2/overflow_cold_or_warm.log: OK
evidence/pass71/final_gate_v2/overflow_warm.log: OK
evidence/pass71/final_gate_v2/overflow_warm2.log: OK
evidence/pass71/final_gate_v2/rustdoc.log: OK
evidence/pass71/final_gate_v2/test_debug.log: OK
evidence/pass71/final_gate_v2/test_release.log: OK
evidence/pass71/final_gate_v2/test_release_warm.log: OK
evidence/pass72/PASS72_MANIFEST_CHECK.txt: OK
evidence/pass72/PASS72_SOURCE_FREEZE.sha256: OK
evidence/pass72/PASS72_SOURCE_FREEZE_CHECK.diff: OK
evidence/pass72/PASS72_SOURCE_FREEZE_UTC.txt: OK
evidence/pass72/PASS72_SOURCE_POST_GATE.sha256: OK
evidence/pass72/PASS72_SOURCE_PREPACKAGE.sha256: OK
evidence/pass72/PASS72_SOURCE_PREPACKAGE_CHECK.diff: OK
evidence/pass72/PASS72_STATIC_SNAPSHOT.txt: OK
evidence/pass72/PASS72_ZIP_TEST.txt: OK
evidence/pass72/final_gate/build_release.log: OK
evidence/pass72/final_gate/check.log: OK
evidence/pass72/final_gate/clippy.log: OK
evidence/pass72/final_gate/fmt.log: OK
evidence/pass72/final_gate/overflow_cold.log: OK
evidence/pass72/final_gate/overflow_warm.log: OK
evidence/pass72/final_gate/rustdoc.log: OK
evidence/pass72/final_gate/test_debug.log: OK
evidence/pass72/final_gate/test_release.log: OK
evidence/pass72/final_gate/test_release_warm.log: OK
evidence/pass72/kernel_plan_clippy.log: OK
evidence/pass72/kernel_plan_full.log: OK
evidence/pass72/kernel_plan_parallel.log: OK
evidence/pass72/kernel_plan_serial.log: OK
evidence/pass72/pre_freeze_clippy.log: OK
evidence/pass72/pre_freeze_workspace_debug.log: OK
evidence/pass72/targeted_durable_structural_semantic_index_rebuilds_and_serves_after_reopen.log: OK
evidence/pass72/targeted_nine_way_acyclic_quotient_join_preserves_bag_order_and_multiplicity.log: OK
evidence/pass72/targeted_nine_way_bushy_quotient_join_preserves_logical_bag_order.log: OK
evidence/pass72/targeted_nine_way_raw_cycle_collapses_to_certified_common_quotient_without_semantic_drift.log: OK
evidence/pass72/targeted_quotient_hypergraph_gyo_accepts_chain_and_rejects_cycle.log: OK
evidence/pass72/targeted_quotient_key_support_counts_leaves_not_duplicate_rows.log: OK
evidence/pass72/targeted_semantic_index_binding_rejects_structural_definition_drift.log: OK
evidence/pass73/OVERFLOW_WARM_FINAL.log: OK
evidence/pass73/PASS73_FREEZE_VERIFY.txt: OK
evidence/pass73/PASS73_KERNEL_PLAN_FINAL.sha256: OK
evidence/pass73/PASS73_SOURCE_FREEZE.sha256: OK
evidence/pass73/SOURCE_FREEZE.sha256: OK
evidence/pass73/SOURCE_FREEZE_CHECK.txt: OK
evidence/pass73/STATIC_SNAPSHOT.txt: OK
evidence/pass73/final_build_release.txt: OK
evidence/pass73/final_check.txt: OK
evidence/pass73/final_clippy.txt: OK
evidence/pass73/final_fmt.txt: OK
evidence/pass73/final_overflow_release.txt: OK
evidence/pass73/final_rustdoc.txt: OK
evidence/pass73/final_test_debug.txt: OK
evidence/pass73/final_test_release.txt: OK
evidence/pass74/PROGRAM9_PATCH_APPLY.log: OK
evidence/pass74/PROGRAM9_PATCH_DRYRUN.log: OK
evidence/pass74/PROGRAM9_SHA256SUMS_CHECK.log: OK
evidence/pass74/RELEASE_BUILD.log: OK
evidence/pass74/RUSTDOC.log: OK
evidence/pass74/SOURCE_FREEZE.sha256: OK
evidence/pass74/SOURCE_POSTGATE.sha256: OK
evidence/pass74/WORKSPACE_CLIPPY.log: OK
evidence/pass74/WORKSPACE_DEBUG_TESTS.log: OK
evidence/pass74/WORKSPACE_RELEASE_OVERFLOW_TESTS.log: OK
evidence/pass74/WORKSPACE_RELEASE_TESTS.log: OK
evidence/pass75/PASS75_GATE_NOTES.txt: OK
evidence/pass75/PASS75_SOURCE_FREEZE.sha256: OK
evidence/pass75/PASS75_SOURCE_FREEZE_UTC.txt: OK
evidence/pass75/PASS75_SOURCE_POST_GATE.sha256: OK
evidence/pass75/cargo_build_workspace_release.log: OK
evidence/pass75/cargo_check_workspace.log: OK
evidence/pass75/cargo_clippy_workspace.log: OK
evidence/pass75/cargo_doc_workspace.log: OK
evidence/pass75/cargo_fmt_check.log: OK
evidence/pass75/cargo_test_workspace.log: OK
evidence/pass75/cargo_test_workspace_release.log: OK
evidence/pass75/cargo_test_workspace_release_overflow.log: OK
evidence/pass76/cargo_build_workspace_release.txt: OK
evidence/pass76/cargo_build_workspace_release_overflow_warm.txt: OK
evidence/pass76/cargo_check_workspace.txt: OK
evidence/pass76/cargo_clippy_workspace.txt: OK
evidence/pass76/cargo_doc_workspace.txt: OK
evidence/pass76/cargo_fmt_check.txt: OK
evidence/pass76/cargo_test_workspace_debug.txt: OK
evidence/pass76/cargo_test_workspace_release.txt: OK
evidence/pass76/cargo_test_workspace_release_overflow.txt: OK
evidence/pass76/crates_freeze.sha256: OK
evidence/pass76/crates_post_gate.sha256: OK
evidence/pass76/manifest_verify.txt: OK
evidence/pass76/rust_toolchain.txt: OK
evidence/pass77/GAMMA_APNF_RND_INPUT.sha256: OK
evidence/pass77/PASS77_GATE_NOTES.txt: OK
evidence/pass77/PASS77_SOURCE_FREEZE.sha256: OK
evidence/pass77/PASS77_SOURCE_FREEZE_UTC.txt: OK
evidence/pass77/PASS77_SOURCE_POST_GATE.sha256: OK
evidence/pass77/apnf_kernel_semantics_clippy.txt: OK
evidence/pass77/apnf_kernel_semantics_clippy_final.txt: OK
evidence/pass77/apnf_kernel_semantics_tests.txt: OK
evidence/pass77/apnf_kernel_semantics_tests_final.txt: OK
evidence/pass77/cargo_check.txt: OK
evidence/pass77/cargo_clippy.txt: OK
evidence/pass77/cargo_fmt_check.txt: OK
evidence/pass77/cargo_test_debug.txt: OK
evidence/pass77/cargo_test_release.txt: OK
evidence/pass77/final_cargo_build_workspace_release.txt: OK
evidence/pass77/final_cargo_check_workspace.txt: OK
evidence/pass77/final_cargo_clippy_workspace.txt: OK
evidence/pass77/final_cargo_doc_workspace.txt: OK
evidence/pass77/final_cargo_fmt_check.txt: OK
evidence/pass77/final_cargo_test_workspace_debug.txt: OK
evidence/pass77/final_cargo_test_workspace_release.txt: OK
evidence/pass77/final_cargo_test_workspace_release_overflow.txt: OK
evidence/pass77/manifest_verify.txt: OK
evidence/pass77/pre_freeze_cargo_check_workspace.txt: OK
evidence/pass77/pre_freeze_cargo_clippy_workspace.txt: OK
evidence/pass77/pre_freeze_cargo_test_workspace.txt: OK
evidence/pass77/rustc_version.txt: OK
evidence/pass78/CARGO_BUILD_RELEASE.log: OK
evidence/pass78/CARGO_CHECK.log: OK
evidence/pass78/CARGO_CLIPPY.log: OK
evidence/pass78/CARGO_DOC.log: OK
evidence/pass78/CARGO_FMT_CHECK.log: OK
evidence/pass78/CARGO_TEST_DEBUG.log: OK
evidence/pass78/CARGO_TEST_OVERFLOW_RELEASE.log: OK
evidence/pass78/CARGO_TEST_RELEASE.log: OK
evidence/pass78/SOURCE_FREEZE.sha256: OK
evidence/pass78/SOURCE_FREEZE_TIME.txt: OK
evidence/pass78/SOURCE_POSTGATE.sha256: OK
evidence/pass78/build_release_workspace.log: OK
evidence/pass78/check_workspace.log: OK
evidence/pass78/clippy_workspace.log: OK
evidence/pass78/crates_freeze.sha256: OK
evidence/pass78/crates_post_gate.sha256: OK
evidence/pass78/fmt_check.log: OK
evidence/pass78/overflow_batch1.log: OK
evidence/pass78/overflow_batch2.log: OK
evidence/pass78/overflow_batch3.log: OK
evidence/pass78/overflow_batch4.log: OK
evidence/pass78/overflow_batch5_kernel_plan.log: OK
evidence/pass78/overflow_batches/kernel-aggregate.log: OK
evidence/pass78/overflow_batches/kernel-change.log: OK
evidence/pass78/overflow_batches/kernel-durability.log: OK
evidence/pass78/overflow_batches/kernel-fixpoint.log: OK
evidence/pass78/overflow_batches/kernel-identity.log: OK
evidence/pass78/overflow_batches/kernel-integration.log: OK
evidence/pass78/overflow_batches/kernel-lens.log: OK
evidence/pass78/overflow_batches/kernel-lifecycle.log: OK
evidence/pass78/overflow_batches/kernel-model.log: OK
evidence/pass78/overflow_batches/kernel-plan.log: OK
evidence/pass78/overflow_batches/kernel-proof.log: OK
evidence/pass78/overflow_batches/kernel-query.log: OK
evidence/pass78/overflow_batches/kernel-retention.log: OK
evidence/pass78/overflow_batches/kernel-revision.log: OK
evidence/pass78/overflow_batches/kernel-schema.log: OK
evidence/pass78/overflow_batches/kernel-semantic-index.log: OK
evidence/pass78/overflow_batches/kernel-semantics.log: OK
evidence/pass78/overflow_batches/kernel-transport.log: OK
evidence/pass78/overflow_batches/kernel-types.log: OK
evidence/pass78/overflow_batches/kernel-validation.log: OK
evidence/pass78/overflow_batches/storage-memory.log: OK
evidence/pass78/release_batch1.log: OK
evidence/pass78/release_batch2.log: OK
evidence/pass78/release_batch3.log: OK
evidence/pass78/release_batch4.log: OK
evidence/pass78/release_batch5_kernel_plan.log: OK
evidence/pass78/release_batches/kernel-aggregate.log: OK
evidence/pass78/release_batches/kernel-change.log: OK
evidence/pass78/release_batches/kernel-durability.log: OK
evidence/pass78/release_batches/kernel-fixpoint.log: OK
evidence/pass78/release_batches/kernel-identity.log: OK
evidence/pass78/release_batches/kernel-integration.log: OK
evidence/pass78/release_batches/kernel-lens.log: OK
evidence/pass78/release_batches/kernel-lifecycle.log: OK
evidence/pass78/release_batches/kernel-model.log: OK
evidence/pass78/release_batches/kernel-plan.log: OK
evidence/pass78/release_batches/kernel-proof.log: OK
evidence/pass78/release_batches/kernel-query.log: OK
evidence/pass78/release_batches/kernel-retention.log: OK
evidence/pass78/release_batches/kernel-revision.log: OK
evidence/pass78/release_batches/kernel-schema.log: OK
evidence/pass78/release_batches/kernel-semantic-index.log: OK
evidence/pass78/release_batches/kernel-semantics.log: OK
evidence/pass78/release_batches/kernel-transport.log: OK
evidence/pass78/release_batches/kernel-types.log: OK
evidence/pass78/release_batches/kernel-validation.log: OK
evidence/pass78/release_batches/storage-memory.log: OK
evidence/pass78/rustdoc_workspace.log: OK
evidence/pass78/source_freeze_time.txt: OK
evidence/pass78/test_debug_workspace.log: OK
evidence/pass78/test_overflow_workspace_final_warm.log: OK
evidence/pass78/test_release_workspace.log: OK
evidence/pass78/test_release_workspace_final_warm.log: OK
