   Compiling kernel-retention v0.1.0 (/mnt/data/cfmd_pass78_work/crates/kernel-retention)
   Compiling kernel-query v0.1.0 (/mnt/data/cfmd_pass78_work/crates/kernel-query)
   Compiling kernel-proof v0.1.0 (/mnt/data/cfmd_pass78_work/crates/kernel-proof)
    Finished `release` profile [optimized] target(s) in 6.70s
     Running unittests src/lib.rs (/mnt/data/cfmd_pass78_target/release/deps/kernel_model-1ab27cc6cd868671)

running 9 tests
test tests::database_state_clone_path_copies_only_the_mutated_relation ... ok
test tests::historical_identity_may_outlive_entity ... ok
test tests::indexed_lifecycle_restriction_preserves_previous_dangling_reference_semantics ... ok
test tests::normalization_removes_dead_entities_from_carriers_and_owned_fields ... ok
test tests::relation_sensitivity_recompile_shares_unaffected_partitions ... ok
test tests::reverse_live_ref_sensitivity_indexes_nested_fields_and_relation_rows ... ok
test tests::set_and_map_equality_are_explicit_semantic_inputs ... ok
test tests::structural_values_are_identity_free_until_reference_is_explicit ... ok
test tests::surviving_entity_cannot_keep_dangling_live_reference ... ok

test result: ok. 9 passed; 0 failed; 0 ignored; 0 measured; 0 filtered out; finished in 0.00s

     Running unittests src/lib.rs (/mnt/data/cfmd_pass78_target/release/deps/kernel_proof-363ef66ef46db1ad)

running 3 tests
test tests::checker_rejects_wrong_rewrite_even_if_shape_is_similar ... ok
test tests::checker_accepts_only_the_exact_filter_fusion_rule ... ok
test tests::optimizer_rewrite_uses_the_same_checked_certificate_boundary ... ok

test result: ok. 3 passed; 0 failed; 0 ignored; 0 measured; 0 filtered out; finished in 0.00s

     Running unittests src/lib.rs (/mnt/data/cfmd_pass78_target/release/deps/kernel_query-6db72dc1d03a0335)

running 73 tests
test relational_tests::coarser_query_equality_is_safe_over_finer_relation_equality ... ok
test relational_tests::canonical_relation_multiset_matches_reference_for_structural_composite_rows ... ok
test relational_tests::distinct_supports_schema_derived_structural_product_equality ... ok
test relational_tests::composite_primitive_group_uses_semantic_index_and_matches_recompute ... ok
test relational_tests::equality_operators_reject_representative_observing_refinements ... ok
test relational_tests::exact_f64_group_sum_rejects_non_finite_input_explicitly ... ok
test relational_tests::exact_f64_group_sum_is_reproducible_and_semantically_typed ... ok
test relational_tests::exact_query_typecheck_rejects_ambiguous_untyped_constant_but_accepts_annotated_one ... ok
test relational_tests::filter_accepts_guarded_recursive_literal_with_recursive_equivalence ... ok
test relational_tests::filter_accepts_structural_option_literal_with_derived_equivalence ... ok
test relational_tests::filter_and_distinct_use_semantic_equality_not_rust_equality ... ok
test relational_tests::generic_group_count_respects_semantic_group_equality ... ok
test relational_tests::filter_rejects_equality_that_can_observe_relation_representatives ... ok
test relational_tests::filter_rejects_reference_literal_with_wrong_nominal_type_before_execution ... ok
test relational_tests::generic_group_count_uses_monoid_identity_for_empty_global_group ... ok
test relational_tests::join_preserves_bag_multiplicity_and_uses_pinned_equality ... ok
test relational_tests::join_rejects_unrelated_entity_reference_types ... ok
test relational_tests::maintained_plan_clone_uses_cow_and_isolates_mutation ... ok
test relational_tests::long_lived_materialized_project_state_survives_sequential_model_changes ... ok
test relational_tests::long_lived_materialized_distinct_state_survives_sequential_model_changes ... ok
test relational_tests::materialized_f64_total_top_k_uses_order_index_across_hostile_values ... ok
test relational_tests::materialized_exact_f64_group_state_matches_recompute_with_deletions ... ok
test relational_tests::materialized_global_group_count_preserves_empty_identity_row ... ok
test relational_tests::materialized_group_input_delta_rejects_malformed_or_underflowing_change_atomically ... ok
test relational_tests::materialized_i64_count_fast_path_matches_recompute_sequentially ... ok
test relational_tests::materialized_join_generic_preserves_ascii_ci_semantics ... ok
test relational_tests::materialized_group_count_state_matches_recompute_across_sequential_changes ... ok
test relational_tests::materialized_i64_top_k_matches_recompute_across_threshold_and_tie_changes ... ok
test relational_tests::materialized_set_support_state_is_context_bound_and_atomic_on_error ... ok
test relational_tests::materialized_set_support_state_updates_without_rebuilding_old_rows ... ok
test relational_tests::materialized_top_k_generic_text_ordering_preserves_semantic_ties ... ok
test relational_tests::materialized_join_i64_two_sided_delta_matches_recompute_and_is_atomic ... ok
test relational_tests::materialized_top_k_rejects_missing_removal_atomically ... ok
test relational_tests::optimized_bag_project_cancels_projected_replacement_pairs ... ok
test relational_tests::materialized_support_state_matches_set_projection_oracle_over_all_small_transitions ... ok
test relational_tests::materialized_support_state_matches_distinct_oracle_over_all_small_transitions ... ok
test relational_tests::optimized_delta_matches_oracle_over_small_hostile_bag_state_space ... ok
test relational_tests::optimized_distinct_support_counts_survive_duplicate_removal ... ok
test relational_tests::optimized_global_group_count_handles_empty_identity_transitions ... ok
test relational_tests::optimized_distinct_matches_oracle_over_small_hostile_state_space ... ok
test relational_tests::optimized_exact_f64_group_local_replay_matches_oracle ... ok
test relational_tests::optimized_group_count_local_replay_matches_oracle_across_group_birth_and_death ... ok
test relational_tests::optimized_promote_to_bag_transports_input_delta ... ok
test relational_tests::optimized_scan_filter_project_delta_matches_recompute_oracle ... ok
test relational_tests::optimized_set_project_uses_support_counts_when_projection_hides_a_removal ... ok
test relational_tests::optimized_top_k_local_replay_matches_oracle_across_threshold_changes ... ok
test relational_tests::optimized_set_project_matches_oracle_over_small_support_state_space ... ok
test relational_tests::pass55_canonical_relation_multiset_benchmark ... ignored, diagnostic benchmark; run explicitly in release mode
test relational_tests::prepared_query_pins_full_semantic_context_not_only_revision_numbers ... ok
test relational_tests::prepared_semantic_query_can_rebind_across_same_contract_implementation_upgrade ... ok
test relational_tests::owned_join_group_top_k_tree_matches_recompute_across_leaf_deltas ... ok
test relational_tests::recursive_maintained_plan_supports_distinct_and_promote_to_bag ... ok
test relational_tests::relational_bag_impact_detects_multiplicity_change ... ok
test relational_tests::recursive_maintained_plan_owns_nontrivial_join_group_top_k_tree ... ok
test relational_tests::relational_bag_impact_ignores_physical_row_order ... ok
test relational_tests::scan_preserves_set_semantics_from_schema ... ok
test relational_tests::relational_impact_uses_bag_semantics_not_rust_row_representation ... ok
test relational_tests::storage_resolved_removal_rejects_handle_payload_mismatch ... ok
test relational_tests::structural_and_primitive_group_uses_canonical_lookup_and_matches_recompute ... ok
test relational_tests::structural_join_equivalence_uses_canonical_index_and_delta_matches_oracle ... ok
test relational_tests::top_k_rejects_ordering_with_wrong_semantic_domain_before_execution ... ok
test relational_tests::top_k_requires_ordering_congruent_with_relation_equality ... ok
test relational_tests::top_k_with_ties_is_exact_without_observing_physical_row_order ... ok
test relational_tests::typecheck_rejects_wrong_constant_type_on_empty_relation ... ok
test relational_tests::typecheck_rejects_wrong_equality_even_for_empty_relation ... ok
test tests::impact_can_certify_unchanged_result_without_host_callback ... ok
test tests::integer_overflow_is_not_plan_dependent_wraparound ... ok
test tests::logical_errors_are_deterministic_values_of_query_semantics ... ok
test tests::optimized_sequence_length_delta_matches_from_scratch ... ok
test tests::universal_derivative_satisfies_from_scratch_law ... ok
test relational_tests::semantic_indexed_join_accepts_same_call_remove_insert_replacement ... ok
test relational_tests::optimized_composed_set_distinct_join_promote_pipeline_matches_oracle ... ok
test relational_tests::optimized_join_local_replay_matches_oracle_over_two_sided_state_space ... ok

test result: ok. 72 passed; 0 failed; 1 ignored; 0 measured; 0 filtered out; finished in 0.01s

     Running unittests examples/maintained_group_bench.rs (/mnt/data/cfmd_pass78_target/release/examples/maintained_group_bench-958734d4eee9c852)

running 0 tests

test result: ok. 0 passed; 0 failed; 0 ignored; 0 measured; 0 filtered out; finished in 0.00s

     Running unittests examples/maintained_state_tree_bench.rs (/mnt/data/cfmd_pass78_target/release/examples/maintained_state_tree_bench-85f85cd9e5b99399)

running 0 tests

test result: ok. 0 passed; 0 failed; 0 ignored; 0 measured; 0 filtered out; finished in 0.00s

     Running unittests examples/maintained_top_k_bench.rs (/mnt/data/cfmd_pass78_target/release/examples/maintained_top_k_bench-d6da16c4c5606217)

running 0 tests

test result: ok. 0 passed; 0 failed; 0 ignored; 0 measured; 0 filtered out; finished in 0.00s

     Running unittests examples/semantic_index_join_bench.rs (/mnt/data/cfmd_pass78_target/release/examples/semantic_index_join_bench-ce171620c18497eb)

running 0 tests

test result: ok. 0 passed; 0 failed; 0 ignored; 0 measured; 0 filtered out; finished in 0.00s

     Running unittests src/lib.rs (/mnt/data/cfmd_pass78_target/release/deps/kernel_retention-c398571208563b30)

running 3 tests
test tests::branch_condition_taints_result_through_pc_label ... ok
test tests::explicit_dataflow_joins_retention_labels ... ok
test tests::overflow_is_explicit_in_tracked_arithmetic ... ok

test result: ok. 3 passed; 0 failed; 0 ignored; 0 measured; 0 filtered out; finished in 0.00s

     Running unittests src/lib.rs (/mnt/data/cfmd_pass78_target/release/deps/kernel_revision-bc239be2a8fccbfc)

running 6 tests
test tests::certified_relation_update_revalidates_the_pinned_semantic_registry ... ok
test tests::construction_always_runs_registry_and_typed_validation ... ok
test tests::certified_relation_update_matches_full_normalization_for_dangling_live_ref_rows ... ok
test tests::relation_update_reuses_revision_local_derivatives_and_rejects_static_changes ... ok
test tests::revision_owns_one_shared_dense_identity_projection_for_physical_derivatives ... ok
test tests::revision_pins_full_context_not_only_numeric_ids ... ok

test result: ok. 6 passed; 0 failed; 0 ignored; 0 measured; 0 filtered out; finished in 0.00s

     Running unittests src/lib.rs (/mnt/data/cfmd_pass78_target/release/deps/kernel_schema-bc9b99a2e36c1a23)

running 10 tests
test tests::naked_recursive_variable_is_rejected ... ok
test tests::context_requires_all_semantic_modules_referenced_by_schema ... ok
test tests::open_capability_is_not_closed_sum ... ok
test tests::free_type_variable_is_rejected ... ok
test tests::rename_preserves_semantic_identity ... ok
test tests::semantic_environment_is_explicitly_versioned ... ok
test tests::set_relation_requires_one_equivalence_per_column ... ok
test tests::recursive_document_type_is_guarded_and_valid ... ok
test tests::subtype_diamond_is_coherent_but_cycles_are_rejected ... ok
test tests::subtype_adjacency_matches_direct_relation_scan_reference ... ok

test result: ok. 10 passed; 0 failed; 0 ignored; 0 measured; 0 filtered out; finished in 0.00s

