HOST_QEMU_PID=19604 MODE=arm CUT=after-obsolete-remove START=1790203772.7540128
c[?7l[2J[0mSeaBIOS (version 1.16.3-debian-1.16.3-2)
Booting from ROM...
c[?7l[2J[    0.000000] Linux version 6.18.52-0-virt (buildozer@build-3-24-x86_64) (cc (Alpine 15.2.0) 15.2.0, GNU ld (GNU Binutils) 2.45.1) #1-Alpine SMP PREEMPT_DYNAMIC 2026-09-15 05:37:48
[    0.000000] Command line: console=ttyS0,115200 cfmd_mode=arm cfmd_cut=after-obsolete-remove
[    0.000000] BIOS-provided physical RAM map:
[    0.000000] BIOS-e820: [mem 0x0000000000000000-0x000000000009fbff] usable
[    0.000000] BIOS-e820: [mem 0x000000000009fc00-0x000000000009ffff] reserved
[    0.000000] BIOS-e820: [mem 0x00000000000f0000-0x00000000000fffff] reserved
[    0.000000] BIOS-e820: [mem 0x0000000000100000-0x000000000bfdcfff] usable
[    0.000000] BIOS-e820: [mem 0x000000000bfdd000-0x000000000bffffff] reserved
[    0.000000] BIOS-e820: [mem 0x00000000fffc0000-0x00000000ffffffff] reserved
[    0.000000] BIOS-e820: [mem 0x000000fd00000000-0x000000ffffffffff] reserved
[    0.000000] NX (Execute Disable) protection: active
[    0.000000] APIC: Static calls initialized
[    0.000000] SMBIOS 3.0.0 present.
[    0.000000] DMI: QEMU Ubuntu 24.04 PC v2 (i440FX + PIIX, arch_caps fix, 1996), BIOS 1.16.3-debian-1.16.3-2 04/01/2014
[    0.000000] DMI: Memory slots populated: 1/1
[    0.000000] tsc: Fast TSC calibration using PIT
[    0.000000] tsc: Detected 2596.060 MHz processor
[    0.007538] last_pfn = 0xbfdd max_arch_pfn = 0x400000000
[    0.008271] MTRR map: 4 entries (3 fixed + 1 variable; max 19), built from 8 variable MTRRs
[    0.008444] x86/PAT: Configuration [0-7]: WB  WC  UC- UC  WB  WP  UC- WT  
[    0.024290] found SMP MP-table at [mem 0x000f5480-0x000f548f]
[    0.029314] RAMDISK: [mem 0x0b516000-0x0bfcffff]
[    0.029536] ACPI: Early table checksum verification disabled
[    0.029846] ACPI: RSDP 0x00000000000F5290 000014 (v00 BOCHS )
[    0.030129] ACPI: RSDT 0x000000000BFE1C52 000034 (v01 BOCHS  BXPC     00000001 BXPC 00000001)
[    0.030577] ACPI: FACP 0x000000000BFE1B06 000074 (v01 BOCHS  BXPC     00000001 BXPC 00000001)
[    0.031079] ACPI: DSDT 0x000000000BFE0040 001AC6 (v01 BOCHS  BXPC     00000001 BXPC 00000001)
[    0.031135] ACPI: FACS 0x000000000BFE0000 000040
[    0.031184] ACPI: APIC 0x000000000BFE1B7A 000078 (v03 BOCHS  BXPC     00000001 BXPC 00000001)
[    0.031215] ACPI: HPET 0x000000000BFE1BF2 000038 (v01 BOCHS  BXPC     00000001 BXPC 00000001)
[    0.031230] ACPI: WAET 0x000000000BFE1C2A 000028 (v01 BOCHS  BXPC     00000001 BXPC 00000001)
[    0.031316] ACPI: Reserving FACP table memory at [mem 0xbfe1b06-0xbfe1b79]
[    0.031342] ACPI: Reserving DSDT table memory at [mem 0xbfe0040-0xbfe1b05]
[    0.031349] ACPI: Reserving FACS table memory at [mem 0xbfe0000-0xbfe003f]
[    0.031353] ACPI: Reserving APIC table memory at [mem 0xbfe1b7a-0xbfe1bf1]
[    0.031357] ACPI: Reserving HPET table memory at [mem 0xbfe1bf2-0xbfe1c29]
[    0.031362] ACPI: Reserving WAET table memory at [mem 0xbfe1c2a-0xbfe1c51]
[    0.034072] No NUMA configuration found
[    0.034090] Faking a node at [mem 0x0000000000000000-0x000000000bfdcfff]
[    0.034767] NODE_DATA(0) allocated [mem 0x0bfd8d40-0x0bfdcfff]
[    0.037076] Zone ranges:
[    0.037099]   DMA      [mem 0x0000000000001000-0x0000000000ffffff]
[    0.037161]   DMA32    [mem 0x0000000001000000-0x000000000bfdcfff]
[    0.037169]   Normal   empty
[    0.037191] Movable zone start for each node
[    0.037223] Early memory node ranges
[    0.037247]   node   0: [mem 0x0000000000001000-0x000000000009efff]
[    0.037393]   node   0: [mem 0x0000000000100000-0x000000000bfdcfff]
[    0.037530] Initmem setup node 0 [mem 0x0000000000001000-0x000000000bfdcfff]
[    0.043667] On node 0, zone DMA: 1 pages in unavailable ranges
[    0.043900] On node 0, zone DMA: 97 pages in unavailable ranges
[    0.050132] On node 0, zone DMA32: 16419 pages in unavailable ranges
[    0.050721] ACPI: PM-Timer IO Port: 0x608
[    0.051221] ACPI: LAPIC_NMI (acpi_id[0xff] dfl dfl lint[0x1])
[    0.051585] IOAPIC[0]: apic_id 0, version 32, address 0xfec00000, GSI 0-23
[    0.051704] ACPI: INT_SRC_OVR (bus 0 bus_irq 0 global_irq 2 dfl dfl)
[    0.052004] ACPI: INT_SRC_OVR (bus 0 bus_irq 5 global_irq 5 high level)
[    0.052047] ACPI: INT_SRC_OVR (bus 0 bus_irq 9 global_irq 9 high level)
[    0.052215] ACPI: INT_SRC_OVR (bus 0 bus_irq 10 global_irq 10 high level)
[    0.052225] ACPI: INT_SRC_OVR (bus 0 bus_irq 11 global_irq 11 high level)
[    0.052450] ACPI: Using ACPI (MADT) for SMP configuration information
[    0.052496] ACPI: HPET id: 0x8086a201 base: 0xfed00000
[    0.052889] CPU topo: Max. logical packages:   1
[    0.052899] CPU topo: Max. logical dies:       1
[    0.052906] CPU topo: Max. dies per package:   1
[    0.052948] CPU topo: Max. threads per core:   1
[    0.053105] CPU topo: Num. cores per package:     1
[    0.053117] CPU topo: Num. threads per package:   1
[    0.053123] CPU topo: Allowing 1 present CPUs plus 0 hotplug CPUs
[    0.054064] [mem 0x0c000000-0xfffbffff] available for PCI devices
[    0.054126] Booting paravirtualized kernel on bare hardware
[    0.054325] clocksource: refined-jiffies: mask: 0xffffffff max_cycles: 0xffffffff, max_idle_ns: 1910969940391419 ns
[    0.064394] setup_percpu: NR_CPUS:256 nr_cpumask_bits:1 nr_cpu_ids:1 nr_node_ids:1
[    0.075390] percpu: Embedded 55 pages/cpu s186200 r8192 d30888 u2097152
[    0.082083] Kernel command line: console=ttyS0,115200 cfmd_mode=arm cfmd_cut=after-obsolete-remove
[    0.083065] Unknown kernel command line parameters "cfmd_mode=arm cfmd_cut=after-obsolete-remove", will be passed to user space.
[    0.083303] printk: log buffer data + meta data: 131072 + 458752 = 589824 bytes
[    0.083560] Dentry cache hash table entries: 32768 (order: 6, 262144 bytes, linear)
[    0.083688] Inode-cache hash table entries: 16384 (order: 5, 131072 bytes, linear)
[    0.087405] Fallback order for Node 0: 0 
[    0.087656] Built 1 zonelists, mobility grouping on.  Total pages: 49019
[    0.087673] Policy zone: DMA32
[    0.094236] mem auto-init: stack:all(zero), heap alloc:on, heap free:off
[    0.139287] SLUB: HWalign=64, Order=0-3, MinObjects=0, CPUs=1, Nodes=1
[    0.152140] Dynamic Preempt: none
[    0.170237] rcu: Preemptible hierarchical RCU implementation.
[    0.170289] rcu: 	RCU restricting CPUs from NR_CPUS=256 to nr_cpu_ids=1.
[    0.170506] 	Trampoline variant of Tasks RCU enabled.
[    0.170519] 	Tracing variant of Tasks RCU enabled.
[    0.170604] rcu: RCU calculated value of scheduler-enlistment delay is 100 jiffies.
[    0.170632] rcu: Adjusting geometry for rcu_fanout_leaf=16, nr_cpu_ids=1
[    0.171803] RCU Tasks: Setting shift to 0 and lim to 1 rcu_task_cb_adjust=1 rcu_task_cpu_ids=1.
[    0.171829] RCU Tasks Trace: Setting shift to 0 and lim to 1 rcu_task_cb_adjust=1 rcu_task_cpu_ids=1.
[    0.219849] NR_IRQS: 16640, nr_irqs: 256, preallocated irqs: 16
[    0.231473] rcu: srcu_init: Setting srcu_struct sizes based on contention.
[    0.232344] clocksource: jiffies: mask: 0xffffffff max_cycles: 0xffffffff, max_idle_ns: 1911260446275000 ns
[    0.239200] kfence: initialized - using 2097152 bytes for 255 objects at 0x(____ptrval____)-0x(____ptrval____)
[    0.246367] Console: colour VGA+ 80x25
[    0.248684] printk: legacy console [ttyS0] enabled
[    0.262403] ACPI: Core revision 20250807
[    0.269799] clocksource: hpet: mask: 0xffffffff max_cycles: 0xffffffff, max_idle_ns: 19112604467 ns
[    0.271583] APIC: Switch to symmetric I/O mode setup
[    0.278757] ..TIMER: vector=0x30 apic1=0 pin1=2 apic2=-1 pin2=-1
[    0.284288] clocksource: tsc-early: mask: 0xffffffffffffffff max_cycles: 0x256bb210993, max_idle_ns: 440795283596 ns
[    0.284754] Calibrating delay loop (skipped), value calculated using timer frequency.. 5192.12 BogoMIPS (lpj=2596060)
[    0.287212] Last level iTLB entries: 4KB 512, 2MB 255, 4MB 127
[    0.287305] Last level dTLB entries: 4KB 512, 2MB 255, 4MB 127, 1GB 0
[    0.287744] mitigations: Enabled attack vectors: user_kernel, user_user, guest_host, guest_guest, SMT mitigations: auto
[    0.288331] Spectre V2 : Mitigation: Retpolines
[    0.288709] Spectre V1 : Mitigation: usercopy/swapgs barriers and __user pointer sanitization
[    0.288943] Spectre V2 : Spectre v2 / SpectreRSB: Filling RSB on context switch and VMEXIT
[    0.291401] x86/fpu: x87 FPU will use FXSAVE
[    0.624155] Freeing SMP alternatives memory: 40K
[    0.625321] pid_max: default: 32768 minimum: 301
[    0.636010] LSM: initializing lsm=lockdown,capability,landlock,yama
[    0.639850] landlock: Up and running.
[    0.639935] Yama: becoming mindful.
[    0.643172] Mount-cache hash table entries: 512 (order: 0, 4096 bytes, linear)
[    0.643343] Mountpoint-cache hash table entries: 512 (order: 0, 4096 bytes, linear)
[    0.781546] smpboot: CPU0: AMD QEMU Virtual CPU version 2.5+ (family: 0xf, model: 0x6b, stepping: 0x1)
[    0.792178] Performance Events: PMU not available due to virtualization, using software events only.
[    0.793354] signal: max sigframe size: 1440
[    0.797338] rcu: Hierarchical SRCU implementation.
[    0.797465] rcu: 	Max phase no-delay instances is 400.
[    0.804441] NMI watchdog: Perf NMI watchdog permanently disabled
[    0.808162] smp: Bringing up secondary CPUs ...
[    0.811333] smp: Brought up 1 node, 1 CPU
[    0.811581] smpboot: Total of 1 processors activated (5192.12 BogoMIPS)
[    0.818077] Memory: 137828K/196076K available (14690K kernel code, 2033K rwdata, 9872K rodata, 3008K init, 1148K bss, 55612K reserved, 0K cma-reserved)
[    0.825333] devtmpfs: initialized
[    0.828921] x86/mm: Memory block size: 128MB
[    0.837210] posixtimers hash table entries: 512 (order: 1, 8192 bytes, linear)
[    0.837767] futex hash table entries: 256 (16384 bytes on 1 NUMA nodes, total 16 KiB, linear).
[    0.853130] NET: Registered PF_NETLINK/PF_ROUTE protocol family
[    0.856128] audit: initializing netlink subsys (disabled)
[    0.860070] thermal_sys: Registered thermal governor 'step_wise'
[    0.860832] audit: type=2000 audit(1790203773.583:1): state=initialized audit_enabled=0 res=1
[    0.861396] cpuidle: using governor ladder
[    0.861621] cpuidle: using governor menu
[    0.863086] acpiphp: ACPI Hot Plug PCI Controller Driver version: 0.5
[    0.866677] PCI: Using configuration type 1 for base access
[    0.869424] kprobes: kprobe jump-optimization is enabled. All kprobes are optimized if possible.
[    0.878211] HugeTLB: registered 2.00 MiB page size, pre-allocated 0 pages
[    0.878326] HugeTLB: 28 KiB vmemmap can be freed for a 2.00 MiB page
[    0.893589] ACPI: Added _OSI(Module Device)
[    0.893730] ACPI: Added _OSI(Processor Device)
[    0.893785] ACPI: Added _OSI(Processor Aggregator Device)
[    0.904951] ACPI: 1 ACPI AML tables successfully acquired and loaded
[    0.945623] ACPI: Interpreter enabled
[    0.947283] ACPI: PM: (supports S0 S3 S5)
[    0.947409] ACPI: Using IOAPIC for interrupt routing
[    0.948104] PCI: Using host bridge windows from ACPI; if necessary, use "pci=nocrs" and report a bug
[    0.948229] PCI: Using E820 reservations for host bridge windows
[    0.949642] ACPI: Enabled 2 GPEs in block 00 to 0F
[    1.001716] ACPI: PCI Root Bridge [PCI0] (domain 0000 [bus 00-ff])
[    1.002432] acpi PNP0A03:00: _OSC: OS supports [ASPM ClockPM Segments MSI HPX-Type3]
[    1.002722] acpi PNP0A03:00: _OSC: not requesting OS control; OS requires [ExtendedConfig ASPM ClockPM MSI]
[    1.003351] acpi PNP0A03:00: fail to add MMCONFIG information, can't access extended configuration space under this bridge
[    1.008933] acpiphp: Slot [3] registered
[    1.009107] acpiphp: Slot [4] registered
[    1.009221] acpiphp: Slot [5] registered
[    1.009309] acpiphp: Slot [6] registered
[    1.009394] acpiphp: Slot [7] registered
[    1.009587] acpiphp: Slot [8] registered
[    1.009727] acpiphp: Slot [9] registered
[    1.009815] acpiphp: Slot [10] registered
[    1.009920] acpiphp: Slot [11] registered
[    1.010017] acpiphp: Slot [12] registered
[    1.010101] acpiphp: Slot [13] registered
[    1.010179] acpiphp: Slot [14] registered
[    1.010256] acpiphp: Slot [15] registered
[    1.010335] acpiphp: Slot [16] registered
[    1.010412] acpiphp: Slot [17] registered
[    1.010598] acpiphp: Slot [18] registered
[    1.010740] acpiphp: Slot [19] registered
[    1.010832] acpiphp: Slot [20] registered
[    1.010912] acpiphp: Slot [21] registered
[    1.010990] acpiphp: Slot [22] registered
[    1.011066] acpiphp: Slot [23] registered
[    1.011144] acpiphp: Slot [24] registered
[    1.011221] acpiphp: Slot [25] registered
[    1.011298] acpiphp: Slot [26] registered
[    1.011389] acpiphp: Slot [27] registered
[    1.011490] acpiphp: Slot [28] registered
[    1.011737] acpiphp: Slot [29] registered
[    1.011831] acpiphp: Slot [30] registered
[    1.011912] acpiphp: Slot [31] registered
[    1.012179] PCI host bridge to bus 0000:00
[    1.012441] pci_bus 0000:00: root bus resource [io  0x0000-0x0cf7 window]
[    1.012679] pci_bus 0000:00: root bus resource [io  0x0d00-0xffff window]
[    1.012749] pci_bus 0000:00: root bus resource [mem 0x000a0000-0x000bffff window]
[    1.012851] pci_bus 0000:00: root bus resource [mem 0x0c000000-0xfebfffff window]
[    1.012915] pci_bus 0000:00: root bus resource [mem 0x100000000-0x17fffffff window]
[    1.013097] pci_bus 0000:00: root bus resource [bus 00-ff]
[    1.014296] pci 0000:00:00.0: [8086:1237] type 00 class 0x060000 conventional PCI endpoint
[    1.019089] pci 0000:00:01.0: [8086:7000] type 00 class 0x060100 conventional PCI endpoint
[    1.020086] pci 0000:00:01.1: [8086:7010] type 00 class 0x010180 conventional PCI endpoint
[    1.020782] pci 0000:00:01.1: BAR 4 [io  0xc080-0xc08f]
[    1.020925] pci 0000:00:01.1: BAR 0 [io  0x01f0-0x01f7]: legacy IDE quirk
[    1.021009] pci 0000:00:01.1: BAR 1 [io  0x03f6]: legacy IDE quirk
[    1.021095] pci 0000:00:01.1: BAR 2 [io  0x0170-0x0177]: legacy IDE quirk
[    1.021166] pci 0000:00:01.1: BAR 3 [io  0x0376]: legacy IDE quirk
[    1.021922] pci 0000:00:01.3: [8086:7113] type 00 class 0x068000 conventional PCI endpoint
[    1.022289] pci 0000:00:01.3: quirk: [io  0x0600-0x063f] claimed by PIIX4 ACPI
[    1.022395] pci 0000:00:01.3: quirk: [io  0x0700-0x070f] claimed by PIIX4 SMB
[    1.023052] pci 0000:00:02.0: [1234:1111] type 00 class 0x030000 conventional PCI endpoint
[    1.023591] pci 0000:00:02.0: BAR 0 [mem 0xfd000000-0xfdffffff pref]
[    1.023723] pci 0000:00:02.0: BAR 2 [mem 0xfebf0000-0xfebf0fff]
[    1.023791] pci 0000:00:02.0: ROM [mem 0xfebe0000-0xfebeffff pref]
[    1.024042] pci 0000:00:02.0: Video device with shadowed ROM at [mem 0x000c0000-0x000dffff]
[    1.026684] pci 0000:00:03.0: [1af4:1001] type 00 class 0x010000 conventional PCI endpoint
[    1.027923] pci 0000:00:03.0: BAR 0 [io  0xc000-0xc07f]
[    1.028054] pci 0000:00:03.0: BAR 1 [mem 0xfebf1000-0xfebf1fff]
[    1.028150] pci 0000:00:03.0: BAR 4 [mem 0xfe000000-0xfe003fff 64bit pref]
[    1.035851] ACPI: PCI: Interrupt link LNKA configured for IRQ 10
[    1.036348] ACPI: PCI: Interrupt link LNKB configured for IRQ 10
[    1.036805] ACPI: PCI: Interrupt link LNKC configured for IRQ 11
[    1.037094] ACPI: PCI: Interrupt link LNKD configured for IRQ 11
[    1.037263] ACPI: PCI: Interrupt link LNKS configured for IRQ 9
[    1.040771] iommu: Default domain type: Translated
[    1.040869] iommu: DMA domain TLB invalidation policy: lazy mode
[    1.043576] SCSI subsystem initialized
[    1.044908] pps_core: LinuxPPS API ver. 1 registered
[    1.044982] pps_core: Software ver. 5.3.6 - Copyright 2005-2007 Rodolfo Giometti <giometti@linux.it>
[    1.045131] PTP clock support registered
[    1.055367] PCI: Using ACPI for IRQ routing
[    1.058044] hpet: 3 channels of 0 reserved for per-cpu timers
[    1.059546] clocksource: Switched to clocksource tsc-early
[    1.069672] VFS: Disk quotas dquot_6.6.0
[    1.070053] VFS: Dquot-cache hash table entries: 512 (order 0, 4096 bytes)
[    1.082165] pnp: PnP ACPI init
[    1.085767] pnp: PnP ACPI: found 5 devices
[    1.111531] clocksource: acpi_pm: mask: 0xffffff max_cycles: 0xffffff, max_idle_ns: 2085701024 ns
[    1.113081] NET: Registered PF_INET protocol family
[    1.114088] IP idents hash table entries: 4096 (order: 3, 32768 bytes, linear)
[    1.171706] tcp_listen_portaddr_hash hash table entries: 256 (order: 0, 4096 bytes, linear)
[    1.172188] Table-perturb hash table entries: 65536 (order: 6, 262144 bytes, linear)
[    1.172356] TCP established hash table entries: 2048 (order: 2, 16384 bytes, linear)
[    1.172579] TCP bind hash table entries: 2048 (order: 4, 65536 bytes, linear)
[    1.172751] TCP: Hash tables configured (established 2048 bind 2048)
[    1.179473] MPTCP token hash table entries: 256 (order: 1, 6144 bytes, linear)
[    1.179913] UDP hash table entries: 256 (order: 2, 16384 bytes, linear)
[    1.180250] UDP-Lite hash table entries: 256 (order: 2, 16384 bytes, linear)
[    1.181730] NET: Registered PF_UNIX/PF_LOCAL protocol family
[    1.182355] NET: Registered PF_XDP protocol family
[    1.183253] pci_bus 0000:00: resource 4 [io  0x0000-0x0cf7 window]
[    1.183350] pci_bus 0000:00: resource 5 [io  0x0d00-0xffff window]
[    1.183407] pci_bus 0000:00: resource 6 [mem 0x000a0000-0x000bffff window]
[    1.183472] pci_bus 0000:00: resource 7 [mem 0x0c000000-0xfebfffff window]
[    1.183531] pci_bus 0000:00: resource 8 [mem 0x100000000-0x17fffffff window]
[    1.184211] pci 0000:00:01.0: PIIX3: Enabling Passive Release
[    1.184354] pci 0000:00:00.0: Limiting direct PCI/PCI transfers
[    1.184506] PCI: CLS 0 bytes, default 64
[    1.189291] Initialise system trusted keyrings
[    1.197478] Unpacking initramfs...
[    1.212315] workingset: timestamp_bits=40 max_order=16 bucket_order=0
[    1.215782] Key type asymmetric registered
[    1.216007] Asymmetric key parser 'x509' registered
[    1.216478] Block layer SCSI generic (bsg) driver version 0.4 loaded (major 247)
[    1.227559] io scheduler mq-deadline registered
[    1.227705] io scheduler kyber registered
[    1.228154] io scheduler bfq registered
[    1.247861] ERST DBG: ERST support is disabled.
[    1.346780] ACPI: \_SB_.LNKC: Enabled at IRQ 11
[    1.467795] Serial: 8250/16550 driver, 4 ports, IRQ sharing enabled
[    1.471752] 00:04: ttyS0 at I/O 0x3f8 (irq = 4, base_baud = 115200) is a 16550A
[    1.492056] VMware PVSCSI driver - version 1.0.7.0-k
[    1.508197] scsi host0: ata_piix
[    1.535579] scsi host1: ata_piix
[    1.536264] ata1: PATA max MWDMA2 cmd 0x1f0 ctl 0x3f6 bmdma 0xc080 irq 14 lpm-pol 0
[    1.536552] ata2: PATA max MWDMA2 cmd 0x170 ctl 0x376 bmdma 0xc088 irq 15 lpm-pol 0
[    1.537703] hv_vmbus: registering driver hv_netvsc
[    1.538875] i8042: PNP: PS/2 Controller [PNP0303:KBD,PNP0f13:MOU] at 0x60,0x64 irq 1,12
[    1.542534] serio: i8042 KBD port at 0x60,0x64 irq 1
[    1.542769] serio: i8042 AUX port at 0x60,0x64 irq 12
[    1.543111] hv_vmbus: registering driver hyperv_keyboard
[    1.544237] rtc_cmos PNP0B00:00: RTC can wake from S4
[    1.550896] input: AT Translated Set 2 keyboard as /devices/platform/i8042/serio0/input/input0
[    1.567661] rtc_cmos PNP0B00:00: registered as rtc0
[    1.568260] rtc_cmos PNP0B00:00: setting system clock to 2026-09-23T22:49:34 UTC (1790203774)
[    1.569394] rtc_cmos PNP0B00:00: alarms up to one day, y3k, 242 bytes nvram, hpet irqs
[    1.569897] amd_pstate: the _CPC object is not present in SBIOS or ACPI disabled
[    1.578347] gre: GRE over IPv4 demultiplexer driver
[    1.579614] NET: Registered PF_INET6 protocol family
[    1.595372] Segment Routing with IPv6
[    1.595704] In-situ OAM (IOAM) with IPv6
[    1.609715] Key type dns_resolver registered
[    1.610889] IPI shorthand broadcast: enabled
[    1.624174] sched_clock: Marking stable (1582072776, 41326900)->(1672330512, -48930836)
[    1.666628] registered taskstats version 1
[    1.669280] Loading compiled-in X.509 certificates
[    1.715053] ata2: found unknown device (class 0)
[    1.725567] ata2.00: ATAPI: QEMU DVD-ROM, 2.5+, max UDMA/100
[    1.755272] scsi 1:0:0:0: CD-ROM            QEMU     QEMU DVD-ROM     2.5+ PQ: 0 ANSI: 5
[    2.021666] Freeing initrd memory: 10984K
[    2.181500] Loaded X.509 cert 'alpinelinux.org: Alpine Linux kernel key: d76a695f66ad9cd28f5c22a8508f36e91f521f7a'
[    2.196183] Demotion targets for Node 0: null
[    2.197556] Key type .fscrypt registered
[    2.197631] Key type fscrypt-provisioning registered
[    2.292738] Freeing unused kernel image (initmem) memory: 3008K
[    2.293205] Write protecting the kernel read-only data: 26624k
[    2.295655] Freeing unused kernel image (text/rodata gap) memory: 1692K
[    2.296114] Freeing unused kernel image (rodata/data gap) memory: 368K
[    2.296656] rodata_test: all tests were successful
[    2.296889] Run /init as init process
[    2.297606] tsc: Refined TSC clocksource calibration: 2596.090 MHz
[    2.297942] clocksource: tsc: mask: 0xffffffffffffffff max_cycles: 0x256bce70c76, max_idle_ns: 440795249075 ns
[    2.298162] clocksource: Switched to clocksource tsc
CFMD_MININIT_BEGIN
CFMD_ARGS mode=arm cut=after-obsolete-remove
[    2.592991] virtio_blk virtio0: 1/0/0 default/read/poll queues
[    2.601205] virtio_blk virtio0: [vda] 1048576 512-byte logical blocks (537 MB/512 MiB)
[    3.183321] EXT4-fs (vda): 1 orphan inode deleted
[    3.183595] EXT4-fs (vda): recovery complete
[    3.192914] EXT4-fs (vda): mounted filesystem 632c2322-b79e-11f1-80e3-d1c9cdf3a3a0 r/w with ordered data mode. Quota mode: none.
CFMD_MOUNT_RC=0
25 1 253:0 / /mnt/cfmd rw,relatime - ext4 /dev/vda rw,data=ordered
PROFILE_OK profile=LinuxExt4Ordered kernel=6.18.52-0-virt fs=ext4 source=/dev/vda options=["rw", "relatime"]/["rw", "data=ordered"]
ARMED cut=after-obsolete-remove -- perform HARD POWE
HOST_ARMED_SEEN elapsed=4.389; HARD_POWER_CUT=SIGKILL_QEMU

HOST_OUTCOME=HARD_CUT_SENT ELAPSED=4.393 EXIT=-9
