HOST_QEMU_PID=19656 MODE=arm CUT=after-obsolete-directory-sync START=1790203806.1594453
c[?7l[2J[0mSeaBIOS (version 1.16.3-debian-1.16.3-2)
Booting from ROM...
c[?7l[2J[    0.000000] Linux version 6.18.52-0-virt (buildozer@build-3-24-x86_64) (cc (Alpine 15.2.0) 15.2.0, GNU ld (GNU Binutils) 2.45.1) #1-Alpine SMP PREEMPT_DYNAMIC 2026-09-15 05:37:48
[    0.000000] Command line: console=ttyS0,115200 cfmd_mode=arm cfmd_cut=after-obsolete-directory-sync
[    0.000000] BIOS-provided physical RAM map:
[    0.000000] BIOS-e820: [mem 0x0000000000000000-0x000000000009fbff] usable
[    0.000000] BIOS-e820: [mem 0x000000000009fc00-0x000000000009ffff] reserved
[    0.000000] BIOS-e820: [mem 0x00000000000f0000-0x00000000000fffff] reserved
[    0.000000] BIOS-e820: [mem 0x0000000000100000-0x000000000bfdcfff] usable
[    0.000000] BIOS-e820: [mem 0x000000000bfdd000-0x000000000bffffff] reserved
[    0.000000] BIOS-e820: [mem 0x00000000fffc0000-0x00000000ffffffff] reserved
[    0.000000] BIOS-e820: [mem 0x000000fd00000000-0x000000ffffffffff] reserved
[    0.000000] NX (Execute Disable) protection: active
[    0.000000] APIC: Static calls initialized
[    0.000000] SMBIOS 3.0.0 present.
[    0.000000] DMI: QEMU Ubuntu 24.04 PC v2 (i440FX + PIIX, arch_caps fix, 1996), BIOS 1.16.3-debian-1.16.3-2 04/01/2014
[    0.000000] DMI: Memory slots populated: 1/1
[    0.000000] tsc: Fast TSC calibration failed
[    0.000000] last_pfn = 0xbfdd max_arch_pfn = 0x400000000
[    0.000000] MTRR map: 4 entries (3 fixed + 1 variable; max 19), built from 8 variable MTRRs
[    0.000000] x86/PAT: Configuration [0-7]: WB  WC  UC- UC  WB  WP  UC- WT  
[    0.000000] found SMP MP-table at [mem 0x000f5480-0x000f548f]
[    0.000000] RAMDISK: [mem 0x0b516000-0x0bfcffff]
[    0.000000] ACPI: Early table checksum verification disabled
[    0.000000] ACPI: RSDP 0x00000000000F5290 000014 (v00 BOCHS )
[    0.000000] ACPI: RSDT 0x000000000BFE1C52 000034 (v01 BOCHS  BXPC     00000001 BXPC 00000001)
[    0.000000] ACPI: FACP 0x000000000BFE1B06 000074 (v01 BOCHS  BXPC     00000001 BXPC 00000001)
[    0.000000] ACPI: DSDT 0x000000000BFE0040 001AC6 (v01 BOCHS  BXPC     00000001 BXPC 00000001)
[    0.000000] ACPI: FACS 0x000000000BFE0000 000040
[    0.000000] ACPI: APIC 0x000000000BFE1B7A 000078 (v03 BOCHS  BXPC     00000001 BXPC 00000001)
[    0.000000] ACPI: HPET 0x000000000BFE1BF2 000038 (v01 BOCHS  BXPC     00000001 BXPC 00000001)
[    0.000000] ACPI: WAET 0x000000000BFE1C2A 000028 (v01 BOCHS  BXPC     00000001 BXPC 00000001)
[    0.000000] ACPI: Reserving FACP table memory at [mem 0xbfe1b06-0xbfe1b79]
[    0.000000] ACPI: Reserving DSDT table memory at [mem 0xbfe0040-0xbfe1b05]
[    0.000000] ACPI: Reserving FACS table memory at [mem 0xbfe0000-0xbfe003f]
[    0.000000] ACPI: Reserving APIC table memory at [mem 0xbfe1b7a-0xbfe1bf1]
[    0.000000] ACPI: Reserving HPET table memory at [mem 0xbfe1bf2-0xbfe1c29]
[    0.000000] ACPI: Reserving WAET table memory at [mem 0xbfe1c2a-0xbfe1c51]
[    0.000000] No NUMA configuration found
[    0.000000] Faking a node at [mem 0x0000000000000000-0x000000000bfdcfff]
[    0.000000] NODE_DATA(0) allocated [mem 0x0bfd8d40-0x0bfdcfff]
[    0.000000] Zone ranges:
[    0.000000]   DMA      [mem 0x0000000000001000-0x0000000000ffffff]
[    0.000000]   DMA32    [mem 0x0000000001000000-0x000000000bfdcfff]
[    0.000000]   Normal   empty
[    0.000000] Movable zone start for each node
[    0.000000] Early memory node ranges
[    0.000000]   node   0: [mem 0x0000000000001000-0x000000000009efff]
[    0.000000]   node   0: [mem 0x0000000000100000-0x000000000bfdcfff]
[    0.000000] Initmem setup node 0 [mem 0x0000000000001000-0x000000000bfdcfff]
[    0.000000] On node 0, zone DMA: 1 pages in unavailable ranges
[    0.000000] On node 0, zone DMA: 97 pages in unavailable ranges
[    0.000000] On node 0, zone DMA32: 16419 pages in unavailable ranges
[    0.000000] ACPI: PM-Timer IO Port: 0x608
[    0.000000] ACPI: LAPIC_NMI (acpi_id[0xff] dfl dfl lint[0x1])
[    0.000000] IOAPIC[0]: apic_id 0, version 32, address 0xfec00000, GSI 0-23
[    0.000000] ACPI: INT_SRC_OVR (bus 0 bus_irq 0 global_irq 2 dfl dfl)
[    0.000000] ACPI: INT_SRC_OVR (bus 0 bus_irq 5 global_irq 5 high level)
[    0.000000] ACPI: INT_SRC_OVR (bus 0 bus_irq 9 global_irq 9 high level)
[    0.000000] ACPI: INT_SRC_OVR (bus 0 bus_irq 10 global_irq 10 high level)
[    0.000000] ACPI: INT_SRC_OVR (bus 0 bus_irq 11 global_irq 11 high level)
[    0.000000] ACPI: Using ACPI (MADT) for SMP configuration information
[    0.000000] ACPI: HPET id: 0x8086a201 base: 0xfed00000
[    0.000000] CPU topo: Max. logical packages:   1
[    0.000000] CPU topo: Max. logical dies:       1
[    0.000000] CPU topo: Max. dies per package:   1
[    0.000000] CPU topo: Max. threads per core:   1
[    0.000000] CPU topo: Num. cores per package:     1
[    0.000000] CPU topo: Num. threads per package:   1
[    0.000000] CPU topo: Allowing 1 present CPUs plus 0 hotplug CPUs
[    0.000000] [mem 0x0c000000-0xfffbffff] available for PCI devices
[    0.000000] Booting paravirtualized kernel on bare hardware
[    0.000000] clocksource: refined-jiffies: mask: 0xffffffff max_cycles: 0xffffffff, max_idle_ns: 1910969940391419 ns
[    0.000000] setup_percpu: NR_CPUS:256 nr_cpumask_bits:1 nr_cpu_ids:1 nr_node_ids:1
[    0.000000] percpu: Embedded 55 pages/cpu s186200 r8192 d30888 u2097152
[    0.000000] Kernel command line: console=ttyS0,115200 cfmd_mode=arm cfmd_cut=after-obsolete-directory-sync
[    0.000000] Unknown kernel command line parameters "cfmd_mode=arm cfmd_cut=after-obsolete-directory-sync", will be passed to user space.
[    0.000000] printk: log buffer data + meta data: 131072 + 458752 = 589824 bytes
[    0.000000] Dentry cache hash table entries: 32768 (order: 6, 262144 bytes, linear)
[    0.000000] Inode-cache hash table entries: 16384 (order: 5, 131072 bytes, linear)
[    0.000000] Fallback order for Node 0: 0 
[    0.000000] Built 1 zonelists, mobility grouping on.  Total pages: 49019
[    0.000000] Policy zone: DMA32
[    0.000000] mem auto-init: stack:all(zero), heap alloc:on, heap free:off
[    0.000000] SLUB: HWalign=64, Order=0-3, MinObjects=0, CPUs=1, Nodes=1
[    0.000000] Dynamic Preempt: none
[    0.000000] rcu: Preemptible hierarchical RCU implementation.
[    0.000000] rcu: 	RCU restricting CPUs from NR_CPUS=256 to nr_cpu_ids=1.
[    0.000000] 	Trampoline variant of Tasks RCU enabled.
[    0.000000] 	Tracing variant of Tasks RCU enabled.
[    0.000000] rcu: RCU calculated value of scheduler-enlistment delay is 100 jiffies.
[    0.000000] rcu: Adjusting geometry for rcu_fanout_leaf=16, nr_cpu_ids=1
[    0.000000] RCU Tasks: Setting shift to 0 and lim to 1 rcu_task_cb_adjust=1 rcu_task_cpu_ids=1.
[    0.000000] RCU Tasks Trace: Setting shift to 0 and lim to 1 rcu_task_cb_adjust=1 rcu_task_cpu_ids=1.
[    0.000000] NR_IRQS: 16640, nr_irqs: 256, preallocated irqs: 16
[    0.000000] rcu: srcu_init: Setting srcu_struct sizes based on contention.
[    0.000000] clocksource: jiffies: mask: 0xffffffff max_cycles: 0xffffffff, max_idle_ns: 1911260446275000 ns
[    0.000000] kfence: initialized - using 2097152 bytes for 255 objects at 0x(____ptrval____)-0x(____ptrval____)
[    0.000000] Console: colour VGA+ 80x25
[    0.000000] printk: legacy console [ttyS0] enabled
[    0.000000] ACPI: Core revision 20250807
[    0.000000] clocksource: hpet: mask: 0xffffffff max_cycles: 0xffffffff, max_idle_ns: 19112604467 ns
[    0.003000] APIC: Switch to symmetric I/O mode setup
[    0.006000] ..TIMER: vector=0x30 apic1=0 pin1=2 apic2=-1 pin2=-1
[    0.014000] tsc: Unable to calibrate against PIT
[    0.014000] tsc: using HPET reference calibration
[    0.014000] tsc: Detected 2594.358 MHz processor
[    0.000413] clocksource: tsc-early: mask: 0xffffffffffffffff max_cycles: 0x25656a9c832, max_idle_ns: 440795323562 ns
[    0.001097] Calibrating delay loop (skipped), value calculated using timer frequency.. 5188.71 BogoMIPS (lpj=2594358)
[    0.003782] Last level iTLB entries: 4KB 512, 2MB 255, 4MB 127
[    0.003884] Last level dTLB entries: 4KB 512, 2MB 255, 4MB 127, 1GB 0
[    0.004225] mitigations: Enabled attack vectors: user_kernel, user_user, guest_host, guest_guest, SMT mitigations: auto
[    0.004859] Spectre V2 : Mitigation: Retpolines
[    0.005095] Spectre V1 : Mitigation: usercopy/swapgs barriers and __user pointer sanitization
[    0.005314] Spectre V2 : Spectre v2 / SpectreRSB: Filling RSB on context switch and VMEXIT
[    0.006208] x86/fpu: x87 FPU will use FXSAVE
[    0.348623] Freeing SMP alternatives memory: 40K
[    0.349958] pid_max: default: 32768 minimum: 301
[    0.360651] LSM: initializing lsm=lockdown,capability,landlock,yama
[    0.364692] landlock: Up and running.
[    0.364819] Yama: becoming mindful.
[    0.368114] Mount-cache hash table entries: 512 (order: 0, 4096 bytes, linear)
[    0.368399] Mountpoint-cache hash table entries: 512 (order: 0, 4096 bytes, linear)
[    0.508727] smpboot: CPU0: AMD QEMU Virtual CPU version 2.5+ (family: 0xf, model: 0x6b, stepping: 0x1)
[    0.518561] Performance Events: PMU not available due to virtualization, using software events only.
[    0.519699] signal: max sigframe size: 1440
[    0.523279] rcu: Hierarchical SRCU implementation.
[    0.523479] rcu: 	Max phase no-delay instances is 400.
[    0.530539] NMI watchdog: Perf NMI watchdog permanently disabled
[    0.534197] smp: Bringing up secondary CPUs ...
[    0.537006] smp: Brought up 1 node, 1 CPU
[    0.537206] smpboot: Total of 1 processors activated (5188.71 BogoMIPS)
[    0.543219] Memory: 137828K/196076K available (14690K kernel code, 2033K rwdata, 9872K rodata, 3008K init, 1148K bss, 55612K reserved, 0K cma-reserved)
[    0.550001] devtmpfs: initialized
[    0.553298] x86/mm: Memory block size: 128MB
[    0.561402] posixtimers hash table entries: 512 (order: 1, 8192 bytes, linear)
[    0.561863] futex hash table entries: 256 (16384 bytes on 1 NUMA nodes, total 16 KiB, linear).
[    0.577595] NET: Registered PF_NETLINK/PF_ROUTE protocol family
[    0.581548] audit: initializing netlink subsys (disabled)
[    0.586656] thermal_sys: Registered thermal governor 'step_wise'
[    0.587385] audit: type=2000 audit(1790203807.597:1): state=initialized audit_enabled=0 res=1
[    0.587978] cpuidle: using governor ladder
[    0.588145] cpuidle: using governor menu
[    0.589542] acpiphp: ACPI Hot Plug PCI Controller Driver version: 0.5
[    0.594054] PCI: Using configuration type 1 for base access
[    0.597665] kprobes: kprobe jump-optimization is enabled. All kprobes are optimized if possible.
[    0.607471] HugeTLB: registered 2.00 MiB page size, pre-allocated 0 pages
[    0.607666] HugeTLB: 28 KiB vmemmap can be freed for a 2.00 MiB page
[    0.623277] ACPI: Added _OSI(Module Device)
[    0.623412] ACPI: Added _OSI(Processor Device)
[    0.623453] ACPI: Added _OSI(Processor Aggregator Device)
[    0.634587] ACPI: 1 ACPI AML tables successfully acquired and loaded
[    0.678967] ACPI: Interpreter enabled
[    0.680853] ACPI: PM: (supports S0 S3 S5)
[    0.681122] ACPI: Using IOAPIC for interrupt routing
[    0.681727] PCI: Using host bridge windows from ACPI; if necessary, use "pci=nocrs" and report a bug
[    0.681870] PCI: Using E820 reservations for host bridge windows
[    0.683364] ACPI: Enabled 2 GPEs in block 00 to 0F
[    0.739885] ACPI: PCI Root Bridge [PCI0] (domain 0000 [bus 00-ff])
[    0.740905] acpi PNP0A03:00: _OSC: OS supports [ASPM ClockPM Segments MSI HPX-Type3]
[    0.741130] acpi PNP0A03:00: _OSC: not requesting OS control; OS requires [ExtendedConfig ASPM ClockPM MSI]
[    0.741971] acpi PNP0A03:00: fail to add MMCONFIG information, can't access extended configuration space under this bridge
[    0.747531] acpiphp: Slot [3] registered
[    0.747740] acpiphp: Slot [4] registered
[    0.747871] acpiphp: Slot [5] registered
[    0.747951] acpiphp: Slot [6] registered
[    0.748041] acpiphp: Slot [7] registered
[    0.748148] acpiphp: Slot [8] registered
[    0.748238] acpiphp: Slot [9] registered
[    0.748338] acpiphp: Slot [10] registered
[    0.748737] acpiphp: Slot [11] registered
[    0.748865] acpiphp: Slot [12] registered
[    0.748955] acpiphp: Slot [13] registered
[    0.749037] acpiphp: Slot [14] registered
[    0.749121] acpiphp: Slot [15] registered
[    0.749202] acpiphp: Slot [16] registered
[    0.749283] acpiphp: Slot [17] registered
[    0.749399] acpiphp: Slot [18] registered
[    0.749540] acpiphp: Slot [19] registered
[    0.749631] acpiphp: Slot [20] registered
[    0.749739] acpiphp: Slot [21] registered
[    0.749838] acpiphp: Slot [22] registered
[    0.749919] acpiphp: Slot [23] registered
[    0.750001] acpiphp: Slot [24] registered
[    0.750081] acpiphp: Slot [25] registered
[    0.750158] acpiphp: Slot [26] registered
[    0.750254] acpiphp: Slot [27] registered
[    0.750337] acpiphp: Slot [28] registered
[    0.750436] acpiphp: Slot [29] registered
[    0.750522] acpiphp: Slot [30] registered
[    0.750604] acpiphp: Slot [31] registered
[    0.750921] PCI host bridge to bus 0000:00
[    0.751207] pci_bus 0000:00: root bus resource [io  0x0000-0x0cf7 window]
[    0.751488] pci_bus 0000:00: root bus resource [io  0x0d00-0xffff window]
[    0.751553] pci_bus 0000:00: root bus resource [mem 0x000a0000-0x000bffff window]
[    0.751655] pci_bus 0000:00: root bus resource [mem 0x0c000000-0xfebfffff window]
[    0.751741] pci_bus 0000:00: root bus resource [mem 0x100000000-0x17fffffff window]
[    0.751932] pci_bus 0000:00: root bus resource [bus 00-ff]
[    0.753031] pci 0000:00:00.0: [8086:1237] type 00 class 0x060000 conventional PCI endpoint
[    0.758858] pci 0000:00:01.0: [8086:7000] type 00 class 0x060100 conventional PCI endpoint
[    0.759877] pci 0000:00:01.1: [8086:7010] type 00 class 0x010180 conventional PCI endpoint
[    0.761130] pci 0000:00:01.1: BAR 4 [io  0xc080-0xc08f]
[    0.761336] pci 0000:00:01.1: BAR 0 [io  0x01f0-0x01f7]: legacy IDE quirk
[    0.761422] pci 0000:00:01.1: BAR 1 [io  0x03f6]: legacy IDE quirk
[    0.761752] pci 0000:00:01.1: BAR 2 [io  0x0170-0x0177]: legacy IDE quirk
[    0.761835] pci 0000:00:01.1: BAR 3 [io  0x0376]: legacy IDE quirk
[    0.762599] pci 0000:00:01.3: [8086:7113] type 00 class 0x068000 conventional PCI endpoint
[    0.763126] pci 0000:00:01.3: quirk: [io  0x0600-0x063f] claimed by PIIX4 ACPI
[    0.763238] pci 0000:00:01.3: quirk: [io  0x0700-0x070f] claimed by PIIX4 SMB
[    0.763915] pci 0000:00:02.0: [1234:1111] type 00 class 0x030000 conventional PCI endpoint
[    0.764644] pci 0000:00:02.0: BAR 0 [mem 0xfd000000-0xfdffffff pref]
[    0.764727] pci 0000:00:02.0: BAR 2 [mem 0xfebf0000-0xfebf0fff]
[    0.764727] pci 0000:00:02.0: ROM [mem 0xfebe0000-0xfebeffff pref]
[    0.764727] pci 0000:00:02.0: Video device with shadowed ROM at [mem 0x000c0000-0x000dffff]
[    0.766214] pci 0000:00:03.0: [1af4:1001] type 00 class 0x010000 conventional PCI endpoint
[    0.767759] pci 0000:00:03.0: BAR 0 [io  0xc000-0xc07f]
[    0.767858] pci 0000:00:03.0: BAR 1 [mem 0xfebf1000-0xfebf1fff]
[    0.767956] pci 0000:00:03.0: BAR 4 [mem 0xfe000000-0xfe003fff 64bit pref]
[    0.778232] ACPI: PCI: Interrupt link LNKA configured for IRQ 10
[    0.778877] ACPI: PCI: Interrupt link LNKB configured for IRQ 10
[    0.779186] ACPI: PCI: Interrupt link LNKC configured for IRQ 11
[    0.779509] ACPI: PCI: Interrupt link LNKD configured for IRQ 11
[    0.779783] ACPI: PCI: Interrupt link LNKS configured for IRQ 9
[    0.784201] iommu: Default domain type: Translated
[    0.784307] iommu: DMA domain TLB invalidation policy: lazy mode
[    0.787621] SCSI subsystem initialized
[    0.788988] pps_core: LinuxPPS API ver. 1 registered
[    0.789063] pps_core: Software ver. 5.3.6 - Copyright 2005-2007 Rodolfo Giometti <giometti@linux.it>
[    0.789214] PTP clock support registered
[    0.800242] PCI: Using ACPI for IRQ routing
[    0.803014] hpet: 3 channels of 0 reserved for per-cpu timers
[    0.804713] clocksource: Switched to clocksource tsc-early
[    0.818558] VFS: Disk quotas dquot_6.6.0
[    0.818882] VFS: Dquot-cache hash table entries: 512 (order 0, 4096 bytes)
[    0.831131] pnp: PnP ACPI init
[    0.834767] pnp: PnP ACPI: found 5 devices
[    0.862553] clocksource: acpi_pm: mask: 0xffffff max_cycles: 0xffffff, max_idle_ns: 2085701024 ns
[    0.864258] NET: Registered PF_INET protocol family
[    0.865406] IP idents hash table entries: 4096 (order: 3, 32768 bytes, linear)
[    0.935091] tcp_listen_portaddr_hash hash table entries: 256 (order: 0, 4096 bytes, linear)
[    0.935468] Table-perturb hash table entries: 65536 (order: 6, 262144 bytes, linear)
[    0.935631] TCP established hash table entries: 2048 (order: 2, 16384 bytes, linear)
[    0.935949] TCP bind hash table entries: 2048 (order: 4, 65536 bytes, linear)
[    0.936129] TCP: Hash tables configured (established 2048 bind 2048)
[    0.944410] MPTCP token hash table entries: 256 (order: 1, 6144 bytes, linear)
[    0.944886] UDP hash table entries: 256 (order: 2, 16384 bytes, linear)
[    0.945249] UDP-Lite hash table entries: 256 (order: 2, 16384 bytes, linear)
[    0.946986] NET: Registered PF_UNIX/PF_LOCAL protocol family
[    0.947553] NET: Registered PF_XDP protocol family
[    0.948348] pci_bus 0000:00: resource 4 [io  0x0000-0x0cf7 window]
[    0.948441] pci_bus 0000:00: resource 5 [io  0x0d00-0xffff window]
[    0.948503] pci_bus 0000:00: resource 6 [mem 0x000a0000-0x000bffff window]
[    0.948566] pci_bus 0000:00: resource 7 [mem 0x0c000000-0xfebfffff window]
[    0.948626] pci_bus 0000:00: resource 8 [mem 0x100000000-0x17fffffff window]
[    0.949245] pci 0000:00:01.0: PIIX3: Enabling Passive Release
[    0.949389] pci 0000:00:00.0: Limiting direct PCI/PCI transfers
[    0.949548] PCI: CLS 0 bytes, default 64
[    0.955102] Initialise system trusted keyrings
[    0.962799] Unpacking initramfs...
[    0.980759] workingset: timestamp_bits=40 max_order=16 bucket_order=0
[    0.984359] Key type asymmetric registered
[    0.984499] Asymmetric key parser 'x509' registered
[    0.984935] Block layer SCSI generic (bsg) driver version 0.4 loaded (major 247)
[    0.993390] io scheduler mq-deadline registered
[    0.993648] io scheduler kyber registered
[    0.993997] io scheduler bfq registered
[    1.000512] ERST DBG: ERST support is disabled.
[    1.116273] ACPI: \_SB_.LNKC: Enabled at IRQ 11
[    1.243149] Serial: 8250/16550 driver, 4 ports, IRQ sharing enabled
[    1.247193] 00:04: ttyS0 at I/O 0x3f8 (irq = 4, base_baud = 115200) is a 16550A
[    1.272195] VMware PVSCSI driver - version 1.0.7.0-k
[    1.283306] scsi host0: ata_piix
[    1.306361] scsi host1: ata_piix
[    1.308117] ata1: PATA max MWDMA2 cmd 0x1f0 ctl 0x3f6 bmdma 0xc080 irq 14 lpm-pol 0
[    1.308299] ata2: PATA max MWDMA2 cmd 0x170 ctl 0x376 bmdma 0xc088 irq 15 lpm-pol 0
[    1.309629] hv_vmbus: registering driver hv_netvsc
[    1.311482] i8042: PNP: PS/2 Controller [PNP0303:KBD,PNP0f13:MOU] at 0x60,0x64 irq 1,12
[    1.315284] serio: i8042 KBD port at 0x60,0x64 irq 1
[    1.315565] serio: i8042 AUX port at 0x60,0x64 irq 12
[    1.315910] hv_vmbus: registering driver hyperv_keyboard
[    1.317195] rtc_cmos PNP0B00:00: RTC can wake from S4
[    1.328759] input: AT Translated Set 2 keyboard as /devices/platform/i8042/serio0/input/input0
[    1.352968] rtc_cmos PNP0B00:00: registered as rtc0
[    1.353645] rtc_cmos PNP0B00:00: setting system clock to 2026-09-23T22:50:08 UTC (1790203808)
[    1.354875] rtc_cmos PNP0B00:00: alarms up to one day, y3k, 242 bytes nvram, hpet irqs
[    1.355423] amd_pstate: the _CPC object is not present in SBIOS or ACPI disabled
[    1.363033] gre: GRE over IPv4 demultiplexer driver
[    1.364165] NET: Registered PF_INET6 protocol family
[    1.382180] Segment Routing with IPv6
[    1.382536] In-situ OAM (IOAM) with IPv6
[    1.404202] Key type dns_resolver registered
[    1.405552] IPI shorthand broadcast: enabled
[    1.418902] sched_clock: Marking stable (1433068212, -14272511)->(1470725399, -51929698)
[    1.464008] registered taskstats version 1
[    1.466668] Loading compiled-in X.509 certificates
[    1.498684] ata2: found unknown device (class 0)
[    1.507370] ata2.00: ATAPI: QEMU DVD-ROM, 2.5+, max UDMA/100
[    1.538498] scsi 1:0:0:0: CD-ROM            QEMU     QEMU DVD-ROM     2.5+ PQ: 0 ANSI: 5
[    1.813392] Freeing initrd memory: 10984K
[    1.938964] tsc: Refined TSC clocksource calibration: 2596.090 MHz
[    1.939384] clocksource: tsc: mask: 0xffffffffffffffff max_cycles: 0x256bce70c76, max_idle_ns: 440795249075 ns
[    1.939597] clocksource: Switched to clocksource tsc
[    1.972983] Loaded X.509 cert 'alpinelinux.org: Alpine Linux kernel key: d76a695f66ad9cd28f5c22a8508f36e91f521f7a'
[    1.987971] Demotion targets for Node 0: null
[    1.989233] Key type .fscrypt registered
[    1.989315] Key type fscrypt-provisioning registered
[    2.090073] Freeing unused kernel image (initmem) memory: 3008K
[    2.090506] Write protecting the kernel read-only data: 26624k
[    2.093029] Freeing unused kernel image (text/rodata gap) memory: 1692K
[    2.093599] Freeing unused kernel image (rodata/data gap) memory: 368K
[    2.094192] rodata_test: all tests were successful
[    2.094431] Run /init as init process
CFMD_MININIT_BEGIN
CFMD_ARGS mode=arm cut=after-obsolete-directory-sync
[    2.405540] virtio_blk virtio0: 1/0/0 default/read/poll queues
[    2.415495] virtio_blk virtio0: [vda] 1048576 512-byte logical blocks (537 MB/512 MiB)
[    2.973016] EXT4-fs (vda): 1 orphan inode deleted
[    2.973242] EXT4-fs (vda): recovery complete
[    2.981916] EXT4-fs (vda): mounted filesystem 632c2322-b79e-11f1-80e3-d1c9cdf3a3a0 r/w with ordered data mode. Quota mode: none.
CFMD_MOUNT_RC=0
25 1 253:0 / /mnt/cfmd rw,relatime - ext4 /dev/vda rw,data=ordered
PROFILE_OK profile=LinuxExt4Ordered kernel=6.18.52-0-virt fs=ext4 source=/dev/vda options=["rw", "relatime"]/["rw", "data=ordered"]
ARMED cut=after-obsolete-directory-sync -- perform HARD POWER CUT now; do not terminate norma
HOST_ARMED_SEEN elapsed=4.512; HARD_POWER_CUT=SIGKILL_QEMU

HOST_OUTCOME=HARD_CUT_SENT ELAPSED=4.515 EXIT=-9
