HOST_QEMU_PID=19450 MODE=arm CUT=after-manifest-rename START=1790203682.0840302
c[?7l[2J[0mSeaBIOS (version 1.16.3-debian-1.16.3-2)
Booting from ROM...
c[?7l[2J[    0.000000] Linux version 6.18.52-0-virt (buildozer@build-3-24-x86_64) (cc (Alpine 15.2.0) 15.2.0, GNU ld (GNU Binutils) 2.45.1) #1-Alpine SMP PREEMPT_DYNAMIC 2026-09-15 05:37:48
[    0.000000] Command line: console=ttyS0,115200 cfmd_mode=arm cfmd_cut=after-manifest-rename
[    0.000000] BIOS-provided physical RAM map:
[    0.000000] BIOS-e820: [mem 0x0000000000000000-0x000000000009fbff] usable
[    0.000000] BIOS-e820: [mem 0x000000000009fc00-0x000000000009ffff] reserved
[    0.000000] BIOS-e820: [mem 0x00000000000f0000-0x00000000000fffff] reserved
[    0.000000] BIOS-e820: [mem 0x0000000000100000-0x000000000bfdcfff] usable
[    0.000000] BIOS-e820: [mem 0x000000000bfdd000-0x000000000bffffff] reserved
[    0.000000] BIOS-e820: [mem 0x00000000fffc0000-0x00000000ffffffff] reserved
[    0.000000] BIOS-e820: [mem 0x000000fd00000000-0x000000ffffffffff] reserved
[    0.000000] NX (Execute Disable) protection: active
[    0.000000] APIC: Static calls initialized
[    0.000000] SMBIOS 3.0.0 present.
[    0.000000] DMI: QEMU Ubuntu 24.04 PC v2 (i440FX + PIIX, arch_caps fix, 1996), BIOS 1.16.3-debian-1.16.3-2 04/01/2014
[    0.000000] DMI: Memory slots populated: 1/1
[    0.000000] tsc: Fast TSC calibration using PIT
[    0.000000] tsc: Detected 2596.093 MHz processor
[    0.008070] last_pfn = 0xbfdd max_arch_pfn = 0x400000000
[    0.008881] MTRR map: 4 entries (3 fixed + 1 variable; max 19), built from 8 variable MTRRs
[    0.009062] x86/PAT: Configuration [0-7]: WB  WC  UC- UC  WB  WP  UC- WT  
[    0.025196] found SMP MP-table at [mem 0x000f5480-0x000f548f]
[    0.030155] RAMDISK: [mem 0x0b516000-0x0bfcffff]
[    0.030376] ACPI: Early table checksum verification disabled
[    0.030905] ACPI: RSDP 0x00000000000F5290 000014 (v00 BOCHS )
[    0.031179] ACPI: RSDT 0x000000000BFE1C52 000034 (v01 BOCHS  BXPC     00000001 BXPC 00000001)
[    0.031697] ACPI: FACP 0x000000000BFE1B06 000074 (v01 BOCHS  BXPC     00000001 BXPC 00000001)
[    0.032405] ACPI: DSDT 0x000000000BFE0040 001AC6 (v01 BOCHS  BXPC     00000001 BXPC 00000001)
[    0.032465] ACPI: FACS 0x000000000BFE0000 000040
[    0.032517] ACPI: APIC 0x000000000BFE1B7A 000078 (v03 BOCHS  BXPC     00000001 BXPC 00000001)
[    0.032547] ACPI: HPET 0x000000000BFE1BF2 000038 (v01 BOCHS  BXPC     00000001 BXPC 00000001)
[    0.032563] ACPI: WAET 0x000000000BFE1C2A 000028 (v01 BOCHS  BXPC     00000001 BXPC 00000001)
[    0.032649] ACPI: Reserving FACP table memory at [mem 0xbfe1b06-0xbfe1b79]
[    0.032676] ACPI: Reserving DSDT table memory at [mem 0xbfe0040-0xbfe1b05]
[    0.032682] ACPI: Reserving FACS table memory at [mem 0xbfe0000-0xbfe003f]
[    0.032687] ACPI: Reserving APIC table memory at [mem 0xbfe1b7a-0xbfe1bf1]
[    0.032692] ACPI: Reserving HPET table memory at [mem 0xbfe1bf2-0xbfe1c29]
[    0.032696] ACPI: Reserving WAET table memory at [mem 0xbfe1c2a-0xbfe1c51]
[    0.035486] No NUMA configuration found
[    0.035509] Faking a node at [mem 0x0000000000000000-0x000000000bfdcfff]
[    0.036226] NODE_DATA(0) allocated [mem 0x0bfd8d40-0x0bfdcfff]
[    0.038406] Zone ranges:
[    0.038429]   DMA      [mem 0x0000000000001000-0x0000000000ffffff]
[    0.038493]   DMA32    [mem 0x0000000001000000-0x000000000bfdcfff]
[    0.038501]   Normal   empty
[    0.038522] Movable zone start for each node
[    0.038554] Early memory node ranges
[    0.038577]   node   0: [mem 0x0000000000001000-0x000000000009efff]
[    0.038723]   node   0: [mem 0x0000000000100000-0x000000000bfdcfff]
[    0.038871] Initmem setup node 0 [mem 0x0000000000001000-0x000000000bfdcfff]
[    0.045993] On node 0, zone DMA: 1 pages in unavailable ranges
[    0.046220] On node 0, zone DMA: 97 pages in unavailable ranges
[    0.052339] On node 0, zone DMA32: 16419 pages in unavailable ranges
[    0.052917] ACPI: PM-Timer IO Port: 0x608
[    0.053376] ACPI: LAPIC_NMI (acpi_id[0xff] dfl dfl lint[0x1])
[    0.053729] IOAPIC[0]: apic_id 0, version 32, address 0xfec00000, GSI 0-23
[    0.053868] ACPI: INT_SRC_OVR (bus 0 bus_irq 0 global_irq 2 dfl dfl)
[    0.054127] ACPI: INT_SRC_OVR (bus 0 bus_irq 5 global_irq 5 high level)
[    0.054171] ACPI: INT_SRC_OVR (bus 0 bus_irq 9 global_irq 9 high level)
[    0.054270] ACPI: INT_SRC_OVR (bus 0 bus_irq 10 global_irq 10 high level)
[    0.054276] ACPI: INT_SRC_OVR (bus 0 bus_irq 11 global_irq 11 high level)
[    0.054499] ACPI: Using ACPI (MADT) for SMP configuration information
[    0.054545] ACPI: HPET id: 0x8086a201 base: 0xfed00000
[    0.054949] CPU topo: Max. logical packages:   1
[    0.054959] CPU topo: Max. logical dies:       1
[    0.054967] CPU topo: Max. dies per package:   1
[    0.055008] CPU topo: Max. threads per core:   1
[    0.055126] CPU topo: Num. cores per package:     1
[    0.055137] CPU topo: Num. threads per package:   1
[    0.055144] CPU topo: Allowing 1 present CPUs plus 0 hotplug CPUs
[    0.056342] [mem 0x0c000000-0xfffbffff] available for PCI devices
[    0.056407] Booting paravirtualized kernel on bare hardware
[    0.056616] clocksource: refined-jiffies: mask: 0xffffffff max_cycles: 0xffffffff, max_idle_ns: 1910969940391419 ns
[    0.066287] setup_percpu: NR_CPUS:256 nr_cpumask_bits:1 nr_cpu_ids:1 nr_node_ids:1
[    0.078011] percpu: Embedded 55 pages/cpu s186200 r8192 d30888 u2097152
[    0.085265] Kernel command line: console=ttyS0,115200 cfmd_mode=arm cfmd_cut=after-manifest-rename
[    0.086261] Unknown kernel command line parameters "cfmd_mode=arm cfmd_cut=after-manifest-rename", will be passed to user space.
[    0.086498] printk: log buffer data + meta data: 131072 + 458752 = 589824 bytes
[    0.086757] Dentry cache hash table entries: 32768 (order: 6, 262144 bytes, linear)
[    0.086908] Inode-cache hash table entries: 16384 (order: 5, 131072 bytes, linear)
[    0.089590] Fallback order for Node 0: 0 
[    0.089836] Built 1 zonelists, mobility grouping on.  Total pages: 49019
[    0.089853] Policy zone: DMA32
[    0.095886] mem auto-init: stack:all(zero), heap alloc:on, heap free:off
[    0.139617] SLUB: HWalign=64, Order=0-3, MinObjects=0, CPUs=1, Nodes=1
[    0.151864] Dynamic Preempt: none
[    0.164963] rcu: Preemptible hierarchical RCU implementation.
[    0.164999] rcu: 	RCU restricting CPUs from NR_CPUS=256 to nr_cpu_ids=1.
[    0.165220] 	Trampoline variant of Tasks RCU enabled.
[    0.165232] 	Tracing variant of Tasks RCU enabled.
[    0.165317] rcu: RCU calculated value of scheduler-enlistment delay is 100 jiffies.
[    0.165345] rcu: Adjusting geometry for rcu_fanout_leaf=16, nr_cpu_ids=1
[    0.166413] RCU Tasks: Setting shift to 0 and lim to 1 rcu_task_cb_adjust=1 rcu_task_cpu_ids=1.
[    0.166435] RCU Tasks Trace: Setting shift to 0 and lim to 1 rcu_task_cb_adjust=1 rcu_task_cpu_ids=1.
[    0.204195] NR_IRQS: 16640, nr_irqs: 256, preallocated irqs: 16
[    0.213187] rcu: srcu_init: Setting srcu_struct sizes based on contention.
[    0.213785] clocksource: jiffies: mask: 0xffffffff max_cycles: 0xffffffff, max_idle_ns: 1911260446275000 ns
[    0.218194] kfence: initialized - using 2097152 bytes for 255 objects at 0x(____ptrval____)-0x(____ptrval____)
[    0.223207] Console: colour VGA+ 80x25
[    0.224970] printk: legacy console [ttyS0] enabled
[    0.238645] ACPI: Core revision 20250807
[    0.243435] clocksource: hpet: mask: 0xffffffff max_cycles: 0xffffffff, max_idle_ns: 19112604467 ns
[    0.245134] APIC: Switch to symmetric I/O mode setup
[    0.251869] ..TIMER: vector=0x30 apic1=0 pin1=2 apic2=-1 pin2=-1
[    0.257894] clocksource: tsc-early: mask: 0xffffffffffffffff max_cycles: 0x256bd12cf32, max_idle_ns: 440795280836 ns
[    0.258350] Calibrating delay loop (skipped), value calculated using timer frequency.. 5192.18 BogoMIPS (lpj=2596093)
[    0.260874] Last level iTLB entries: 4KB 512, 2MB 255, 4MB 127
[    0.260966] Last level dTLB entries: 4KB 512, 2MB 255, 4MB 127, 1GB 0
[    0.261356] mitigations: Enabled attack vectors: user_kernel, user_user, guest_host, guest_guest, SMT mitigations: auto
[    0.261980] Spectre V2 : Mitigation: Retpolines
[    0.262245] Spectre V1 : Mitigation: usercopy/swapgs barriers and __user pointer sanitization
[    0.262479] Spectre V2 : Spectre v2 / SpectreRSB: Filling RSB on context switch and VMEXIT
[    0.265508] x86/fpu: x87 FPU will use FXSAVE
[    0.577960] Freeing SMP alternatives memory: 40K
[    0.579208] pid_max: default: 32768 minimum: 301
[    0.590841] LSM: initializing lsm=lockdown,capability,landlock,yama
[    0.594189] landlock: Up and running.
[    0.594271] Yama: becoming mindful.
[    0.597342] Mount-cache hash table entries: 512 (order: 0, 4096 bytes, linear)
[    0.597515] Mountpoint-cache hash table entries: 512 (order: 0, 4096 bytes, linear)
[    0.734147] smpboot: CPU0: AMD QEMU Virtual CPU version 2.5+ (family: 0xf, model: 0x6b, stepping: 0x1)
[    0.744085] Performance Events: PMU not available due to virtualization, using software events only.
[    0.745197] signal: max sigframe size: 1440
[    0.748287] rcu: Hierarchical SRCU implementation.
[    0.748404] rcu: 	Max phase no-delay instances is 400.
[    0.755583] NMI watchdog: Perf NMI watchdog permanently disabled
[    0.758837] smp: Bringing up secondary CPUs ...
[    0.761558] smp: Brought up 1 node, 1 CPU
[    0.761805] smpboot: Total of 1 processors activated (5192.18 BogoMIPS)
[    0.770328] Memory: 137828K/196076K available (14690K kernel code, 2033K rwdata, 9872K rodata, 3008K init, 1148K bss, 55612K reserved, 0K cma-reserved)
[    0.777764] devtmpfs: initialized
[    0.781293] x86/mm: Memory block size: 128MB
[    0.789897] posixtimers hash table entries: 512 (order: 1, 8192 bytes, linear)
[    0.790400] futex hash table entries: 256 (16384 bytes on 1 NUMA nodes, total 16 KiB, linear).
[    0.808068] NET: Registered PF_NETLINK/PF_ROUTE protocol family
[    0.811251] audit: initializing netlink subsys (disabled)
[    0.815774] thermal_sys: Registered thermal governor 'step_wise'
[    0.816521] audit: type=2000 audit(1790203683.565:1): state=initialized audit_enabled=0 res=1
[    0.817246] cpuidle: using governor ladder
[    0.817423] cpuidle: using governor menu
[    0.819182] acpiphp: ACPI Hot Plug PCI Controller Driver version: 0.5
[    0.822482] PCI: Using configuration type 1 for base access
[    0.825453] kprobes: kprobe jump-optimization is enabled. All kprobes are optimized if possible.
[    0.835070] HugeTLB: registered 2.00 MiB page size, pre-allocated 0 pages
[    0.835197] HugeTLB: 28 KiB vmemmap can be freed for a 2.00 MiB page
[    0.850522] ACPI: Added _OSI(Module Device)
[    0.850656] ACPI: Added _OSI(Processor Device)
[    0.850698] ACPI: Added _OSI(Processor Aggregator Device)
[    0.862103] ACPI: 1 ACPI AML tables successfully acquired and loaded
[    0.902705] ACPI: Interpreter enabled
[    0.903967] ACPI: PM: (supports S0 S3 S5)
[    0.904281] ACPI: Using IOAPIC for interrupt routing
[    0.904867] PCI: Using host bridge windows from ACPI; if necessary, use "pci=nocrs" and report a bug
[    0.905029] PCI: Using E820 reservations for host bridge windows
[    0.906350] ACPI: Enabled 2 GPEs in block 00 to 0F
[    0.959582] ACPI: PCI Root Bridge [PCI0] (domain 0000 [bus 00-ff])
[    0.960461] acpi PNP0A03:00: _OSC: OS supports [ASPM ClockPM Segments MSI HPX-Type3]
[    0.960682] acpi PNP0A03:00: _OSC: not requesting OS control; OS requires [ExtendedConfig ASPM ClockPM MSI]
[    0.961395] acpi PNP0A03:00: fail to add MMCONFIG information, can't access extended configuration space under this bridge
[    0.966607] acpiphp: Slot [3] registered
[    0.966778] acpiphp: Slot [4] registered
[    0.966891] acpiphp: Slot [5] registered
[    0.967002] acpiphp: Slot [6] registered
[    0.967089] acpiphp: Slot [7] registered
[    0.967232] acpiphp: Slot [8] registered
[    0.967324] acpiphp: Slot [9] registered
[    0.967421] acpiphp: Slot [10] registered
[    0.967503] acpiphp: Slot [11] registered
[    0.967595] acpiphp: Slot [12] registered
[    0.967676] acpiphp: Slot [13] registered
[    0.967755] acpiphp: Slot [14] registered
[    0.967913] acpiphp: Slot [15] registered
[    0.968040] acpiphp: Slot [16] registered
[    0.968171] acpiphp: Slot [17] registered
[    0.968259] acpiphp: Slot [18] registered
[    0.968358] acpiphp: Slot [19] registered
[    0.968441] acpiphp: Slot [20] registered
[    0.968519] acpiphp: Slot [21] registered
[    0.968595] acpiphp: Slot [22] registered
[    0.968671] acpiphp: Slot [23] registered
[    0.968748] acpiphp: Slot [24] registered
[    0.968825] acpiphp: Slot [25] registered
[    0.968922] acpiphp: Slot [26] registered
[    0.969036] acpiphp: Slot [27] registered
[    0.969118] acpiphp: Slot [28] registered
[    0.969205] acpiphp: Slot [29] registered
[    0.969289] acpiphp: Slot [30] registered
[    0.969367] acpiphp: Slot [31] registered
[    0.969639] PCI host bridge to bus 0000:00
[    0.969904] pci_bus 0000:00: root bus resource [io  0x0000-0x0cf7 window]
[    0.970088] pci_bus 0000:00: root bus resource [io  0x0d00-0xffff window]
[    0.970216] pci_bus 0000:00: root bus resource [mem 0x000a0000-0x000bffff window]
[    0.970514] pci_bus 0000:00: root bus resource [mem 0x0c000000-0xfebfffff window]
[    0.970586] pci_bus 0000:00: root bus resource [mem 0x100000000-0x17fffffff window]
[    0.970785] pci_bus 0000:00: root bus resource [bus 00-ff]
[    0.972020] pci 0000:00:00.0: [8086:1237] type 00 class 0x060000 conventional PCI endpoint
[    0.979437] pci 0000:00:01.0: [8086:7000] type 00 class 0x060100 conventional PCI endpoint
[    0.980186] pci 0000:00:01.1: [8086:7010] type 00 class 0x010180 conventional PCI endpoint
[    0.980779] pci 0000:00:01.1: BAR 4 [io  0xc080-0xc08f]
[    0.980938] pci 0000:00:01.1: BAR 0 [io  0x01f0-0x01f7]: legacy IDE quirk
[    0.981039] pci 0000:00:01.1: BAR 1 [io  0x03f6]: legacy IDE quirk
[    0.981170] pci 0000:00:01.1: BAR 2 [io  0x0170-0x0177]: legacy IDE quirk
[    0.981248] pci 0000:00:01.1: BAR 3 [io  0x0376]: legacy IDE quirk
[    0.981845] pci 0000:00:01.3: [8086:7113] type 00 class 0x068000 conventional PCI endpoint
[    0.982280] pci 0000:00:01.3: quirk: [io  0x0600-0x063f] claimed by PIIX4 ACPI
[    0.982387] pci 0000:00:01.3: quirk: [io  0x0700-0x070f] claimed by PIIX4 SMB
[    0.982956] pci 0000:00:02.0: [1234:1111] type 00 class 0x030000 conventional PCI endpoint
[    0.984192] pci 0000:00:02.0: BAR 0 [mem 0xfd000000-0xfdffffff pref]
[    0.984328] pci 0000:00:02.0: BAR 2 [mem 0xfebf0000-0xfebf0fff]
[    0.984417] pci 0000:00:02.0: ROM [mem 0xfebe0000-0xfebeffff pref]
[    0.985211] pci 0000:00:02.0: Video device with shadowed ROM at [mem 0x000c0000-0x000dffff]
[    0.985960] pci 0000:00:03.0: [1af4:1001] type 00 class 0x010000 conventional PCI endpoint
[    0.987176] pci 0000:00:03.0: BAR 0 [io  0xc000-0xc07f]
[    0.987268] pci 0000:00:03.0: BAR 1 [mem 0xfebf1000-0xfebf1fff]
[    0.987371] pci 0000:00:03.0: BAR 4 [mem 0xfe000000-0xfe003fff 64bit pref]
[    0.996092] ACPI: PCI: Interrupt link LNKA configured for IRQ 10
[    0.996599] ACPI: PCI: Interrupt link LNKB configured for IRQ 10
[    0.996973] ACPI: PCI: Interrupt link LNKC configured for IRQ 11
[    0.997360] ACPI: PCI: Interrupt link LNKD configured for IRQ 11
[    0.997534] ACPI: PCI: Interrupt link LNKS configured for IRQ 9
[    1.001158] iommu: Default domain type: Translated
[    1.001264] iommu: DMA domain TLB invalidation policy: lazy mode
[    1.003804] SCSI subsystem initialized
[    1.005112] pps_core: LinuxPPS API ver. 1 registered
[    1.005217] pps_core: Software ver. 5.3.6 - Copyright 2005-2007 Rodolfo Giometti <giometti@linux.it>
[    1.005358] PTP clock support registered
[    1.014992] PCI: Using ACPI for IRQ routing
[    1.017752] hpet: 3 channels of 0 reserved for per-cpu timers
[    1.019147] clocksource: Switched to clocksource tsc-early
[    1.030299] VFS: Disk quotas dquot_6.6.0
[    1.030620] VFS: Dquot-cache hash table entries: 512 (order 0, 4096 bytes)
[    1.043696] pnp: PnP ACPI init
[    1.047804] pnp: PnP ACPI: found 5 devices
[    1.074628] clocksource: acpi_pm: mask: 0xffffff max_cycles: 0xffffff, max_idle_ns: 2085701024 ns
[    1.076451] NET: Registered PF_INET protocol family
[    1.077482] IP idents hash table entries: 4096 (order: 3, 32768 bytes, linear)
[    1.134785] tcp_listen_portaddr_hash hash table entries: 256 (order: 0, 4096 bytes, linear)
[    1.135065] Table-perturb hash table entries: 65536 (order: 6, 262144 bytes, linear)
[    1.135370] TCP established hash table entries: 2048 (order: 2, 16384 bytes, linear)
[    1.135612] TCP bind hash table entries: 2048 (order: 4, 65536 bytes, linear)
[    1.135790] TCP: Hash tables configured (established 2048 bind 2048)
[    1.142949] MPTCP token hash table entries: 256 (order: 1, 6144 bytes, linear)
[    1.143404] UDP hash table entries: 256 (order: 2, 16384 bytes, linear)
[    1.143686] UDP-Lite hash table entries: 256 (order: 2, 16384 bytes, linear)
[    1.145437] NET: Registered PF_UNIX/PF_LOCAL protocol family
[    1.145862] NET: Registered PF_XDP protocol family
[    1.146595] pci_bus 0000:00: resource 4 [io  0x0000-0x0cf7 window]
[    1.146685] pci_bus 0000:00: resource 5 [io  0x0d00-0xffff window]
[    1.146745] pci_bus 0000:00: resource 6 [mem 0x000a0000-0x000bffff window]
[    1.146811] pci_bus 0000:00: resource 7 [mem 0x0c000000-0xfebfffff window]
[    1.146871] pci_bus 0000:00: resource 8 [mem 0x100000000-0x17fffffff window]
[    1.147560] pci 0000:00:01.0: PIIX3: Enabling Passive Release
[    1.147706] pci 0000:00:00.0: Limiting direct PCI/PCI transfers
[    1.147856] PCI: CLS 0 bytes, default 64
[    1.152612] Initialise system trusted keyrings
[    1.159894] Unpacking initramfs...
[    1.176785] workingset: timestamp_bits=40 max_order=16 bucket_order=0
[    1.180228] Key type asymmetric registered
[    1.180394] Asymmetric key parser 'x509' registered
[    1.180822] Block layer SCSI generic (bsg) driver version 0.4 loaded (major 247)
[    1.196947] io scheduler mq-deadline registered
[    1.197206] io scheduler kyber registered
[    1.197565] io scheduler bfq registered
[    1.206166] ERST DBG: ERST support is disabled.
[    1.304727] ACPI: \_SB_.LNKC: Enabled at IRQ 11
[    1.428958] Serial: 8250/16550 driver, 4 ports, IRQ sharing enabled
[    1.432930] 00:04: ttyS0 at I/O 0x3f8 (irq = 4, base_baud = 115200) is a 16550A
[    1.448481] VMware PVSCSI driver - version 1.0.7.0-k
[    1.464230] scsi host0: ata_piix
[    1.486200] scsi host1: ata_piix
[    1.486997] ata1: PATA max MWDMA2 cmd 0x1f0 ctl 0x3f6 bmdma 0xc080 irq 14 lpm-pol 0
[    1.487185] ata2: PATA max MWDMA2 cmd 0x170 ctl 0x376 bmdma 0xc088 irq 15 lpm-pol 0
[    1.488586] hv_vmbus: registering driver hv_netvsc
[    1.489690] i8042: PNP: PS/2 Controller [PNP0303:KBD,PNP0f13:MOU] at 0x60,0x64 irq 1,12
[    1.493394] serio: i8042 KBD port at 0x60,0x64 irq 1
[    1.493688] serio: i8042 AUX port at 0x60,0x64 irq 12
[    1.493930] hv_vmbus: registering driver hyperv_keyboard
[    1.496241] rtc_cmos PNP0B00:00: RTC can wake from S4
[    1.502289] input: AT Translated Set 2 keyboard as /devices/platform/i8042/serio0/input/input0
[    1.525375] rtc_cmos PNP0B00:00: registered as rtc0
[    1.526316] rtc_cmos PNP0B00:00: setting system clock to 2026-09-23T22:48:04 UTC (1790203684)
[    1.527696] rtc_cmos PNP0B00:00: alarms up to one day, y3k, 242 bytes nvram, hpet irqs
[    1.528301] amd_pstate: the _CPC object is not present in SBIOS or ACPI disabled
[    1.540480] gre: GRE over IPv4 demultiplexer driver
[    1.541560] NET: Registered PF_INET6 protocol family
[    1.556604] Segment Routing with IPv6
[    1.562078] In-situ OAM (IOAM) with IPv6
[    1.575875] Key type dns_resolver registered
[    1.577152] IPI shorthand broadcast: enabled
[    1.589933] sched_clock: Marking stable (1556044867, 33480550)->(1638221571, -48696154)
[    1.633452] registered taskstats version 1
[    1.635966] Loading compiled-in X.509 certificates
[    1.672087] ata2: found unknown device (class 0)
[    1.681621] ata2.00: ATAPI: QEMU DVD-ROM, 2.5+, max UDMA/100
[    1.709916] scsi 1:0:0:0: CD-ROM            QEMU     QEMU DVD-ROM     2.5+ PQ: 0 ANSI: 5
[    1.981833] Freeing initrd memory: 10984K
[    2.160473] Loaded X.509 cert 'alpinelinux.org: Alpine Linux kernel key: d76a695f66ad9cd28f5c22a8508f36e91f521f7a'
[    2.177035] Demotion targets for Node 0: null
[    2.178451] Key type .fscrypt registered
[    2.178668] Key type fscrypt-provisioning registered
[    2.202765] tsc: Refined TSC clocksource calibration: 2596.072 MHz
[    2.203263] clocksource: tsc: mask: 0xffffffffffffffff max_cycles: 0x256bbd58bf1, max_idle_ns: 440795242171 ns
[    2.203714] clocksource: Switched to clocksource tsc
[    2.286673] Freeing unused kernel image (initmem) memory: 3008K
[    2.287095] Write protecting the kernel read-only data: 26624k
[    2.289975] Freeing unused kernel image (text/rodata gap) memory: 1692K
[    2.290585] Freeing unused kernel image (rodata/data gap) memory: 368K
[    2.291156] rodata_test: all tests were successful
[    2.291406] Run /init as init process
CFMD_MININIT_BEGIN
CFMD_ARGS mode=arm cut=after-manifest-rename
[    2.627679] virtio_blk virtio0: 1/0/0 default/read/poll queues
[    2.640558] virtio_blk virtio0: [vda] 1048576 512-byte logical blocks (537 MB/512 MiB)
[    3.248685] EXT4-fs (vda): 1 orphan inode deleted
[    3.248921] EXT4-fs (vda): recovery complete
[    3.259118] EXT4-fs (vda): mounted filesystem 632c2322-b79e-11f1-80e3-d1c9cdf3a3a0 r/w with ordered data mode. Quota mode: none.
CFMD_MOUNT_RC=0
25 1 253:0 / /mnt/cfmd rw,relatime - ext4 /dev/vda rw,data=ordered
PROFILE_OK profile=LinuxExt4Ordered kernel=6.18.52-0-virt fs=ext4 source=/dev/vda options=["rw", "relatime"]/["rw", "data=ordered"]
ARMED cut=after-manifest-rename
HOST_ARMED_SEEN elapsed=4.422; HARD_POWER_CUT=SIGKILL_QEMU

HOST_OUTCOME=HARD_CUT_SENT ELAPSED=4.429 EXIT=-9
