HOST_QEMU_PID=19624 MODE=verify CUT=after-obsolete-remove START=1790203779.8951619
c[?7l[2J[0mSeaBIOS (version 1.16.3-debian-1.16.3-2)
Booting from ROM...
c[?7l[2J[    0.000000] Linux version 6.18.52-0-virt (buildozer@build-3-24-x86_64) (cc (Alpine 15.2.0) 15.2.0, GNU ld (GNU Binutils) 2.45.1) #1-Alpine SMP PREEMPT_DYNAMIC 2026-09-15 05:37:48
[    0.000000] Command line: console=ttyS0,115200 cfmd_mode=verify cfmd_cut=after-obsolete-remove
[    0.000000] BIOS-provided physical RAM map:
[    0.000000] BIOS-e820: [mem 0x0000000000000000-0x000000000009fbff] usable
[    0.000000] BIOS-e820: [mem 0x000000000009fc00-0x000000000009ffff] reserved
[    0.000000] BIOS-e820: [mem 0x00000000000f0000-0x00000000000fffff] reserved
[    0.000000] BIOS-e820: [mem 0x0000000000100000-0x000000000bfdcfff] usable
[    0.000000] BIOS-e820: [mem 0x000000000bfdd000-0x000000000bffffff] reserved
[    0.000000] BIOS-e820: [mem 0x00000000fffc0000-0x00000000ffffffff] reserved
[    0.000000] BIOS-e820: [mem 0x000000fd00000000-0x000000ffffffffff] reserved
[    0.000000] NX (Execute Disable) protection: active
[    0.000000] APIC: Static calls initialized
[    0.000000] SMBIOS 3.0.0 present.
[    0.000000] DMI: QEMU Ubuntu 24.04 PC v2 (i440FX + PIIX, arch_caps fix, 1996), BIOS 1.16.3-debian-1.16.3-2 04/01/2014
[    0.000000] DMI: Memory slots populated: 1/1
[    0.000000] tsc: Fast TSC calibration using PIT
[    0.000000] tsc: Detected 2596.086 MHz processor
[    0.008109] last_pfn = 0xbfdd max_arch_pfn = 0x400000000
[    0.008801] MTRR map: 4 entries (3 fixed + 1 variable; max 19), built from 8 variable MTRRs
[    0.008978] x86/PAT: Configuration [0-7]: WB  WC  UC- UC  WB  WP  UC- WT  
[    0.024877] found SMP MP-table at [mem 0x000f5480-0x000f548f]
[    0.029613] RAMDISK: [mem 0x0b516000-0x0bfcffff]
[    0.029835] ACPI: Early table checksum verification disabled
[    0.030154] ACPI: RSDP 0x00000000000F5290 000014 (v00 BOCHS )
[    0.030412] ACPI: RSDT 0x000000000BFE1C52 000034 (v01 BOCHS  BXPC     00000001 BXPC 00000001)
[    0.030879] ACPI: FACP 0x000000000BFE1B06 000074 (v01 BOCHS  BXPC     00000001 BXPC 00000001)
[    0.031343] ACPI: DSDT 0x000000000BFE0040 001AC6 (v01 BOCHS  BXPC     00000001 BXPC 00000001)
[    0.031397] ACPI: FACS 0x000000000BFE0000 000040
[    0.031462] ACPI: APIC 0x000000000BFE1B7A 000078 (v03 BOCHS  BXPC     00000001 BXPC 00000001)
[    0.031492] ACPI: HPET 0x000000000BFE1BF2 000038 (v01 BOCHS  BXPC     00000001 BXPC 00000001)
[    0.031508] ACPI: WAET 0x000000000BFE1C2A 000028 (v01 BOCHS  BXPC     00000001 BXPC 00000001)
[    0.031590] ACPI: Reserving FACP table memory at [mem 0xbfe1b06-0xbfe1b79]
[    0.031616] ACPI: Reserving DSDT table memory at [mem 0xbfe0040-0xbfe1b05]
[    0.031622] ACPI: Reserving FACS table memory at [mem 0xbfe0000-0xbfe003f]
[    0.031627] ACPI: Reserving APIC table memory at [mem 0xbfe1b7a-0xbfe1bf1]
[    0.031631] ACPI: Reserving HPET table memory at [mem 0xbfe1bf2-0xbfe1c29]
[    0.031636] ACPI: Reserving WAET table memory at [mem 0xbfe1c2a-0xbfe1c51]
[    0.034612] No NUMA configuration found
[    0.034631] Faking a node at [mem 0x0000000000000000-0x000000000bfdcfff]
[    0.035303] NODE_DATA(0) allocated [mem 0x0bfd8d40-0x0bfdcfff]
[    0.037500] Zone ranges:
[    0.037524]   DMA      [mem 0x0000000000001000-0x0000000000ffffff]
[    0.037586]   DMA32    [mem 0x0000000001000000-0x000000000bfdcfff]
[    0.037594]   Normal   empty
[    0.037618] Movable zone start for each node
[    0.037649] Early memory node ranges
[    0.037672]   node   0: [mem 0x0000000000001000-0x000000000009efff]
[    0.037820]   node   0: [mem 0x0000000000100000-0x000000000bfdcfff]
[    0.037939] Initmem setup node 0 [mem 0x0000000000001000-0x000000000bfdcfff]
[    0.044928] On node 0, zone DMA: 1 pages in unavailable ranges
[    0.045156] On node 0, zone DMA: 97 pages in unavailable ranges
[    0.052543] On node 0, zone DMA32: 16419 pages in unavailable ranges
[    0.053104] ACPI: PM-Timer IO Port: 0x608
[    0.053650] ACPI: LAPIC_NMI (acpi_id[0xff] dfl dfl lint[0x1])
[    0.054004] IOAPIC[0]: apic_id 0, version 32, address 0xfec00000, GSI 0-23
[    0.054123] ACPI: INT_SRC_OVR (bus 0 bus_irq 0 global_irq 2 dfl dfl)
[    0.054632] ACPI: INT_SRC_OVR (bus 0 bus_irq 5 global_irq 5 high level)
[    0.054682] ACPI: INT_SRC_OVR (bus 0 bus_irq 9 global_irq 9 high level)
[    0.054785] ACPI: INT_SRC_OVR (bus 0 bus_irq 10 global_irq 10 high level)
[    0.054792] ACPI: INT_SRC_OVR (bus 0 bus_irq 11 global_irq 11 high level)
[    0.055084] ACPI: Using ACPI (MADT) for SMP configuration information
[    0.055134] ACPI: HPET id: 0x8086a201 base: 0xfed00000
[    0.055566] CPU topo: Max. logical packages:   1
[    0.055578] CPU topo: Max. logical dies:       1
[    0.055586] CPU topo: Max. dies per package:   1
[    0.055629] CPU topo: Max. threads per core:   1
[    0.055750] CPU topo: Num. cores per package:     1
[    0.055761] CPU topo: Num. threads per package:   1
[    0.055768] CPU topo: Allowing 1 present CPUs plus 0 hotplug CPUs
[    0.056770] [mem 0x0c000000-0xfffbffff] available for PCI devices
[    0.056834] Booting paravirtualized kernel on bare hardware
[    0.057118] clocksource: refined-jiffies: mask: 0xffffffff max_cycles: 0xffffffff, max_idle_ns: 1910969940391419 ns
[    0.068680] setup_percpu: NR_CPUS:256 nr_cpumask_bits:1 nr_cpu_ids:1 nr_node_ids:1
[    0.080970] percpu: Embedded 55 pages/cpu s186200 r8192 d30888 u2097152
[    0.088185] Kernel command line: console=ttyS0,115200 cfmd_mode=verify cfmd_cut=after-obsolete-remove
[    0.089209] Unknown kernel command line parameters "cfmd_mode=verify cfmd_cut=after-obsolete-remove", will be passed to user space.
[    0.089498] printk: log buffer data + meta data: 131072 + 458752 = 589824 bytes
[    0.089764] Dentry cache hash table entries: 32768 (order: 6, 262144 bytes, linear)
[    0.089896] Inode-cache hash table entries: 16384 (order: 5, 131072 bytes, linear)
[    0.092783] Fallback order for Node 0: 0 
[    0.093977] Built 1 zonelists, mobility grouping on.  Total pages: 49019
[    0.094006] Policy zone: DMA32
[    0.101029] mem auto-init: stack:all(zero), heap alloc:on, heap free:off
[    0.150473] SLUB: HWalign=64, Order=0-3, MinObjects=0, CPUs=1, Nodes=1
[    0.164698] Dynamic Preempt: none
[    0.180295] rcu: Preemptible hierarchical RCU implementation.
[    0.180338] rcu: 	RCU restricting CPUs from NR_CPUS=256 to nr_cpu_ids=1.
[    0.180567] 	Trampoline variant of Tasks RCU enabled.
[    0.180580] 	Tracing variant of Tasks RCU enabled.
[    0.180670] rcu: RCU calculated value of scheduler-enlistment delay is 100 jiffies.
[    0.180699] rcu: Adjusting geometry for rcu_fanout_leaf=16, nr_cpu_ids=1
[    0.181833] RCU Tasks: Setting shift to 0 and lim to 1 rcu_task_cb_adjust=1 rcu_task_cpu_ids=1.
[    0.181858] RCU Tasks Trace: Setting shift to 0 and lim to 1 rcu_task_cb_adjust=1 rcu_task_cpu_ids=1.
[    0.221300] NR_IRQS: 16640, nr_irqs: 256, preallocated irqs: 16
[    0.230511] rcu: srcu_init: Setting srcu_struct sizes based on contention.
[    0.231100] clocksource: jiffies: mask: 0xffffffff max_cycles: 0xffffffff, max_idle_ns: 1911260446275000 ns
[    0.236138] kfence: initialized - using 2097152 bytes for 255 objects at 0x(____ptrval____)-0x(____ptrval____)
[    0.241122] Console: colour VGA+ 80x25
[    0.242746] printk: legacy console [ttyS0] enabled
[    0.258036] ACPI: Core revision 20250807
[    0.263279] clocksource: hpet: mask: 0xffffffff max_cycles: 0xffffffff, max_idle_ns: 19112604467 ns
[    0.265389] APIC: Switch to symmetric I/O mode setup
[    0.272993] ..TIMER: vector=0x30 apic1=0 pin1=2 apic2=-1 pin2=-1
[    0.278826] clocksource: tsc-early: mask: 0xffffffffffffffff max_cycles: 0x256bcaae0be, max_idle_ns: 440795262884 ns
[    0.279288] Calibrating delay loop (skipped), value calculated using timer frequency.. 5192.17 BogoMIPS (lpj=2596086)
[    0.281991] Last level iTLB entries: 4KB 512, 2MB 255, 4MB 127
[    0.282245] Last level dTLB entries: 4KB 512, 2MB 255, 4MB 127, 1GB 0
[    0.282604] mitigations: Enabled attack vectors: user_kernel, user_user, guest_host, guest_guest, SMT mitigations: auto
[    0.283321] Spectre V2 : Mitigation: Retpolines
[    0.283565] Spectre V1 : Mitigation: usercopy/swapgs barriers and __user pointer sanitization
[    0.283795] Spectre V2 : Spectre v2 / SpectreRSB: Filling RSB on context switch and VMEXIT
[    0.284861] x86/fpu: x87 FPU will use FXSAVE
[    0.606099] Freeing SMP alternatives memory: 40K
[    0.607271] pid_max: default: 32768 minimum: 301
[    0.618694] LSM: initializing lsm=lockdown,capability,landlock,yama
[    0.622000] landlock: Up and running.
[    0.622119] Yama: becoming mindful.
[    0.625371] Mount-cache hash table entries: 512 (order: 0, 4096 bytes, linear)
[    0.625541] Mountpoint-cache hash table entries: 512 (order: 0, 4096 bytes, linear)
[    0.762080] smpboot: CPU0: AMD QEMU Virtual CPU version 2.5+ (family: 0xf, model: 0x6b, stepping: 0x1)
[    0.772095] Performance Events: PMU not available due to virtualization, using software events only.
[    0.773221] signal: max sigframe size: 1440
[    0.776090] rcu: Hierarchical SRCU implementation.
[    0.776201] rcu: 	Max phase no-delay instances is 400.
[    0.782559] NMI watchdog: Perf NMI watchdog permanently disabled
[    0.785257] smp: Bringing up secondary CPUs ...
[    0.787399] smp: Brought up 1 node, 1 CPU
[    0.788217] smpboot: Total of 1 processors activated (5192.17 BogoMIPS)
[    0.794968] Memory: 137828K/196076K available (14690K kernel code, 2033K rwdata, 9872K rodata, 3008K init, 1148K bss, 55612K reserved, 0K cma-reserved)
[    0.801724] devtmpfs: initialized
[    0.804959] x86/mm: Memory block size: 128MB
[    0.812470] posixtimers hash table entries: 512 (order: 1, 8192 bytes, linear)
[    0.812870] futex hash table entries: 256 (16384 bytes on 1 NUMA nodes, total 16 KiB, linear).
[    0.828281] NET: Registered PF_NETLINK/PF_ROUTE protocol family
[    0.831159] audit: initializing netlink subsys (disabled)
[    0.834887] thermal_sys: Registered thermal governor 'step_wise'
[    0.835546] audit: type=2000 audit(1790203780.564:1): state=initialized audit_enabled=0 res=1
[    0.836156] cpuidle: using governor ladder
[    0.836320] cpuidle: using governor menu
[    0.837752] acpiphp: ACPI Hot Plug PCI Controller Driver version: 0.5
[    0.840911] PCI: Using configuration type 1 for base access
[    0.843706] kprobes: kprobe jump-optimization is enabled. All kprobes are optimized if possible.
[    0.852473] HugeTLB: registered 2.00 MiB page size, pre-allocated 0 pages
[    0.852589] HugeTLB: 28 KiB vmemmap can be freed for a 2.00 MiB page
[    0.867314] ACPI: Added _OSI(Module Device)
[    0.867431] ACPI: Added _OSI(Processor Device)
[    0.867473] ACPI: Added _OSI(Processor Aggregator Device)
[    0.878148] ACPI: 1 ACPI AML tables successfully acquired and loaded
[    0.916479] ACPI: Interpreter enabled
[    0.918768] ACPI: PM: (supports S0 S3 S5)
[    0.918893] ACPI: Using IOAPIC for interrupt routing
[    0.919469] PCI: Using host bridge windows from ACPI; if necessary, use "pci=nocrs" and report a bug
[    0.919614] PCI: Using E820 reservations for host bridge windows
[    0.920905] ACPI: Enabled 2 GPEs in block 00 to 0F
[    0.972059] ACPI: PCI Root Bridge [PCI0] (domain 0000 [bus 00-ff])
[    0.972616] acpi PNP0A03:00: _OSC: OS supports [ASPM ClockPM Segments MSI HPX-Type3]
[    0.973126] acpi PNP0A03:00: _OSC: not requesting OS control; OS requires [ExtendedConfig ASPM ClockPM MSI]
[    0.973886] acpi PNP0A03:00: fail to add MMCONFIG information, can't access extended configuration space under this bridge
[    0.979043] acpiphp: Slot [3] registered
[    0.979249] acpiphp: Slot [4] registered
[    0.979362] acpiphp: Slot [5] registered
[    0.979452] acpiphp: Slot [6] registered
[    0.979557] acpiphp: Slot [7] registered
[    0.979677] acpiphp: Slot [8] registered
[    0.979767] acpiphp: Slot [9] registered
[    0.979863] acpiphp: Slot [10] registered
[    0.979945] acpiphp: Slot [11] registered
[    0.980037] acpiphp: Slot [12] registered
[    0.980142] acpiphp: Slot [13] registered
[    0.980225] acpiphp: Slot [14] registered
[    0.980303] acpiphp: Slot [15] registered
[    0.980379] acpiphp: Slot [16] registered
[    0.980459] acpiphp: Slot [17] registered
[    0.980535] acpiphp: Slot [18] registered
[    0.980646] acpiphp: Slot [19] registered
[    0.980735] acpiphp: Slot [20] registered
[    0.980815] acpiphp: Slot [21] registered
[    0.980896] acpiphp: Slot [22] registered
[    0.980976] acpiphp: Slot [23] registered
[    0.981112] acpiphp: Slot [24] registered
[    0.981264] acpiphp: Slot [25] registered
[    0.981357] acpiphp: Slot [26] registered
[    0.981458] acpiphp: Slot [27] registered
[    0.981542] acpiphp: Slot [28] registered
[    0.981624] acpiphp: Slot [29] registered
[    0.981750] acpiphp: Slot [30] registered
[    0.981830] acpiphp: Slot [31] registered
[    0.982130] PCI host bridge to bus 0000:00
[    0.982404] pci_bus 0000:00: root bus resource [io  0x0000-0x0cf7 window]
[    0.982570] pci_bus 0000:00: root bus resource [io  0x0d00-0xffff window]
[    0.982647] pci_bus 0000:00: root bus resource [mem 0x000a0000-0x000bffff window]
[    0.982740] pci_bus 0000:00: root bus resource [mem 0x0c000000-0xfebfffff window]
[    0.982802] pci_bus 0000:00: root bus resource [mem 0x100000000-0x17fffffff window]
[    0.982980] pci_bus 0000:00: root bus resource [bus 00-ff]
[    0.984103] pci 0000:00:00.0: [8086:1237] type 00 class 0x060000 conventional PCI endpoint
[    0.989389] pci 0000:00:01.0: [8086:7000] type 00 class 0x060100 conventional PCI endpoint
[    0.990068] pci 0000:00:01.1: [8086:7010] type 00 class 0x010180 conventional PCI endpoint
[    0.990715] pci 0000:00:01.1: BAR 4 [io  0xc080-0xc08f]
[    0.990846] pci 0000:00:01.1: BAR 0 [io  0x01f0-0x01f7]: legacy IDE quirk
[    0.990925] pci 0000:00:01.1: BAR 1 [io  0x03f6]: legacy IDE quirk
[    0.991008] pci 0000:00:01.1: BAR 2 [io  0x0170-0x0177]: legacy IDE quirk
[    0.991115] pci 0000:00:01.1: BAR 3 [io  0x0376]: legacy IDE quirk
[    0.991752] pci 0000:00:01.3: [8086:7113] type 00 class 0x068000 conventional PCI endpoint
[    0.992187] pci 0000:00:01.3: quirk: [io  0x0600-0x063f] claimed by PIIX4 ACPI
[    0.992291] pci 0000:00:01.3: quirk: [io  0x0700-0x070f] claimed by PIIX4 SMB
[    0.992834] pci 0000:00:02.0: [1234:1111] type 00 class 0x030000 conventional PCI endpoint
[    0.993386] pci 0000:00:02.0: BAR 0 [mem 0xfd000000-0xfdffffff pref]
[    0.993534] pci 0000:00:02.0: BAR 2 [mem 0xfebf0000-0xfebf0fff]
[    0.993601] pci 0000:00:02.0: ROM [mem 0xfebe0000-0xfebeffff pref]
[    0.993847] pci 0000:00:02.0: Video device with shadowed ROM at [mem 0x000c0000-0x000dffff]
[    0.994728] pci 0000:00:03.0: [1af4:1001] type 00 class 0x010000 conventional PCI endpoint
[    0.995512] pci 0000:00:03.0: BAR 0 [io  0xc000-0xc07f]
[    0.995598] pci 0000:00:03.0: BAR 1 [mem 0xfebf1000-0xfebf1fff]
[    0.996154] pci 0000:00:03.0: BAR 4 [mem 0xfe000000-0xfe003fff 64bit pref]
[    1.003969] ACPI: PCI: Interrupt link LNKA configured for IRQ 10
[    1.004476] ACPI: PCI: Interrupt link LNKB configured for IRQ 10
[    1.004796] ACPI: PCI: Interrupt link LNKC configured for IRQ 11
[    1.005140] ACPI: PCI: Interrupt link LNKD configured for IRQ 11
[    1.005324] ACPI: PCI: Interrupt link LNKS configured for IRQ 9
[    1.010140] iommu: Default domain type: Translated
[    1.010327] iommu: DMA domain TLB invalidation policy: lazy mode
[    1.013349] SCSI subsystem initialized
[    1.015555] pps_core: LinuxPPS API ver. 1 registered
[    1.015631] pps_core: Software ver. 5.3.6 - Copyright 2005-2007 Rodolfo Giometti <giometti@linux.it>
[    1.015781] PTP clock support registered
[    1.026327] PCI: Using ACPI for IRQ routing
[    1.028866] hpet: 3 channels of 0 reserved for per-cpu timers
[    1.030080] clocksource: Switched to clocksource tsc-early
[    1.040288] VFS: Disk quotas dquot_6.6.0
[    1.040608] VFS: Dquot-cache hash table entries: 512 (order 0, 4096 bytes)
[    1.052101] pnp: PnP ACPI init
[    1.055465] pnp: PnP ACPI: found 5 devices
[    1.082326] clocksource: acpi_pm: mask: 0xffffff max_cycles: 0xffffff, max_idle_ns: 2085701024 ns
[    1.083693] NET: Registered PF_INET protocol family
[    1.084588] IP idents hash table entries: 4096 (order: 3, 32768 bytes, linear)
[    1.140097] tcp_listen_portaddr_hash hash table entries: 256 (order: 0, 4096 bytes, linear)
[    1.140496] Table-perturb hash table entries: 65536 (order: 6, 262144 bytes, linear)
[    1.140678] TCP established hash table entries: 2048 (order: 2, 16384 bytes, linear)
[    1.140930] TCP bind hash table entries: 2048 (order: 4, 65536 bytes, linear)
[    1.141102] TCP: Hash tables configured (established 2048 bind 2048)
[    1.147933] MPTCP token hash table entries: 256 (order: 1, 6144 bytes, linear)
[    1.148333] UDP hash table entries: 256 (order: 2, 16384 bytes, linear)
[    1.148613] UDP-Lite hash table entries: 256 (order: 2, 16384 bytes, linear)
[    1.150041] NET: Registered PF_UNIX/PF_LOCAL protocol family
[    1.150545] NET: Registered PF_XDP protocol family
[    1.151388] pci_bus 0000:00: resource 4 [io  0x0000-0x0cf7 window]
[    1.151479] pci_bus 0000:00: resource 5 [io  0x0d00-0xffff window]
[    1.151540] pci_bus 0000:00: resource 6 [mem 0x000a0000-0x000bffff window]
[    1.151601] pci_bus 0000:00: resource 7 [mem 0x0c000000-0xfebfffff window]
[    1.151658] pci_bus 0000:00: resource 8 [mem 0x100000000-0x17fffffff window]
[    1.152238] pci 0000:00:01.0: PIIX3: Enabling Passive Release
[    1.152374] pci 0000:00:00.0: Limiting direct PCI/PCI transfers
[    1.152523] PCI: CLS 0 bytes, default 64
[    1.156841] Initialise system trusted keyrings
[    1.164701] Unpacking initramfs...
[    1.179829] workingset: timestamp_bits=40 max_order=16 bucket_order=0
[    1.183053] Key type asymmetric registered
[    1.183190] Asymmetric key parser 'x509' registered
[    1.183649] Block layer SCSI generic (bsg) driver version 0.4 loaded (major 247)
[    1.193570] io scheduler mq-deadline registered
[    1.193720] io scheduler kyber registered
[    1.194087] io scheduler bfq registered
[    1.211011] ERST DBG: ERST support is disabled.
[    1.305991] ACPI: \_SB_.LNKC: Enabled at IRQ 11
[    1.436593] Serial: 8250/16550 driver, 4 ports, IRQ sharing enabled
[    1.440411] 00:04: ttyS0 at I/O 0x3f8 (irq = 4, base_baud = 115200) is a 16550A
[    1.460885] VMware PVSCSI driver - version 1.0.7.0-k
[    1.477285] scsi host0: ata_piix
[    1.492966] scsi host1: ata_piix
[    1.493669] ata1: PATA max MWDMA2 cmd 0x1f0 ctl 0x3f6 bmdma 0xc080 irq 14 lpm-pol 0
[    1.493853] ata2: PATA max MWDMA2 cmd 0x170 ctl 0x376 bmdma 0xc088 irq 15 lpm-pol 0
[    1.494923] hv_vmbus: registering driver hv_netvsc
[    1.496246] i8042: PNP: PS/2 Controller [PNP0303:KBD,PNP0f13:MOU] at 0x60,0x64 irq 1,12
[    1.499471] serio: i8042 KBD port at 0x60,0x64 irq 1
[    1.499695] serio: i8042 AUX port at 0x60,0x64 irq 12
[    1.500087] hv_vmbus: registering driver hyperv_keyboard
[    1.501324] rtc_cmos PNP0B00:00: RTC can wake from S4
[    1.507495] input: AT Translated Set 2 keyboard as /devices/platform/i8042/serio0/input/input0
[    1.526227] rtc_cmos PNP0B00:00: registered as rtc0
[    1.526811] rtc_cmos PNP0B00:00: setting system clock to 2026-09-23T22:49:41 UTC (1790203781)
[    1.527873] rtc_cmos PNP0B00:00: alarms up to one day, y3k, 242 bytes nvram, hpet irqs
[    1.528332] amd_pstate: the _CPC object is not present in SBIOS or ACPI disabled
[    1.536003] gre: GRE over IPv4 demultiplexer driver
[    1.537039] NET: Registered PF_INET6 protocol family
[    1.556575] Segment Routing with IPv6
[    1.557174] In-situ OAM (IOAM) with IPv6
[    1.564773] Key type dns_resolver registered
[    1.565889] IPI shorthand broadcast: enabled
[    1.578674] sched_clock: Marking stable (1541043394, 37096354)->(1630856996, -52717248)
[    1.613413] registered taskstats version 1
[    1.615776] Loading compiled-in X.509 certificates
[    1.676693] ata2: found unknown device (class 0)
[    1.686881] ata2.00: ATAPI: QEMU DVD-ROM, 2.5+, max UDMA/100
[    1.725334] scsi 1:0:0:0: CD-ROM            QEMU     QEMU DVD-ROM     2.5+ PQ: 0 ANSI: 5
[    1.960511] Freeing initrd memory: 10984K
[    2.134372] Loaded X.509 cert 'alpinelinux.org: Alpine Linux kernel key: d76a695f66ad9cd28f5c22a8508f36e91f521f7a'
[    2.149610] Demotion targets for Node 0: null
[    2.150865] Key type .fscrypt registered
[    2.150941] Key type fscrypt-provisioning registered
[    2.174305] tsc: Refined TSC clocksource calibration: 2596.090 MHz
[    2.174677] clocksource: tsc: mask: 0xffffffffffffffff max_cycles: 0x256bce70c76, max_idle_ns: 440795249075 ns
[    2.175293] clocksource: Switched to clocksource tsc
[    2.252063] Freeing unused kernel image (initmem) memory: 3008K
[    2.252651] Write protecting the kernel read-only data: 26624k
[    2.255804] Freeing unused kernel image (text/rodata gap) memory: 1692K
[    2.256388] Freeing unused kernel image (rodata/data gap) memory: 368K
[    2.256945] rodata_test: all tests were successful
[    2.257230] Run /init as init process
CFMD_MININIT_BEGIN
CFMD_ARGS mode=verify cut=after-obsolete-remove
[    2.594701] virtio_blk virtio0: 1/0/0 default/read/poll queues
[    2.604883] virtio_blk virtio0: [vda] 1048576 512-byte logical blocks (537 MB/512 MiB)
[    3.181302] EXT4-fs (vda): recovery complete
[    3.183085] EXT4-fs (vda): mounted filesystem 632c2322-b79e-11f1-80e3-d1c9cdf3a3a0 r/w with ordered data mode. Quota mode: none.
CFMD_MOUNT_RC=0
25 1 253:0 / /mnt/cfmd rw,relatime - ext4 /dev/vda rw,data=ordered
PROFILE_OK profile=LinuxExt4Ordered kernel=6.18.52-0-virt fs=ext4 source=/dev/vda options=["rw", "relatime"]/["rw", "data=ordered"]
DESTRUCTIVE_CASE_PASS cut=after-obsolete-remove
HOST_OUTCOME=PASS ELAPSED=4.278 EXIT=-9
