HOST_QEMU_PID=19375 MODE=arm CUT=after-pending-manifest-sync START=1790203639.090566
c[?7l[2J[0mSeaBIOS (version 1.16.3-debian-1.16.3-2)
Booting from ROM...
c[?7l[2J[    0.000000] Linux version 6.18.52-0-virt (buildozer@build-3-24-x86_64) (cc (Alpine 15.2.0) 15.2.0, GNU ld (GNU Binutils) 2.45.1) #1-Alpine SMP PREEMPT_DYNAMIC 2026-09-15 05:37:48
[    0.000000] Command line: console=ttyS0,115200 cfmd_mode=arm cfmd_cut=after-pending-manifest-sync
[    0.000000] BIOS-provided physical RAM map:
[    0.000000] BIOS-e820: [mem 0x0000000000000000-0x000000000009fbff] usable
[    0.000000] BIOS-e820: [mem 0x000000000009fc00-0x000000000009ffff] reserved
[    0.000000] BIOS-e820: [mem 0x00000000000f0000-0x00000000000fffff] reserved
[    0.000000] BIOS-e820: [mem 0x0000000000100000-0x000000000bfdcfff] usable
[    0.000000] BIOS-e820: [mem 0x000000000bfdd000-0x000000000bffffff] reserved
[    0.000000] BIOS-e820: [mem 0x00000000fffc0000-0x00000000ffffffff] reserved
[    0.000000] BIOS-e820: [mem 0x000000fd00000000-0x000000ffffffffff] reserved
[    0.000000] NX (Execute Disable) protection: active
[    0.000000] APIC: Static calls initialized
[    0.000000] SMBIOS 3.0.0 present.
[    0.000000] DMI: QEMU Ubuntu 24.04 PC v2 (i440FX + PIIX, arch_caps fix, 1996), BIOS 1.16.3-debian-1.16.3-2 04/01/2014
[    0.000000] DMI: Memory slots populated: 1/1
[    0.000000] tsc: Fast TSC calibration using PIT
[    0.000000] tsc: Detected 2596.060 MHz processor
[    0.007625] last_pfn = 0xbfdd max_arch_pfn = 0x400000000
[    0.008288] MTRR map: 4 entries (3 fixed + 1 variable; max 19), built from 8 variable MTRRs
[    0.008464] x86/PAT: Configuration [0-7]: WB  WC  UC- UC  WB  WP  UC- WT  
[    0.023869] found SMP MP-table at [mem 0x000f5480-0x000f548f]
[    0.028624] RAMDISK: [mem 0x0b516000-0x0bfcffff]
[    0.028838] ACPI: Early table checksum verification disabled
[    0.029293] ACPI: RSDP 0x00000000000F5290 000014 (v00 BOCHS )
[    0.029584] ACPI: RSDT 0x000000000BFE1C52 000034 (v01 BOCHS  BXPC     00000001 BXPC 00000001)
[    0.030038] ACPI: FACP 0x000000000BFE1B06 000074 (v01 BOCHS  BXPC     00000001 BXPC 00000001)
[    0.030526] ACPI: DSDT 0x000000000BFE0040 001AC6 (v01 BOCHS  BXPC     00000001 BXPC 00000001)
[    0.030596] ACPI: FACS 0x000000000BFE0000 000040
[    0.030645] ACPI: APIC 0x000000000BFE1B7A 000078 (v03 BOCHS  BXPC     00000001 BXPC 00000001)
[    0.030674] ACPI: HPET 0x000000000BFE1BF2 000038 (v01 BOCHS  BXPC     00000001 BXPC 00000001)
[    0.030690] ACPI: WAET 0x000000000BFE1C2A 000028 (v01 BOCHS  BXPC     00000001 BXPC 00000001)
[    0.030779] ACPI: Reserving FACP table memory at [mem 0xbfe1b06-0xbfe1b79]
[    0.030804] ACPI: Reserving DSDT table memory at [mem 0xbfe0040-0xbfe1b05]
[    0.030810] ACPI: Reserving FACS table memory at [mem 0xbfe0000-0xbfe003f]
[    0.030815] ACPI: Reserving APIC table memory at [mem 0xbfe1b7a-0xbfe1bf1]
[    0.030819] ACPI: Reserving HPET table memory at [mem 0xbfe1bf2-0xbfe1c29]
[    0.030824] ACPI: Reserving WAET table memory at [mem 0xbfe1c2a-0xbfe1c51]
[    0.033393] No NUMA configuration found
[    0.033411] Faking a node at [mem 0x0000000000000000-0x000000000bfdcfff]
[    0.034108] NODE_DATA(0) allocated [mem 0x0bfd8d40-0x0bfdcfff]
[    0.036267] Zone ranges:
[    0.036289]   DMA      [mem 0x0000000000001000-0x0000000000ffffff]
[    0.036350]   DMA32    [mem 0x0000000001000000-0x000000000bfdcfff]
[    0.036358]   Normal   empty
[    0.036379] Movable zone start for each node
[    0.036409] Early memory node ranges
[    0.036432]   node   0: [mem 0x0000000000001000-0x000000000009efff]
[    0.036592]   node   0: [mem 0x0000000000100000-0x000000000bfdcfff]
[    0.036710] Initmem setup node 0 [mem 0x0000000000001000-0x000000000bfdcfff]
[    0.042729] On node 0, zone DMA: 1 pages in unavailable ranges
[    0.042944] On node 0, zone DMA: 97 pages in unavailable ranges
[    0.048886] On node 0, zone DMA32: 16419 pages in unavailable ranges
[    0.049390] ACPI: PM-Timer IO Port: 0x608
[    0.049860] ACPI: LAPIC_NMI (acpi_id[0xff] dfl dfl lint[0x1])
[    0.050202] IOAPIC[0]: apic_id 0, version 32, address 0xfec00000, GSI 0-23
[    0.050315] ACPI: INT_SRC_OVR (bus 0 bus_irq 0 global_irq 2 dfl dfl)
[    0.050610] ACPI: INT_SRC_OVR (bus 0 bus_irq 5 global_irq 5 high level)
[    0.050652] ACPI: INT_SRC_OVR (bus 0 bus_irq 9 global_irq 9 high level)
[    0.050750] ACPI: INT_SRC_OVR (bus 0 bus_irq 10 global_irq 10 high level)
[    0.050756] ACPI: INT_SRC_OVR (bus 0 bus_irq 11 global_irq 11 high level)
[    0.050972] ACPI: Using ACPI (MADT) for SMP configuration information
[    0.051017] ACPI: HPET id: 0x8086a201 base: 0xfed00000
[    0.051400] CPU topo: Max. logical packages:   1
[    0.051410] CPU topo: Max. logical dies:       1
[    0.051417] CPU topo: Max. dies per package:   1
[    0.051460] CPU topo: Max. threads per core:   1
[    0.051597] CPU topo: Num. cores per package:     1
[    0.051609] CPU topo: Num. threads per package:   1
[    0.051616] CPU topo: Allowing 1 present CPUs plus 0 hotplug CPUs
[    0.052550] [mem 0x0c000000-0xfffbffff] available for PCI devices
[    0.052696] Booting paravirtualized kernel on bare hardware
[    0.052898] clocksource: refined-jiffies: mask: 0xffffffff max_cycles: 0xffffffff, max_idle_ns: 1910969940391419 ns
[    0.062420] setup_percpu: NR_CPUS:256 nr_cpumask_bits:1 nr_cpu_ids:1 nr_node_ids:1
[    0.073464] percpu: Embedded 55 pages/cpu s186200 r8192 d30888 u2097152
[    0.080149] Kernel command line: console=ttyS0,115200 cfmd_mode=arm cfmd_cut=after-pending-manifest-sync
[    0.081184] Unknown kernel command line parameters "cfmd_mode=arm cfmd_cut=after-pending-manifest-sync", will be passed to user space.
[    0.081416] printk: log buffer data + meta data: 131072 + 458752 = 589824 bytes
[    0.081698] Dentry cache hash table entries: 32768 (order: 6, 262144 bytes, linear)
[    0.081827] Inode-cache hash table entries: 16384 (order: 5, 131072 bytes, linear)
[    0.084456] Fallback order for Node 0: 0 
[    0.084704] Built 1 zonelists, mobility grouping on.  Total pages: 49019
[    0.084719] Policy zone: DMA32
[    0.090644] mem auto-init: stack:all(zero), heap alloc:on, heap free:off
[    0.134136] SLUB: HWalign=64, Order=0-3, MinObjects=0, CPUs=1, Nodes=1
[    0.146540] Dynamic Preempt: none
[    0.159491] rcu: Preemptible hierarchical RCU implementation.
[    0.159528] rcu: 	RCU restricting CPUs from NR_CPUS=256 to nr_cpu_ids=1.
[    0.159744] 	Trampoline variant of Tasks RCU enabled.
[    0.159757] 	Tracing variant of Tasks RCU enabled.
[    0.159839] rcu: RCU calculated value of scheduler-enlistment delay is 100 jiffies.
[    0.159866] rcu: Adjusting geometry for rcu_fanout_leaf=16, nr_cpu_ids=1
[    0.161178] RCU Tasks: Setting shift to 0 and lim to 1 rcu_task_cb_adjust=1 rcu_task_cpu_ids=1.
[    0.161202] RCU Tasks Trace: Setting shift to 0 and lim to 1 rcu_task_cb_adjust=1 rcu_task_cpu_ids=1.
[    0.197792] NR_IRQS: 16640, nr_irqs: 256, preallocated irqs: 16
[    0.206580] rcu: srcu_init: Setting srcu_struct sizes based on contention.
[    0.207251] clocksource: jiffies: mask: 0xffffffff max_cycles: 0xffffffff, max_idle_ns: 1911260446275000 ns
[    0.211507] kfence: initialized - using 2097152 bytes for 255 objects at 0x(____ptrval____)-0x(____ptrval____)
[    0.216590] Console: colour VGA+ 80x25
[    0.218252] printk: legacy console [ttyS0] enabled
[    0.232870] ACPI: Core revision 20250807
[    0.238003] clocksource: hpet: mask: 0xffffffff max_cycles: 0xffffffff, max_idle_ns: 19112604467 ns
[    0.239769] APIC: Switch to symmetric I/O mode setup
[    0.246394] ..TIMER: vector=0x30 apic1=0 pin1=2 apic2=-1 pin2=-1
[    0.252350] clocksource: tsc-early: mask: 0xffffffffffffffff max_cycles: 0x256bb210993, max_idle_ns: 440795283596 ns
[    0.252877] Calibrating delay loop (skipped), value calculated using timer frequency.. 5192.12 BogoMIPS (lpj=2596060)
[    0.255325] Last level iTLB entries: 4KB 512, 2MB 255, 4MB 127
[    0.255415] Last level dTLB entries: 4KB 512, 2MB 255, 4MB 127, 1GB 0
[    0.255806] mitigations: Enabled attack vectors: user_kernel, user_user, guest_host, guest_guest, SMT mitigations: auto
[    0.256387] Spectre V2 : Mitigation: Retpolines
[    0.256625] Spectre V1 : Mitigation: usercopy/swapgs barriers and __user pointer sanitization
[    0.256846] Spectre V2 : Spectre v2 / SpectreRSB: Filling RSB on context switch and VMEXIT
[    0.259318] x86/fpu: x87 FPU will use FXSAVE
[    0.576830] Freeing SMP alternatives memory: 40K
[    0.578004] pid_max: default: 32768 minimum: 301
[    0.589039] LSM: initializing lsm=lockdown,capability,landlock,yama
[    0.593082] landlock: Up and running.
[    0.593303] Yama: becoming mindful.
[    0.596356] Mount-cache hash table entries: 512 (order: 0, 4096 bytes, linear)
[    0.596528] Mountpoint-cache hash table entries: 512 (order: 0, 4096 bytes, linear)
[    0.734670] smpboot: CPU0: AMD QEMU Virtual CPU version 2.5+ (family: 0xf, model: 0x6b, stepping: 0x1)
[    0.746977] Performance Events: PMU not available due to virtualization, using software events only.
[    0.748118] signal: max sigframe size: 1440
[    0.749899] rcu: Hierarchical SRCU implementation.
[    0.750005] rcu: 	Max phase no-delay instances is 400.
[    0.757424] NMI watchdog: Perf NMI watchdog permanently disabled
[    0.761372] smp: Bringing up secondary CPUs ...
[    0.764555] smp: Brought up 1 node, 1 CPU
[    0.764827] smpboot: Total of 1 processors activated (5192.12 BogoMIPS)
[    0.770947] Memory: 137828K/196076K available (14690K kernel code, 2033K rwdata, 9872K rodata, 3008K init, 1148K bss, 55612K reserved, 0K cma-reserved)
[    0.778187] devtmpfs: initialized
[    0.781914] x86/mm: Memory block size: 128MB
[    0.789380] posixtimers hash table entries: 512 (order: 1, 8192 bytes, linear)
[    0.789833] futex hash table entries: 256 (16384 bytes on 1 NUMA nodes, total 16 KiB, linear).
[    0.805763] NET: Registered PF_NETLINK/PF_ROUTE protocol family
[    0.808859] audit: initializing netlink subsys (disabled)
[    0.812622] thermal_sys: Registered thermal governor 'step_wise'
[    0.813320] audit: type=2000 audit(1790203640.568:1): state=initialized audit_enabled=0 res=1
[    0.813910] cpuidle: using governor ladder
[    0.814077] cpuidle: using governor menu
[    0.815445] acpiphp: ACPI Hot Plug PCI Controller Driver version: 0.5
[    0.818556] PCI: Using configuration type 1 for base access
[    0.821305] kprobes: kprobe jump-optimization is enabled. All kprobes are optimized if possible.
[    0.825596] HugeTLB: registered 2.00 MiB page size, pre-allocated 0 pages
[    0.825720] HugeTLB: 28 KiB vmemmap can be freed for a 2.00 MiB page
[    0.842971] ACPI: Added _OSI(Module Device)
[    0.843118] ACPI: Added _OSI(Processor Device)
[    0.843162] ACPI: Added _OSI(Processor Aggregator Device)
[    0.854147] ACPI: 1 ACPI AML tables successfully acquired and loaded
[    0.893737] ACPI: Interpreter enabled
[    0.895786] ACPI: PM: (supports S0 S3 S5)
[    0.895919] ACPI: Using IOAPIC for interrupt routing
[    0.896514] PCI: Using host bridge windows from ACPI; if necessary, use "pci=nocrs" and report a bug
[    0.896634] PCI: Using E820 reservations for host bridge windows
[    0.897944] ACPI: Enabled 2 GPEs in block 00 to 0F
[    0.950289] ACPI: PCI Root Bridge [PCI0] (domain 0000 [bus 00-ff])
[    0.951125] acpi PNP0A03:00: _OSC: OS supports [ASPM ClockPM Segments MSI HPX-Type3]
[    0.951368] acpi PNP0A03:00: _OSC: not requesting OS control; OS requires [ExtendedConfig ASPM ClockPM MSI]
[    0.952060] acpi PNP0A03:00: fail to add MMCONFIG information, can't access extended configuration space under this bridge
[    0.957295] acpiphp: Slot [3] registered
[    0.957489] acpiphp: Slot [4] registered
[    0.957607] acpiphp: Slot [5] registered
[    0.957737] acpiphp: Slot [6] registered
[    0.957831] acpiphp: Slot [7] registered
[    0.957944] acpiphp: Slot [8] registered
[    0.958035] acpiphp: Slot [9] registered
[    0.958138] acpiphp: Slot [10] registered
[    0.958227] acpiphp: Slot [11] registered
[    0.958325] acpiphp: Slot [12] registered
[    0.958431] acpiphp: Slot [13] registered
[    0.958515] acpiphp: Slot [14] registered
[    0.958598] acpiphp: Slot [15] registered
[    0.958710] acpiphp: Slot [16] registered
[    0.958802] acpiphp: Slot [17] registered
[    0.958885] acpiphp: Slot [18] registered
[    0.959064] acpiphp: Slot [19] registered
[    0.959161] acpiphp: Slot [20] registered
[    0.959249] acpiphp: Slot [21] registered
[    0.959334] acpiphp: Slot [22] registered
[    0.959448] acpiphp: Slot [23] registered
[    0.959533] acpiphp: Slot [24] registered
[    0.959615] acpiphp: Slot [25] registered
[    0.959729] acpiphp: Slot [26] registered
[    0.959837] acpiphp: Slot [27] registered
[    0.959922] acpiphp: Slot [28] registered
[    0.960006] acpiphp: Slot [29] registered
[    0.960113] acpiphp: Slot [30] registered
[    0.960216] acpiphp: Slot [31] registered
[    0.960736] PCI host bridge to bus 0000:00
[    0.961016] pci_bus 0000:00: root bus resource [io  0x0000-0x0cf7 window]
[    0.961189] pci_bus 0000:00: root bus resource [io  0x0d00-0xffff window]
[    0.961265] pci_bus 0000:00: root bus resource [mem 0x000a0000-0x000bffff window]
[    0.961388] pci_bus 0000:00: root bus resource [mem 0x0c000000-0xfebfffff window]
[    0.961462] pci_bus 0000:00: root bus resource [mem 0x100000000-0x17fffffff window]
[    0.961683] pci_bus 0000:00: root bus resource [bus 00-ff]
[    0.962771] pci 0000:00:00.0: [8086:1237] type 00 class 0x060000 conventional PCI endpoint
[    0.968064] pci 0000:00:01.0: [8086:7000] type 00 class 0x060100 conventional PCI endpoint
[    0.968845] pci 0000:00:01.1: [8086:7010] type 00 class 0x010180 conventional PCI endpoint
[    0.969447] pci 0000:00:01.1: BAR 4 [io  0xc080-0xc08f]
[    0.969574] pci 0000:00:01.1: BAR 0 [io  0x01f0-0x01f7]: legacy IDE quirk
[    0.969693] pci 0000:00:01.1: BAR 1 [io  0x03f6]: legacy IDE quirk
[    0.969790] pci 0000:00:01.1: BAR 2 [io  0x0170-0x0177]: legacy IDE quirk
[    0.969929] pci 0000:00:01.1: BAR 3 [io  0x0376]: legacy IDE quirk
[    0.970552] pci 0000:00:01.3: [8086:7113] type 00 class 0x068000 conventional PCI endpoint
[    0.970957] pci 0000:00:01.3: quirk: [io  0x0600-0x063f] claimed by PIIX4 ACPI
[    0.971070] pci 0000:00:01.3: quirk: [io  0x0700-0x070f] claimed by PIIX4 SMB
[    0.971692] pci 0000:00:02.0: [1234:1111] type 00 class 0x030000 conventional PCI endpoint
[    0.972339] pci 0000:00:02.0: BAR 0 [mem 0xfd000000-0xfdffffff pref]
[    0.972489] pci 0000:00:02.0: BAR 2 [mem 0xfebf0000-0xfebf0fff]
[    0.972577] pci 0000:00:02.0: ROM [mem 0xfebe0000-0xfebeffff pref]
[    0.972869] pci 0000:00:02.0: Video device with shadowed ROM at [mem 0x000c0000-0x000dffff]
[    0.973538] pci 0000:00:03.0: [1af4:1001] type 00 class 0x010000 conventional PCI endpoint
[    0.974523] pci 0000:00:03.0: BAR 0 [io  0xc000-0xc07f]
[    0.974613] pci 0000:00:03.0: BAR 1 [mem 0xfebf1000-0xfebf1fff]
[    0.974730] pci 0000:00:03.0: BAR 4 [mem 0xfe000000-0xfe003fff 64bit pref]
[    0.982078] ACPI: PCI: Interrupt link LNKA configured for IRQ 10
[    0.982615] ACPI: PCI: Interrupt link LNKB configured for IRQ 10
[    0.982936] ACPI: PCI: Interrupt link LNKC configured for IRQ 11
[    0.983264] ACPI: PCI: Interrupt link LNKD configured for IRQ 11
[    0.983462] ACPI: PCI: Interrupt link LNKS configured for IRQ 9
[    0.986827] iommu: Default domain type: Translated
[    0.986935] iommu: DMA domain TLB invalidation policy: lazy mode
[    0.989562] SCSI subsystem initialized
[    0.990880] pps_core: LinuxPPS API ver. 1 registered
[    0.990960] pps_core: Software ver. 5.3.6 - Copyright 2005-2007 Rodolfo Giometti <giometti@linux.it>
[    0.991110] PTP clock support registered
[    1.000695] PCI: Using ACPI for IRQ routing
[    1.003162] hpet: 3 channels of 0 reserved for per-cpu timers
[    1.004670] clocksource: Switched to clocksource tsc-early
[    1.014000] VFS: Disk quotas dquot_6.6.0
[    1.014335] VFS: Dquot-cache hash table entries: 512 (order 0, 4096 bytes)
[    1.025969] pnp: PnP ACPI init
[    1.029364] pnp: PnP ACPI: found 5 devices
[    1.053771] clocksource: acpi_pm: mask: 0xffffff max_cycles: 0xffffff, max_idle_ns: 2085701024 ns
[    1.055301] NET: Registered PF_INET protocol family
[    1.056254] IP idents hash table entries: 4096 (order: 3, 32768 bytes, linear)
[    1.111889] tcp_listen_portaddr_hash hash table entries: 256 (order: 0, 4096 bytes, linear)
[    1.112275] Table-perturb hash table entries: 65536 (order: 6, 262144 bytes, linear)
[    1.112426] TCP established hash table entries: 2048 (order: 2, 16384 bytes, linear)
[    1.112634] TCP bind hash table entries: 2048 (order: 4, 65536 bytes, linear)
[    1.112819] TCP: Hash tables configured (established 2048 bind 2048)
[    1.119411] MPTCP token hash table entries: 256 (order: 1, 6144 bytes, linear)
[    1.119855] UDP hash table entries: 256 (order: 2, 16384 bytes, linear)
[    1.120169] UDP-Lite hash table entries: 256 (order: 2, 16384 bytes, linear)
[    1.121602] NET: Registered PF_UNIX/PF_LOCAL protocol family
[    1.122202] NET: Registered PF_XDP protocol family
[    1.123160] pci_bus 0000:00: resource 4 [io  0x0000-0x0cf7 window]
[    1.123259] pci_bus 0000:00: resource 5 [io  0x0d00-0xffff window]
[    1.123317] pci_bus 0000:00: resource 6 [mem 0x000a0000-0x000bffff window]
[    1.123385] pci_bus 0000:00: resource 7 [mem 0x0c000000-0xfebfffff window]
[    1.123450] pci_bus 0000:00: resource 8 [mem 0x100000000-0x17fffffff window]
[    1.124015] pci 0000:00:01.0: PIIX3: Enabling Passive Release
[    1.124181] pci 0000:00:00.0: Limiting direct PCI/PCI transfers
[    1.124343] PCI: CLS 0 bytes, default 64
[    1.128640] Initialise system trusted keyrings
[    1.135855] Unpacking initramfs...
[    1.150791] workingset: timestamp_bits=40 max_order=16 bucket_order=0
[    1.154055] Key type asymmetric registered
[    1.154222] Asymmetric key parser 'x509' registered
[    1.154641] Block layer SCSI generic (bsg) driver version 0.4 loaded (major 247)
[    1.160669] io scheduler mq-deadline registered
[    1.160829] io scheduler kyber registered
[    1.166212] io scheduler bfq registered
[    1.185665] ERST DBG: ERST support is disabled.
[    1.280243] ACPI: \_SB_.LNKC: Enabled at IRQ 11
[    1.409372] Serial: 8250/16550 driver, 4 ports, IRQ sharing enabled
[    1.413239] 00:04: ttyS0 at I/O 0x3f8 (irq = 4, base_baud = 115200) is a 16550A
[    1.439121] VMware PVSCSI driver - version 1.0.7.0-k
[    1.446833] scsi host0: ata_piix
[    1.467247] scsi host1: ata_piix
[    1.468052] ata1: PATA max MWDMA2 cmd 0x1f0 ctl 0x3f6 bmdma 0xc080 irq 14 lpm-pol 0
[    1.468213] ata2: PATA max MWDMA2 cmd 0x170 ctl 0x376 bmdma 0xc088 irq 15 lpm-pol 0
[    1.469702] hv_vmbus: registering driver hv_netvsc
[    1.471161] i8042: PNP: PS/2 Controller [PNP0303:KBD,PNP0f13:MOU] at 0x60,0x64 irq 1,12
[    1.474368] serio: i8042 KBD port at 0x60,0x64 irq 1
[    1.474637] serio: i8042 AUX port at 0x60,0x64 irq 12
[    1.474932] hv_vmbus: registering driver hyperv_keyboard
[    1.475943] rtc_cmos PNP0B00:00: RTC can wake from S4
[    1.481387] input: AT Translated Set 2 keyboard as /devices/platform/i8042/serio0/input/input0
[    1.501424] rtc_cmos PNP0B00:00: registered as rtc0
[    1.502058] rtc_cmos PNP0B00:00: setting system clock to 2026-09-23T22:47:21 UTC (1790203641)
[    1.503033] rtc_cmos PNP0B00:00: alarms up to one day, y3k, 242 bytes nvram, hpet irqs
[    1.503441] amd_pstate: the _CPC object is not present in SBIOS or ACPI disabled
[    1.514742] gre: GRE over IPv4 demultiplexer driver
[    1.515757] NET: Registered PF_INET6 protocol family
[    1.523900] Segment Routing with IPv6
[    1.524142] In-situ OAM (IOAM) with IPv6
[    1.542010] Key type dns_resolver registered
[    1.543339] IPI shorthand broadcast: enabled
[    1.556742] sched_clock: Marking stable (1522080006, 34538779)->(1604409286, -47790501)
[    1.602980] registered taskstats version 1
[    1.605758] Loading compiled-in X.509 certificates
[    1.651331] ata2: found unknown device (class 0)
[    1.661538] ata2.00: ATAPI: QEMU DVD-ROM, 2.5+, max UDMA/100
[    1.687471] scsi 1:0:0:0: CD-ROM            QEMU     QEMU DVD-ROM     2.5+ PQ: 0 ANSI: 5
[    1.939496] Freeing initrd memory: 10984K
[    2.117345] Loaded X.509 cert 'alpinelinux.org: Alpine Linux kernel key: d76a695f66ad9cd28f5c22a8508f36e91f521f7a'
[    2.133294] tsc: Refined TSC clocksource calibration: 2596.091 MHz
[    2.133753] clocksource: tsc: mask: 0xffffffffffffffff max_cycles: 0x256bcf7757c, max_idle_ns: 440795203507 ns
[    2.134271] clocksource: Switched to clocksource tsc
[    2.134948] Demotion targets for Node 0: null
[    2.136233] Key type .fscrypt registered
[    2.136311] Key type fscrypt-provisioning registered
[    2.238506] Freeing unused kernel image (initmem) memory: 3008K
[    2.239100] Write protecting the kernel read-only data: 26624k
[    2.241931] Freeing unused kernel image (text/rodata gap) memory: 1692K
[    2.242392] Freeing unused kernel image (rodata/data gap) memory: 368K
[    2.243151] rodata_test: all tests were successful
[    2.243405] Run /init as init process
CFMD_MININIT_BEGIN
CFMD_ARGS mode=arm cut=after-pending-manifest-sync
[    2.556495] virtio_blk virtio0: 1/0/0 default/read/poll queues
[    2.566171] virtio_blk virtio0: [vda] 1048576 512-byte logical blocks (537 MB/512 MiB)
[    3.123715] EXT4-fs (vda): 1 orphan inode deleted
[    3.123975] EXT4-fs (vda): recovery complete
[    3.133178] EXT4-fs (vda): mounted filesystem 632c2322-b79e-11f1-80e3-d1c9cdf3a3a0 r/w with ordered data mode. Quota mode: none.
CFMD_MOUNT_RC=0
25 1 253:0 / /mnt/cfmd rw,relatime - ext4 /dev/vda rw,data=ordered
PROFILE_OK profile=LinuxExt4Ordered kernel=6.18.52-0-virt fs=ext4 source=/dev/vda options=["rw", "relatime"]/["rw", "data=ordered"]
ARMED cut=after-pending-manifest-sync
HOST_ARMED_SEEN elapsed=4.232; HARD_POWER_CUT=SIGKILL_QEMU

HOST_OUTCOME=HARD_CUT_SENT ELAPSED=4.235 EXIT=-9
