HOST_QEMU_PID=19548 MODE=verify CUT=after-manifest-directory-sync START=1790203734.2232254
c[?7l[2J[0mSeaBIOS (version 1.16.3-debian-1.16.3-2)
Booting from ROM...
c[?7l[2J[    0.000000] Linux version 6.18.52-0-virt (buildozer@build-3-24-x86_64) (cc (Alpine 15.2.0) 15.2.0, GNU ld (GNU Binutils) 2.45.1) #1-Alpine SMP PREEMPT_DYNAMIC 2026-09-15 05:37:48
[    0.000000] Command line: console=ttyS0,115200 cfmd_mode=verify cfmd_cut=after-manifest-directory-sync
[    0.000000] BIOS-provided physical RAM map:
[    0.000000] BIOS-e820: [mem 0x0000000000000000-0x000000000009fbff] usable
[    0.000000] BIOS-e820: [mem 0x000000000009fc00-0x000000000009ffff] reserved
[    0.000000] BIOS-e820: [mem 0x00000000000f0000-0x00000000000fffff] reserved
[    0.000000] BIOS-e820: [mem 0x0000000000100000-0x000000000bfdcfff] usable
[    0.000000] BIOS-e820: [mem 0x000000000bfdd000-0x000000000bffffff] reserved
[    0.000000] BIOS-e820: [mem 0x00000000fffc0000-0x00000000ffffffff] reserved
[    0.000000] BIOS-e820: [mem 0x000000fd00000000-0x000000ffffffffff] reserved
[    0.000000] NX (Execute Disable) protection: active
[    0.000000] APIC: Static calls initialized
[    0.000000] SMBIOS 3.0.0 present.
[    0.000000] DMI: QEMU Ubuntu 24.04 PC v2 (i440FX + PIIX, arch_caps fix, 1996), BIOS 1.16.3-debian-1.16.3-2 04/01/2014
[    0.000000] DMI: Memory slots populated: 1/1
[    0.000000] tsc: Fast TSC calibration using PIT
[    0.000000] tsc: Detected 2596.062 MHz processor
[    0.007869] last_pfn = 0xbfdd max_arch_pfn = 0x400000000
[    0.008664] MTRR map: 4 entries (3 fixed + 1 variable; max 19), built from 8 variable MTRRs
[    0.008843] x86/PAT: Configuration [0-7]: WB  WC  UC- UC  WB  WP  UC- WT  
[    0.026050] found SMP MP-table at [mem 0x000f5480-0x000f548f]
[    0.031217] RAMDISK: [mem 0x0b516000-0x0bfcffff]
[    0.031481] ACPI: Early table checksum verification disabled
[    0.031874] ACPI: RSDP 0x00000000000F5290 000014 (v00 BOCHS )
[    0.032284] ACPI: RSDT 0x000000000BFE1C52 000034 (v01 BOCHS  BXPC     00000001 BXPC 00000001)
[    0.032815] ACPI: FACP 0x000000000BFE1B06 000074 (v01 BOCHS  BXPC     00000001 BXPC 00000001)
[    0.033319] ACPI: DSDT 0x000000000BFE0040 001AC6 (v01 BOCHS  BXPC     00000001 BXPC 00000001)
[    0.033375] ACPI: FACS 0x000000000BFE0000 000040
[    0.033424] ACPI: APIC 0x000000000BFE1B7A 000078 (v03 BOCHS  BXPC     00000001 BXPC 00000001)
[    0.033453] ACPI: HPET 0x000000000BFE1BF2 000038 (v01 BOCHS  BXPC     00000001 BXPC 00000001)
[    0.033468] ACPI: WAET 0x000000000BFE1C2A 000028 (v01 BOCHS  BXPC     00000001 BXPC 00000001)
[    0.033551] ACPI: Reserving FACP table memory at [mem 0xbfe1b06-0xbfe1b79]
[    0.033577] ACPI: Reserving DSDT table memory at [mem 0xbfe0040-0xbfe1b05]
[    0.033583] ACPI: Reserving FACS table memory at [mem 0xbfe0000-0xbfe003f]
[    0.033588] ACPI: Reserving APIC table memory at [mem 0xbfe1b7a-0xbfe1bf1]
[    0.033592] ACPI: Reserving HPET table memory at [mem 0xbfe1bf2-0xbfe1c29]
[    0.033597] ACPI: Reserving WAET table memory at [mem 0xbfe1c2a-0xbfe1c51]
[    0.037448] No NUMA configuration found
[    0.037469] Faking a node at [mem 0x0000000000000000-0x000000000bfdcfff]
[    0.038509] NODE_DATA(0) allocated [mem 0x0bfd8d40-0x0bfdcfff]
[    0.040810] Zone ranges:
[    0.040833]   DMA      [mem 0x0000000000001000-0x0000000000ffffff]
[    0.040895]   DMA32    [mem 0x0000000001000000-0x000000000bfdcfff]
[    0.040903]   Normal   empty
[    0.040925] Movable zone start for each node
[    0.040956] Early memory node ranges
[    0.040980]   node   0: [mem 0x0000000000001000-0x000000000009efff]
[    0.041128]   node   0: [mem 0x0000000000100000-0x000000000bfdcfff]
[    0.041267] Initmem setup node 0 [mem 0x0000000000001000-0x000000000bfdcfff]
[    0.047792] On node 0, zone DMA: 1 pages in unavailable ranges
[    0.048013] On node 0, zone DMA: 97 pages in unavailable ranges
[    0.054790] On node 0, zone DMA32: 16419 pages in unavailable ranges
[    0.055366] ACPI: PM-Timer IO Port: 0x608
[    0.055819] ACPI: LAPIC_NMI (acpi_id[0xff] dfl dfl lint[0x1])
[    0.056174] IOAPIC[0]: apic_id 0, version 32, address 0xfec00000, GSI 0-23
[    0.056311] ACPI: INT_SRC_OVR (bus 0 bus_irq 0 global_irq 2 dfl dfl)
[    0.056571] ACPI: INT_SRC_OVR (bus 0 bus_irq 5 global_irq 5 high level)
[    0.056613] ACPI: INT_SRC_OVR (bus 0 bus_irq 9 global_irq 9 high level)
[    0.056711] ACPI: INT_SRC_OVR (bus 0 bus_irq 10 global_irq 10 high level)
[    0.056718] ACPI: INT_SRC_OVR (bus 0 bus_irq 11 global_irq 11 high level)
[    0.056950] ACPI: Using ACPI (MADT) for SMP configuration information
[    0.056997] ACPI: HPET id: 0x8086a201 base: 0xfed00000
[    0.057402] CPU topo: Max. logical packages:   1
[    0.057412] CPU topo: Max. logical dies:       1
[    0.057419] CPU topo: Max. dies per package:   1
[    0.057463] CPU topo: Max. threads per core:   1
[    0.057582] CPU topo: Num. cores per package:     1
[    0.057594] CPU topo: Num. threads per package:   1
[    0.057601] CPU topo: Allowing 1 present CPUs plus 0 hotplug CPUs
[    0.058676] [mem 0x0c000000-0xfffbffff] available for PCI devices
[    0.058740] Booting paravirtualized kernel on bare hardware
[    0.058942] clocksource: refined-jiffies: mask: 0xffffffff max_cycles: 0xffffffff, max_idle_ns: 1910969940391419 ns
[    0.069351] setup_percpu: NR_CPUS:256 nr_cpumask_bits:1 nr_cpu_ids:1 nr_node_ids:1
[    0.080798] percpu: Embedded 55 pages/cpu s186200 r8192 d30888 u2097152
[    0.087986] Kernel command line: console=ttyS0,115200 cfmd_mode=verify cfmd_cut=after-manifest-directory-sync
[    0.089003] Unknown kernel command line parameters "cfmd_mode=verify cfmd_cut=after-manifest-directory-sync", will be passed to user space.
[    0.089277] printk: log buffer data + meta data: 131072 + 458752 = 589824 bytes
[    0.089614] Dentry cache hash table entries: 32768 (order: 6, 262144 bytes, linear)
[    0.089752] Inode-cache hash table entries: 16384 (order: 5, 131072 bytes, linear)
[    0.092474] Fallback order for Node 0: 0 
[    0.092710] Built 1 zonelists, mobility grouping on.  Total pages: 49019
[    0.092727] Policy zone: DMA32
[    0.098910] mem auto-init: stack:all(zero), heap alloc:on, heap free:off
[    0.145155] SLUB: HWalign=64, Order=0-3, MinObjects=0, CPUs=1, Nodes=1
[    0.157721] Dynamic Preempt: none
[    0.172580] rcu: Preemptible hierarchical RCU implementation.
[    0.172874] rcu: 	RCU restricting CPUs from NR_CPUS=256 to nr_cpu_ids=1.
[    0.173086] 	Trampoline variant of Tasks RCU enabled.
[    0.173100] 	Tracing variant of Tasks RCU enabled.
[    0.173190] rcu: RCU calculated value of scheduler-enlistment delay is 100 jiffies.
[    0.173221] rcu: Adjusting geometry for rcu_fanout_leaf=16, nr_cpu_ids=1
[    0.174517] RCU Tasks: Setting shift to 0 and lim to 1 rcu_task_cb_adjust=1 rcu_task_cpu_ids=1.
[    0.174542] RCU Tasks Trace: Setting shift to 0 and lim to 1 rcu_task_cb_adjust=1 rcu_task_cpu_ids=1.
[    0.213451] NR_IRQS: 16640, nr_irqs: 256, preallocated irqs: 16
[    0.221748] rcu: srcu_init: Setting srcu_struct sizes based on contention.
[    0.222358] clocksource: jiffies: mask: 0xffffffff max_cycles: 0xffffffff, max_idle_ns: 1911260446275000 ns
[    0.226642] kfence: initialized - using 2097152 bytes for 255 objects at 0x(____ptrval____)-0x(____ptrval____)
[    0.232332] Console: colour VGA+ 80x25
[    0.233949] printk: legacy console [ttyS0] enabled
[    0.248425] ACPI: Core revision 20250807
[    0.253201] clocksource: hpet: mask: 0xffffffff max_cycles: 0xffffffff, max_idle_ns: 19112604467 ns
[    0.257631] APIC: Switch to symmetric I/O mode setup
[    0.261559] ..TIMER: vector=0x30 apic1=0 pin1=2 apic2=-1 pin2=-1
[    0.267609] clocksource: tsc-early: mask: 0xffffffffffffffff max_cycles: 0x256bb3c631e, max_idle_ns: 440795207649 ns
[    0.268078] Calibrating delay loop (skipped), value calculated using timer frequency.. 5192.12 BogoMIPS (lpj=2596062)
[    0.270780] Last level iTLB entries: 4KB 512, 2MB 255, 4MB 127
[    0.270929] Last level dTLB entries: 4KB 512, 2MB 255, 4MB 127, 1GB 0
[    0.271384] mitigations: Enabled attack vectors: user_kernel, user_user, guest_host, guest_guest, SMT mitigations: auto
[    0.272139] Spectre V2 : Mitigation: Retpolines
[    0.272387] Spectre V1 : Mitigation: usercopy/swapgs barriers and __user pointer sanitization
[    0.272624] Spectre V2 : Spectre v2 / SpectreRSB: Filling RSB on context switch and VMEXIT
[    0.273508] x86/fpu: x87 FPU will use FXSAVE
[    0.594479] Freeing SMP alternatives memory: 40K
[    0.595598] pid_max: default: 32768 minimum: 301
[    0.607593] LSM: initializing lsm=lockdown,capability,landlock,yama
[    0.611176] landlock: Up and running.
[    0.611260] Yama: becoming mindful.
[    0.614987] Mount-cache hash table entries: 512 (order: 0, 4096 bytes, linear)
[    0.615174] Mountpoint-cache hash table entries: 512 (order: 0, 4096 bytes, linear)
[    0.757866] smpboot: CPU0: AMD QEMU Virtual CPU version 2.5+ (family: 0xf, model: 0x6b, stepping: 0x1)
[    0.768777] Performance Events: PMU not available due to virtualization, using software events only.
[    0.770521] signal: max sigframe size: 1440
[    0.773007] rcu: Hierarchical SRCU implementation.
[    0.773205] rcu: 	Max phase no-delay instances is 400.
[    0.780072] NMI watchdog: Perf NMI watchdog permanently disabled
[    0.782436] smp: Bringing up secondary CPUs ...
[    0.785264] smp: Brought up 1 node, 1 CPU
[    0.785446] smpboot: Total of 1 processors activated (5192.12 BogoMIPS)
[    0.792658] Memory: 137828K/196076K available (14690K kernel code, 2033K rwdata, 9872K rodata, 3008K init, 1148K bss, 55612K reserved, 0K cma-reserved)
[    0.802194] devtmpfs: initialized
[    0.806062] x86/mm: Memory block size: 128MB
[    0.814012] posixtimers hash table entries: 512 (order: 1, 8192 bytes, linear)
[    0.814419] futex hash table entries: 256 (16384 bytes on 1 NUMA nodes, total 16 KiB, linear).
[    0.828339] NET: Registered PF_NETLINK/PF_ROUTE protocol family
[    0.831427] audit: initializing netlink subsys (disabled)
[    0.835455] thermal_sys: Registered thermal governor 'step_wise'
[    0.836185] audit: type=2000 audit(1790203735.575:1): state=initialized audit_enabled=0 res=1
[    0.836742] cpuidle: using governor ladder
[    0.836922] cpuidle: using governor menu
[    0.838433] acpiphp: ACPI Hot Plug PCI Controller Driver version: 0.5
[    0.841703] PCI: Using configuration type 1 for base access
[    0.844545] kprobes: kprobe jump-optimization is enabled. All kprobes are optimized if possible.
[    0.848658] HugeTLB: registered 2.00 MiB page size, pre-allocated 0 pages
[    0.848770] HugeTLB: 28 KiB vmemmap can be freed for a 2.00 MiB page
[    0.863529] ACPI: Added _OSI(Module Device)
[    0.863637] ACPI: Added _OSI(Processor Device)
[    0.863680] ACPI: Added _OSI(Processor Aggregator Device)
[    0.874670] ACPI: 1 ACPI AML tables successfully acquired and loaded
[    0.914684] ACPI: Interpreter enabled
[    0.916918] ACPI: PM: (supports S0 S3 S5)
[    0.917066] ACPI: Using IOAPIC for interrupt routing
[    0.917588] PCI: Using host bridge windows from ACPI; if necessary, use "pci=nocrs" and report a bug
[    0.917708] PCI: Using E820 reservations for host bridge windows
[    0.919181] ACPI: Enabled 2 GPEs in block 00 to 0F
[    0.969682] ACPI: PCI Root Bridge [PCI0] (domain 0000 [bus 00-ff])
[    0.970402] acpi PNP0A03:00: _OSC: OS supports [ASPM ClockPM Segments MSI HPX-Type3]
[    0.970611] acpi PNP0A03:00: _OSC: not requesting OS control; OS requires [ExtendedConfig ASPM ClockPM MSI]
[    0.971388] acpi PNP0A03:00: fail to add MMCONFIG information, can't access extended configuration space under this bridge
[    0.976499] acpiphp: Slot [3] registered
[    0.976668] acpiphp: Slot [4] registered
[    0.976783] acpiphp: Slot [5] registered
[    0.976904] acpiphp: Slot [6] registered
[    0.976997] acpiphp: Slot [7] registered
[    0.977120] acpiphp: Slot [8] registered
[    0.977216] acpiphp: Slot [9] registered
[    0.977320] acpiphp: Slot [10] registered
[    0.977404] acpiphp: Slot [11] registered
[    0.977499] acpiphp: Slot [12] registered
[    0.977582] acpiphp: Slot [13] registered
[    0.977662] acpiphp: Slot [14] registered
[    0.977741] acpiphp: Slot [15] registered
[    0.977820] acpiphp: Slot [16] registered
[    0.977924] acpiphp: Slot [17] registered
[    0.978034] acpiphp: Slot [18] registered
[    0.978158] acpiphp: Slot [19] registered
[    0.978240] acpiphp: Slot [20] registered
[    0.978324] acpiphp: Slot [21] registered
[    0.978403] acpiphp: Slot [22] registered
[    0.978481] acpiphp: Slot [23] registered
[    0.978562] acpiphp: Slot [24] registered
[    0.978642] acpiphp: Slot [25] registered
[    0.978725] acpiphp: Slot [26] registered
[    0.978822] acpiphp: Slot [27] registered
[    0.978962] acpiphp: Slot [28] registered
[    0.979045] acpiphp: Slot [29] registered
[    0.979142] acpiphp: Slot [30] registered
[    0.979225] acpiphp: Slot [31] registered
[    0.979491] PCI host bridge to bus 0000:00
[    0.979757] pci_bus 0000:00: root bus resource [io  0x0000-0x0cf7 window]
[    0.979949] pci_bus 0000:00: root bus resource [io  0x0d00-0xffff window]
[    0.980013] pci_bus 0000:00: root bus resource [mem 0x000a0000-0x000bffff window]
[    0.980128] pci_bus 0000:00: root bus resource [mem 0x0c000000-0xfebfffff window]
[    0.980191] pci_bus 0000:00: root bus resource [mem 0x100000000-0x17fffffff window]
[    0.980370] pci_bus 0000:00: root bus resource [bus 00-ff]
[    0.981460] pci 0000:00:00.0: [8086:1237] type 00 class 0x060000 conventional PCI endpoint
[    0.988008] pci 0000:00:01.0: [8086:7000] type 00 class 0x060100 conventional PCI endpoint
[    0.988701] pci 0000:00:01.1: [8086:7010] type 00 class 0x010180 conventional PCI endpoint
[    0.989278] pci 0000:00:01.1: BAR 4 [io  0xc080-0xc08f]
[    0.989413] pci 0000:00:01.1: BAR 0 [io  0x01f0-0x01f7]: legacy IDE quirk
[    0.989493] pci 0000:00:01.1: BAR 1 [io  0x03f6]: legacy IDE quirk
[    0.989578] pci 0000:00:01.1: BAR 2 [io  0x0170-0x0177]: legacy IDE quirk
[    0.989651] pci 0000:00:01.1: BAR 3 [io  0x0376]: legacy IDE quirk
[    0.990477] pci 0000:00:01.3: [8086:7113] type 00 class 0x068000 conventional PCI endpoint
[    0.990878] pci 0000:00:01.3: quirk: [io  0x0600-0x063f] claimed by PIIX4 ACPI
[    0.990987] pci 0000:00:01.3: quirk: [io  0x0700-0x070f] claimed by PIIX4 SMB
[    0.991526] pci 0000:00:02.0: [1234:1111] type 00 class 0x030000 conventional PCI endpoint
[    0.992246] pci 0000:00:02.0: BAR 0 [mem 0xfd000000-0xfdffffff pref]
[    0.992376] pci 0000:00:02.0: BAR 2 [mem 0xfebf0000-0xfebf0fff]
[    0.992443] pci 0000:00:02.0: ROM [mem 0xfebe0000-0xfebeffff pref]
[    0.992687] pci 0000:00:02.0: Video device with shadowed ROM at [mem 0x000c0000-0x000dffff]
[    0.993547] pci 0000:00:03.0: [1af4:1001] type 00 class 0x010000 conventional PCI endpoint
[    0.994391] pci 0000:00:03.0: BAR 0 [io  0xc000-0xc07f]
[    0.994888] pci 0000:00:03.0: BAR 1 [mem 0xfebf1000-0xfebf1fff]
[    0.994993] pci 0000:00:03.0: BAR 4 [mem 0xfe000000-0xfe003fff 64bit pref]
[    1.004912] ACPI: PCI: Interrupt link LNKA configured for IRQ 10
[    1.005817] ACPI: PCI: Interrupt link LNKB configured for IRQ 10
[    1.006198] ACPI: PCI: Interrupt link LNKC configured for IRQ 11
[    1.006487] ACPI: PCI: Interrupt link LNKD configured for IRQ 11
[    1.007006] ACPI: PCI: Interrupt link LNKS configured for IRQ 9
[    1.010546] iommu: Default domain type: Translated
[    1.010649] iommu: DMA domain TLB invalidation policy: lazy mode
[    1.013392] SCSI subsystem initialized
[    1.014646] pps_core: LinuxPPS API ver. 1 registered
[    1.014719] pps_core: Software ver. 5.3.6 - Copyright 2005-2007 Rodolfo Giometti <giometti@linux.it>
[    1.014920] PTP clock support registered
[    1.025144] PCI: Using ACPI for IRQ routing
[    1.027678] hpet: 3 channels of 0 reserved for per-cpu timers
[    1.028866] clocksource: Switched to clocksource tsc-early
[    1.039021] VFS: Disk quotas dquot_6.6.0
[    1.039359] VFS: Dquot-cache hash table entries: 512 (order 0, 4096 bytes)
[    1.051169] pnp: PnP ACPI init
[    1.054709] pnp: PnP ACPI: found 5 devices
[    1.078812] clocksource: acpi_pm: mask: 0xffffff max_cycles: 0xffffff, max_idle_ns: 2085701024 ns
[    1.080422] NET: Registered PF_INET protocol family
[    1.081392] IP idents hash table entries: 4096 (order: 3, 32768 bytes, linear)
[    1.133741] tcp_listen_portaddr_hash hash table entries: 256 (order: 0, 4096 bytes, linear)
[    1.134166] Table-perturb hash table entries: 65536 (order: 6, 262144 bytes, linear)
[    1.134331] TCP established hash table entries: 2048 (order: 2, 16384 bytes, linear)
[    1.134551] TCP bind hash table entries: 2048 (order: 4, 65536 bytes, linear)
[    1.134722] TCP: Hash tables configured (established 2048 bind 2048)
[    1.141438] MPTCP token hash table entries: 256 (order: 1, 6144 bytes, linear)
[    1.142257] UDP hash table entries: 256 (order: 2, 16384 bytes, linear)
[    1.142557] UDP-Lite hash table entries: 256 (order: 2, 16384 bytes, linear)
[    1.144312] NET: Registered PF_UNIX/PF_LOCAL protocol family
[    1.144761] NET: Registered PF_XDP protocol family
[    1.145554] pci_bus 0000:00: resource 4 [io  0x0000-0x0cf7 window]
[    1.145651] pci_bus 0000:00: resource 5 [io  0x0d00-0xffff window]
[    1.145713] pci_bus 0000:00: resource 6 [mem 0x000a0000-0x000bffff window]
[    1.145777] pci_bus 0000:00: resource 7 [mem 0x0c000000-0xfebfffff window]
[    1.145948] pci_bus 0000:00: resource 8 [mem 0x100000000-0x17fffffff window]
[    1.146581] pci 0000:00:01.0: PIIX3: Enabling Passive Release
[    1.146868] pci 0000:00:00.0: Limiting direct PCI/PCI transfers
[    1.147040] PCI: CLS 0 bytes, default 64
[    1.152691] Initialise system trusted keyrings
[    1.161553] Unpacking initramfs...
[    1.177533] workingset: timestamp_bits=40 max_order=16 bucket_order=0
[    1.181087] Key type asymmetric registered
[    1.181213] Asymmetric key parser 'x509' registered
[    1.181623] Block layer SCSI generic (bsg) driver version 0.4 loaded (major 247)
[    1.192444] io scheduler mq-deadline registered
[    1.192579] io scheduler kyber registered
[    1.192917] io scheduler bfq registered
[    1.209530] ERST DBG: ERST support is disabled.
[    1.309139] ACPI: \_SB_.LNKC: Enabled at IRQ 11
[    1.444175] Serial: 8250/16550 driver, 4 ports, IRQ sharing enabled
[    1.448246] 00:04: ttyS0 at I/O 0x3f8 (irq = 4, base_baud = 115200) is a 16550A
[    1.472028] VMware PVSCSI driver - version 1.0.7.0-k
[    1.482576] scsi host0: ata_piix
[    1.500152] scsi host1: ata_piix
[    1.500883] ata1: PATA max MWDMA2 cmd 0x1f0 ctl 0x3f6 bmdma 0xc080 irq 14 lpm-pol 0
[    1.501123] ata2: PATA max MWDMA2 cmd 0x170 ctl 0x376 bmdma 0xc088 irq 15 lpm-pol 0
[    1.502247] hv_vmbus: registering driver hv_netvsc
[    1.503412] i8042: PNP: PS/2 Controller [PNP0303:KBD,PNP0f13:MOU] at 0x60,0x64 irq 1,12
[    1.506954] serio: i8042 KBD port at 0x60,0x64 irq 1
[    1.507218] serio: i8042 AUX port at 0x60,0x64 irq 12
[    1.507464] hv_vmbus: registering driver hyperv_keyboard
[    1.508605] rtc_cmos PNP0B00:00: RTC can wake from S4
[    1.514488] input: AT Translated Set 2 keyboard as /devices/platform/i8042/serio0/input/input0
[    1.535680] rtc_cmos PNP0B00:00: registered as rtc0
[    1.536361] rtc_cmos PNP0B00:00: setting system clock to 2026-09-23T22:48:56 UTC (1790203736)
[    1.537407] rtc_cmos PNP0B00:00: alarms up to one day, y3k, 242 bytes nvram, hpet irqs
[    1.537951] amd_pstate: the _CPC object is not present in SBIOS or ACPI disabled
[    1.546616] gre: GRE over IPv4 demultiplexer driver
[    1.547799] NET: Registered PF_INET6 protocol family
[    1.562592] Segment Routing with IPv6
[    1.562958] In-situ OAM (IOAM) with IPv6
[    1.578963] Key type dns_resolver registered
[    1.580229] IPI shorthand broadcast: enabled
[    1.593806] sched_clock: Marking stable (1559054626, 34637814)->(1639885670, -46193230)
[    1.635024] registered taskstats version 1
[    1.637616] Loading compiled-in X.509 certificates
[    1.682663] ata2: found unknown device (class 0)
[    1.692588] ata2.00: ATAPI: QEMU DVD-ROM, 2.5+, max UDMA/100
[    1.724034] scsi 1:0:0:0: CD-ROM            QEMU     QEMU DVD-ROM     2.5+ PQ: 0 ANSI: 5
[    1.975368] Freeing initrd memory: 10984K
[    2.146008] tsc: Refined TSC clocksource calibration: 2596.090 MHz
[    2.146487] clocksource: tsc: mask: 0xffffffffffffffff max_cycles: 0x256bce70c76, max_idle_ns: 440795249075 ns
[    2.146860] clocksource: Switched to clocksource tsc
[    2.148437] Loaded X.509 cert 'alpinelinux.org: Alpine Linux kernel key: d76a695f66ad9cd28f5c22a8508f36e91f521f7a'
[    2.166449] Demotion targets for Node 0: null
[    2.168020] Key type .fscrypt registered
[    2.168134] Key type fscrypt-provisioning registered
[    2.272145] Freeing unused kernel image (initmem) memory: 3008K
[    2.272601] Write protecting the kernel read-only data: 26624k
[    2.275569] Freeing unused kernel image (text/rodata gap) memory: 1692K
[    2.276236] Freeing unused kernel image (rodata/data gap) memory: 368K
[    2.276875] rodata_test: all tests were successful
[    2.277210] Run /init as init process
CFMD_MININIT_BEGIN
CFMD_ARGS mode=verify cut=after-manifest-directory-sync
[    2.599397] virtio_blk virtio0: 1/0/0 default/read/poll queues
[    2.607840] virtio_blk virtio0: [vda] 1048576 512-byte logical blocks (537 MB/512 MiB)
[    3.166794] EXT4-fs (vda): recovery complete
[    3.168472] EXT4-fs (vda): mounted filesystem 632c2322-b79e-11f1-80e3-d1c9cdf3a3a0 r/w with ordered data mode. Quota mode: none.
CFMD_MOUNT_RC=0
25 1 253:0 / /mnt/cfmd rw,relatime - ext4 /dev/vda rw,data=ordered
PROFILE_OK profile=LinuxExt4Ordered kernel=6.18.52-0-virt fs=ext4 source=/dev/vda options=["rw", "relatime"]/["rw", "data=ordered"]
DESTRUCTIVE_CASE_PASS cut=after-manifest-directory-sync
HOST_OUTCOME=PASS ELAPSED=4.260 EXIT=-9
