HOST_QEMU_PID=19393 MODE=verify CUT=after-pending-manifest-sync START=1790203646.0682461
c[?7l[2J[0mSeaBIOS (version 1.16.3-debian-1.16.3-2)
Booting from ROM...
c[?7l[2J[    0.000000] Linux version 6.18.52-0-virt (buildozer@build-3-24-x86_64) (cc (Alpine 15.2.0) 15.2.0, GNU ld (GNU Binutils) 2.45.1) #1-Alpine SMP PREEMPT_DYNAMIC 2026-09-15 05:37:48
[    0.000000] Command line: console=ttyS0,115200 cfmd_mode=verify cfmd_cut=after-pending-manifest-sync
[    0.000000] BIOS-provided physical RAM map:
[    0.000000] BIOS-e820: [mem 0x0000000000000000-0x000000000009fbff] usable
[    0.000000] BIOS-e820: [mem 0x000000000009fc00-0x000000000009ffff] reserved
[    0.000000] BIOS-e820: [mem 0x00000000000f0000-0x00000000000fffff] reserved
[    0.000000] BIOS-e820: [mem 0x0000000000100000-0x000000000bfdcfff] usable
[    0.000000] BIOS-e820: [mem 0x000000000bfdd000-0x000000000bffffff] reserved
[    0.000000] BIOS-e820: [mem 0x00000000fffc0000-0x00000000ffffffff] reserved
[    0.000000] BIOS-e820: [mem 0x000000fd00000000-0x000000ffffffffff] reserved
[    0.000000] NX (Execute Disable) protection: active
[    0.000000] APIC: Static calls initialized
[    0.000000] SMBIOS 3.0.0 present.
[    0.000000] DMI: QEMU Ubuntu 24.04 PC v2 (i440FX + PIIX, arch_caps fix, 1996), BIOS 1.16.3-debian-1.16.3-2 04/01/2014
[    0.000000] DMI: Memory slots populated: 1/1
[    0.000000] tsc: Fast TSC calibration using PIT
[    0.000000] tsc: Detected 2596.084 MHz processor
[    0.007656] last_pfn = 0xbfdd max_arch_pfn = 0x400000000
[    0.008358] MTRR map: 4 entries (3 fixed + 1 variable; max 19), built from 8 variable MTRRs
[    0.008532] x86/PAT: Configuration [0-7]: WB  WC  UC- UC  WB  WP  UC- WT  
[    0.025370] found SMP MP-table at [mem 0x000f5480-0x000f548f]
[    0.029933] RAMDISK: [mem 0x0b516000-0x0bfcffff]
[    0.030186] ACPI: Early table checksum verification disabled
[    0.030505] ACPI: RSDP 0x00000000000F5290 000014 (v00 BOCHS )
[    0.030766] ACPI: RSDT 0x000000000BFE1C52 000034 (v01 BOCHS  BXPC     00000001 BXPC 00000001)
[    0.031230] ACPI: FACP 0x000000000BFE1B06 000074 (v01 BOCHS  BXPC     00000001 BXPC 00000001)
[    0.031692] ACPI: DSDT 0x000000000BFE0040 001AC6 (v01 BOCHS  BXPC     00000001 BXPC 00000001)
[    0.031747] ACPI: FACS 0x000000000BFE0000 000040
[    0.031796] ACPI: APIC 0x000000000BFE1B7A 000078 (v03 BOCHS  BXPC     00000001 BXPC 00000001)
[    0.031827] ACPI: HPET 0x000000000BFE1BF2 000038 (v01 BOCHS  BXPC     00000001 BXPC 00000001)
[    0.031843] ACPI: WAET 0x000000000BFE1C2A 000028 (v01 BOCHS  BXPC     00000001 BXPC 00000001)
[    0.031926] ACPI: Reserving FACP table memory at [mem 0xbfe1b06-0xbfe1b79]
[    0.031952] ACPI: Reserving DSDT table memory at [mem 0xbfe0040-0xbfe1b05]
[    0.031958] ACPI: Reserving FACS table memory at [mem 0xbfe0000-0xbfe003f]
[    0.031963] ACPI: Reserving APIC table memory at [mem 0xbfe1b7a-0xbfe1bf1]
[    0.031967] ACPI: Reserving HPET table memory at [mem 0xbfe1bf2-0xbfe1c29]
[    0.031972] ACPI: Reserving WAET table memory at [mem 0xbfe1c2a-0xbfe1c51]
[    0.034669] No NUMA configuration found
[    0.034687] Faking a node at [mem 0x0000000000000000-0x000000000bfdcfff]
[    0.035384] NODE_DATA(0) allocated [mem 0x0bfd8d40-0x0bfdcfff]
[    0.037495] Zone ranges:
[    0.037517]   DMA      [mem 0x0000000000001000-0x0000000000ffffff]
[    0.037578]   DMA32    [mem 0x0000000001000000-0x000000000bfdcfff]
[    0.037586]   Normal   empty
[    0.037608] Movable zone start for each node
[    0.037639] Early memory node ranges
[    0.037662]   node   0: [mem 0x0000000000001000-0x000000000009efff]
[    0.037890]   node   0: [mem 0x0000000000100000-0x000000000bfdcfff]
[    0.038073] Initmem setup node 0 [mem 0x0000000000001000-0x000000000bfdcfff]
[    0.049825] On node 0, zone DMA: 1 pages in unavailable ranges
[    0.050118] On node 0, zone DMA: 97 pages in unavailable ranges
[    0.056303] On node 0, zone DMA32: 16419 pages in unavailable ranges
[    0.056831] ACPI: PM-Timer IO Port: 0x608
[    0.057304] ACPI: LAPIC_NMI (acpi_id[0xff] dfl dfl lint[0x1])
[    0.057660] IOAPIC[0]: apic_id 0, version 32, address 0xfec00000, GSI 0-23
[    0.057776] ACPI: INT_SRC_OVR (bus 0 bus_irq 0 global_irq 2 dfl dfl)
[    0.058069] ACPI: INT_SRC_OVR (bus 0 bus_irq 5 global_irq 5 high level)
[    0.058111] ACPI: INT_SRC_OVR (bus 0 bus_irq 9 global_irq 9 high level)
[    0.058207] ACPI: INT_SRC_OVR (bus 0 bus_irq 10 global_irq 10 high level)
[    0.058214] ACPI: INT_SRC_OVR (bus 0 bus_irq 11 global_irq 11 high level)
[    0.058433] ACPI: Using ACPI (MADT) for SMP configuration information
[    0.058478] ACPI: HPET id: 0x8086a201 base: 0xfed00000
[    0.058880] CPU topo: Max. logical packages:   1
[    0.058890] CPU topo: Max. logical dies:       1
[    0.058898] CPU topo: Max. dies per package:   1
[    0.058940] CPU topo: Max. threads per core:   1
[    0.059087] CPU topo: Num. cores per package:     1
[    0.059100] CPU topo: Num. threads per package:   1
[    0.059107] CPU topo: Allowing 1 present CPUs plus 0 hotplug CPUs
[    0.060049] [mem 0x0c000000-0xfffbffff] available for PCI devices
[    0.060111] Booting paravirtualized kernel on bare hardware
[    0.060308] clocksource: refined-jiffies: mask: 0xffffffff max_cycles: 0xffffffff, max_idle_ns: 1910969940391419 ns
[    0.069980] setup_percpu: NR_CPUS:256 nr_cpumask_bits:1 nr_cpu_ids:1 nr_node_ids:1
[    0.080963] percpu: Embedded 55 pages/cpu s186200 r8192 d30888 u2097152
[    0.082715] Kernel command line: console=ttyS0,115200 cfmd_mode=verify cfmd_cut=after-pending-manifest-sync
[    0.083720] Unknown kernel command line parameters "cfmd_mode=verify cfmd_cut=after-pending-manifest-sync", will be passed to user space.
[    0.083955] printk: log buffer data + meta data: 131072 + 458752 = 589824 bytes
[    0.084232] Dentry cache hash table entries: 32768 (order: 6, 262144 bytes, linear)
[    0.084362] Inode-cache hash table entries: 16384 (order: 5, 131072 bytes, linear)
[    0.087045] Fallback order for Node 0: 0 
[    0.087276] Built 1 zonelists, mobility grouping on.  Total pages: 49019
[    0.087291] Policy zone: DMA32
[    0.092975] mem auto-init: stack:all(zero), heap alloc:on, heap free:off
[    0.137673] SLUB: HWalign=64, Order=0-3, MinObjects=0, CPUs=1, Nodes=1
[    0.155546] Dynamic Preempt: none
[    0.164418] rcu: Preemptible hierarchical RCU implementation.
[    0.164454] rcu: 	RCU restricting CPUs from NR_CPUS=256 to nr_cpu_ids=1.
[    0.164655] 	Trampoline variant of Tasks RCU enabled.
[    0.164668] 	Tracing variant of Tasks RCU enabled.
[    0.164751] rcu: RCU calculated value of scheduler-enlistment delay is 100 jiffies.
[    0.164778] rcu: Adjusting geometry for rcu_fanout_leaf=16, nr_cpu_ids=1
[    0.165863] RCU Tasks: Setting shift to 0 and lim to 1 rcu_task_cb_adjust=1 rcu_task_cpu_ids=1.
[    0.165887] RCU Tasks Trace: Setting shift to 0 and lim to 1 rcu_task_cb_adjust=1 rcu_task_cpu_ids=1.
[    0.203449] NR_IRQS: 16640, nr_irqs: 256, preallocated irqs: 16
[    0.211889] rcu: srcu_init: Setting srcu_struct sizes based on contention.
[    0.212496] clocksource: jiffies: mask: 0xffffffff max_cycles: 0xffffffff, max_idle_ns: 1911260446275000 ns
[    0.216965] kfence: initialized - using 2097152 bytes for 255 objects at 0x(____ptrval____)-0x(____ptrval____)
[    0.227888] Console: colour VGA+ 80x25
[    0.229457] printk: legacy console [ttyS0] enabled
[    0.237692] ACPI: Core revision 20250807
[    0.242513] clocksource: hpet: mask: 0xffffffff max_cycles: 0xffffffff, max_idle_ns: 19112604467 ns
[    0.244099] APIC: Switch to symmetric I/O mode setup
[    0.251247] ..TIMER: vector=0x30 apic1=0 pin1=2 apic2=-1 pin2=-1
[    0.256784] clocksource: tsc-early: mask: 0xffffffffffffffff max_cycles: 0x256bc8f8712, max_idle_ns: 440795338832 ns
[    0.257258] Calibrating delay loop (skipped), value calculated using timer frequency.. 5192.16 BogoMIPS (lpj=2596084)
[    0.259738] Last level iTLB entries: 4KB 512, 2MB 255, 4MB 127
[    0.259827] Last level dTLB entries: 4KB 512, 2MB 255, 4MB 127, 1GB 0
[    0.260318] mitigations: Enabled attack vectors: user_kernel, user_user, guest_host, guest_guest, SMT mitigations: auto
[    0.260933] Spectre V2 : Mitigation: Retpolines
[    0.261217] Spectre V1 : Mitigation: usercopy/swapgs barriers and __user pointer sanitization
[    0.261449] Spectre V2 : Spectre v2 / SpectreRSB: Filling RSB on context switch and VMEXIT
[    0.262595] x86/fpu: x87 FPU will use FXSAVE
[    0.585409] Freeing SMP alternatives memory: 40K
[    0.586557] pid_max: default: 32768 minimum: 301
[    0.599179] LSM: initializing lsm=lockdown,capability,landlock,yama
[    0.602781] landlock: Up and running.
[    0.602909] Yama: becoming mindful.
[    0.606185] Mount-cache hash table entries: 512 (order: 0, 4096 bytes, linear)
[    0.606417] Mountpoint-cache hash table entries: 512 (order: 0, 4096 bytes, linear)
[    0.744054] smpboot: CPU0: AMD QEMU Virtual CPU version 2.5+ (family: 0xf, model: 0x6b, stepping: 0x1)
[    0.755983] Performance Events: PMU not available due to virtualization, using software events only.
[    0.757291] signal: max sigframe size: 1440
[    0.759775] rcu: Hierarchical SRCU implementation.
[    0.759877] rcu: 	Max phase no-delay instances is 400.
[    0.767541] NMI watchdog: Perf NMI watchdog permanently disabled
[    0.770897] smp: Bringing up secondary CPUs ...
[    0.773019] smp: Brought up 1 node, 1 CPU
[    0.773253] smpboot: Total of 1 processors activated (5192.16 BogoMIPS)
[    0.779726] Memory: 137828K/196076K available (14690K kernel code, 2033K rwdata, 9872K rodata, 3008K init, 1148K bss, 55612K reserved, 0K cma-reserved)
[    0.787132] devtmpfs: initialized
[    0.790675] x86/mm: Memory block size: 128MB
[    0.799182] posixtimers hash table entries: 512 (order: 1, 8192 bytes, linear)
[    0.799561] futex hash table entries: 256 (16384 bytes on 1 NUMA nodes, total 16 KiB, linear).
[    0.815358] NET: Registered PF_NETLINK/PF_ROUTE protocol family
[    0.818493] audit: initializing netlink subsys (disabled)
[    0.822684] thermal_sys: Registered thermal governor 'step_wise'
[    0.823365] audit: type=2000 audit(1790203647.573:1): state=initialized audit_enabled=0 res=1
[    0.824068] cpuidle: using governor ladder
[    0.824244] cpuidle: using governor menu
[    0.825745] acpiphp: ACPI Hot Plug PCI Controller Driver version: 0.5
[    0.829221] PCI: Using configuration type 1 for base access
[    0.833363] kprobes: kprobe jump-optimization is enabled. All kprobes are optimized if possible.
[    0.837204] HugeTLB: registered 2.00 MiB page size, pre-allocated 0 pages
[    0.837315] HugeTLB: 28 KiB vmemmap can be freed for a 2.00 MiB page
[    0.854393] ACPI: Added _OSI(Module Device)
[    0.854496] ACPI: Added _OSI(Processor Device)
[    0.854538] ACPI: Added _OSI(Processor Aggregator Device)
[    0.865684] ACPI: 1 ACPI AML tables successfully acquired and loaded
[    0.906359] ACPI: Interpreter enabled
[    0.907381] ACPI: PM: (supports S0 S3 S5)
[    0.907486] ACPI: Using IOAPIC for interrupt routing
[    0.908143] PCI: Using host bridge windows from ACPI; if necessary, use "pci=nocrs" and report a bug
[    0.908266] PCI: Using E820 reservations for host bridge windows
[    0.909581] ACPI: Enabled 2 GPEs in block 00 to 0F
[    0.964561] ACPI: PCI Root Bridge [PCI0] (domain 0000 [bus 00-ff])
[    0.965421] acpi PNP0A03:00: _OSC: OS supports [ASPM ClockPM Segments MSI HPX-Type3]
[    0.965736] acpi PNP0A03:00: _OSC: not requesting OS control; OS requires [ExtendedConfig ASPM ClockPM MSI]
[    0.966531] acpi PNP0A03:00: fail to add MMCONFIG information, can't access extended configuration space under this bridge
[    0.973463] acpiphp: Slot [3] registered
[    0.973696] acpiphp: Slot [4] registered
[    0.973821] acpiphp: Slot [5] registered
[    0.973917] acpiphp: Slot [6] registered
[    0.974082] acpiphp: Slot [7] registered
[    0.974304] acpiphp: Slot [8] registered
[    0.974402] acpiphp: Slot [9] registered
[    0.974503] acpiphp: Slot [10] registered
[    0.974587] acpiphp: Slot [11] registered
[    0.974747] acpiphp: Slot [12] registered
[    0.974833] acpiphp: Slot [13] registered
[    0.974911] acpiphp: Slot [14] registered
[    0.975066] acpiphp: Slot [15] registered
[    0.975174] acpiphp: Slot [16] registered
[    0.975258] acpiphp: Slot [17] registered
[    0.975340] acpiphp: Slot [18] registered
[    0.975440] acpiphp: Slot [19] registered
[    0.975569] acpiphp: Slot [20] registered
[    0.975695] acpiphp: Slot [21] registered
[    0.975782] acpiphp: Slot [22] registered
[    0.975863] acpiphp: Slot [23] registered
[    0.975943] acpiphp: Slot [24] registered
[    0.976126] acpiphp: Slot [25] registered
[    0.976219] acpiphp: Slot [26] registered
[    0.976320] acpiphp: Slot [27] registered
[    0.976405] acpiphp: Slot [28] registered
[    0.976482] acpiphp: Slot [29] registered
[    0.976559] acpiphp: Slot [30] registered
[    0.976679] acpiphp: Slot [31] registered
[    0.976969] PCI host bridge to bus 0000:00
[    0.977307] pci_bus 0000:00: root bus resource [io  0x0000-0x0cf7 window]
[    0.977485] pci_bus 0000:00: root bus resource [io  0x0d00-0xffff window]
[    0.977548] pci_bus 0000:00: root bus resource [mem 0x000a0000-0x000bffff window]
[    0.977680] pci_bus 0000:00: root bus resource [mem 0x0c000000-0xfebfffff window]
[    0.977792] pci_bus 0000:00: root bus resource [mem 0x100000000-0x17fffffff window]
[    0.978237] pci_bus 0000:00: root bus resource [bus 00-ff]
[    0.979388] pci 0000:00:00.0: [8086:1237] type 00 class 0x060000 conventional PCI endpoint
[    0.983974] pci 0000:00:01.0: [8086:7000] type 00 class 0x060100 conventional PCI endpoint
[    0.984715] pci 0000:00:01.1: [8086:7010] type 00 class 0x010180 conventional PCI endpoint
[    0.985412] pci 0000:00:01.1: BAR 4 [io  0xc080-0xc08f]
[    0.985557] pci 0000:00:01.1: BAR 0 [io  0x01f0-0x01f7]: legacy IDE quirk
[    0.985659] pci 0000:00:01.1: BAR 1 [io  0x03f6]: legacy IDE quirk
[    0.985745] pci 0000:00:01.1: BAR 2 [io  0x0170-0x0177]: legacy IDE quirk
[    0.985819] pci 0000:00:01.1: BAR 3 [io  0x0376]: legacy IDE quirk
[    0.986509] pci 0000:00:01.3: [8086:7113] type 00 class 0x068000 conventional PCI endpoint
[    0.986901] pci 0000:00:01.3: quirk: [io  0x0600-0x063f] claimed by PIIX4 ACPI
[    0.987010] pci 0000:00:01.3: quirk: [io  0x0700-0x070f] claimed by PIIX4 SMB
[    0.987576] pci 0000:00:02.0: [1234:1111] type 00 class 0x030000 conventional PCI endpoint
[    0.988100] pci 0000:00:02.0: BAR 0 [mem 0xfd000000-0xfdffffff pref]
[    0.988224] pci 0000:00:02.0: BAR 2 [mem 0xfebf0000-0xfebf0fff]
[    0.988287] pci 0000:00:02.0: ROM [mem 0xfebe0000-0xfebeffff pref]
[    0.988548] pci 0000:00:02.0: Video device with shadowed ROM at [mem 0x000c0000-0x000dffff]
[    0.989601] pci 0000:00:03.0: [1af4:1001] type 00 class 0x010000 conventional PCI endpoint
[    0.990606] pci 0000:00:03.0: BAR 0 [io  0xc000-0xc07f]
[    0.990692] pci 0000:00:03.0: BAR 1 [mem 0xfebf1000-0xfebf1fff]
[    0.990792] pci 0000:00:03.0: BAR 4 [mem 0xfe000000-0xfe003fff 64bit pref]
[    0.998923] ACPI: PCI: Interrupt link LNKA configured for IRQ 10
[    0.999496] ACPI: PCI: Interrupt link LNKB configured for IRQ 10
[    0.999858] ACPI: PCI: Interrupt link LNKC configured for IRQ 11
[    1.000288] ACPI: PCI: Interrupt link LNKD configured for IRQ 11
[    1.000468] ACPI: PCI: Interrupt link LNKS configured for IRQ 9
[    1.003916] iommu: Default domain type: Translated
[    1.004084] iommu: DMA domain TLB invalidation policy: lazy mode
[    1.006825] SCSI subsystem initialized
[    1.008188] pps_core: LinuxPPS API ver. 1 registered
[    1.008263] pps_core: Software ver. 5.3.6 - Copyright 2005-2007 Rodolfo Giometti <giometti@linux.it>
[    1.008411] PTP clock support registered
[    1.019428] PCI: Using ACPI for IRQ routing
[    1.022807] hpet: 3 channels of 0 reserved for per-cpu timers
[    1.024054] clocksource: Switched to clocksource tsc-early
[    1.034484] VFS: Disk quotas dquot_6.6.0
[    1.034829] VFS: Dquot-cache hash table entries: 512 (order 0, 4096 bytes)
[    1.041649] pnp: PnP ACPI init
[    1.045385] pnp: PnP ACPI: found 5 devices
[    1.071988] clocksource: acpi_pm: mask: 0xffffff max_cycles: 0xffffff, max_idle_ns: 2085701024 ns
[    1.073578] NET: Registered PF_INET protocol family
[    1.074568] IP idents hash table entries: 4096 (order: 3, 32768 bytes, linear)
[    1.134942] tcp_listen_portaddr_hash hash table entries: 256 (order: 0, 4096 bytes, linear)
[    1.135274] Table-perturb hash table entries: 65536 (order: 6, 262144 bytes, linear)
[    1.135438] TCP established hash table entries: 2048 (order: 2, 16384 bytes, linear)
[    1.135658] TCP bind hash table entries: 2048 (order: 4, 65536 bytes, linear)
[    1.135860] TCP: Hash tables configured (established 2048 bind 2048)
[    1.137424] MPTCP token hash table entries: 256 (order: 1, 6144 bytes, linear)
[    1.137839] UDP hash table entries: 256 (order: 2, 16384 bytes, linear)
[    1.138188] UDP-Lite hash table entries: 256 (order: 2, 16384 bytes, linear)
[    1.139722] NET: Registered PF_UNIX/PF_LOCAL protocol family
[    1.140260] NET: Registered PF_XDP protocol family
[    1.141070] pci_bus 0000:00: resource 4 [io  0x0000-0x0cf7 window]
[    1.141261] pci_bus 0000:00: resource 5 [io  0x0d00-0xffff window]
[    1.141328] pci_bus 0000:00: resource 6 [mem 0x000a0000-0x000bffff window]
[    1.141389] pci_bus 0000:00: resource 7 [mem 0x0c000000-0xfebfffff window]
[    1.141448] pci_bus 0000:00: resource 8 [mem 0x100000000-0x17fffffff window]
[    1.142068] pci 0000:00:01.0: PIIX3: Enabling Passive Release
[    1.142361] pci 0000:00:00.0: Limiting direct PCI/PCI transfers
[    1.142530] PCI: CLS 0 bytes, default 64
[    1.147377] Initialise system trusted keyrings
[    1.155308] Unpacking initramfs...
[    1.174539] workingset: timestamp_bits=40 max_order=16 bucket_order=0
[    1.178210] Key type asymmetric registered
[    1.178340] Asymmetric key parser 'x509' registered
[    1.178793] Block layer SCSI generic (bsg) driver version 0.4 loaded (major 247)
[    1.185504] io scheduler mq-deadline registered
[    1.185638] io scheduler kyber registered
[    1.185979] io scheduler bfq registered
[    1.194892] ERST DBG: ERST support is disabled.
[    1.295410] ACPI: \_SB_.LNKC: Enabled at IRQ 11
[    1.423936] Serial: 8250/16550 driver, 4 ports, IRQ sharing enabled
[    1.427801] 00:04: ttyS0 at I/O 0x3f8 (irq = 4, base_baud = 115200) is a 16550A
[    1.451311] VMware PVSCSI driver - version 1.0.7.0-k
[    1.466981] scsi host0: ata_piix
[    1.474363] scsi host1: ata_piix
[    1.475585] ata1: PATA max MWDMA2 cmd 0x1f0 ctl 0x3f6 bmdma 0xc080 irq 14 lpm-pol 0
[    1.475907] ata2: PATA max MWDMA2 cmd 0x170 ctl 0x376 bmdma 0xc088 irq 15 lpm-pol 0
[    1.477352] hv_vmbus: registering driver hv_netvsc
[    1.478560] i8042: PNP: PS/2 Controller [PNP0303:KBD,PNP0f13:MOU] at 0x60,0x64 irq 1,12
[    1.482426] serio: i8042 KBD port at 0x60,0x64 irq 1
[    1.482653] serio: i8042 AUX port at 0x60,0x64 irq 12
[    1.482988] hv_vmbus: registering driver hyperv_keyboard
[    1.483995] rtc_cmos PNP0B00:00: RTC can wake from S4
[    1.489842] input: AT Translated Set 2 keyboard as /devices/platform/i8042/serio0/input/input0
[    1.510528] rtc_cmos PNP0B00:00: registered as rtc0
[    1.511229] rtc_cmos PNP0B00:00: setting system clock to 2026-09-23T22:47:28 UTC (1790203648)
[    1.512189] rtc_cmos PNP0B00:00: alarms up to one day, y3k, 242 bytes nvram, hpet irqs
[    1.512607] amd_pstate: the _CPC object is not present in SBIOS or ACPI disabled
[    1.521796] gre: GRE over IPv4 demultiplexer driver
[    1.522699] NET: Registered PF_INET6 protocol family
[    1.540864] Segment Routing with IPv6
[    1.541126] In-situ OAM (IOAM) with IPv6
[    1.550042] Key type dns_resolver registered
[    1.551287] IPI shorthand broadcast: enabled
[    1.564228] sched_clock: Marking stable (1530082764, 33674036)->(1621051612, -57294812)
[    1.606447] registered taskstats version 1
[    1.609103] Loading compiled-in X.509 certificates
[    1.655445] ata2: found unknown device (class 0)
[    1.665450] ata2.00: ATAPI: QEMU DVD-ROM, 2.5+, max UDMA/100
[    1.704751] scsi 1:0:0:0: CD-ROM            QEMU     QEMU DVD-ROM     2.5+ PQ: 0 ANSI: 5
[    1.952847] Freeing initrd memory: 10984K
[    2.117468] Loaded X.509 cert 'alpinelinux.org: Alpine Linux kernel key: d76a695f66ad9cd28f5c22a8508f36e91f521f7a'
[    2.132585] Demotion targets for Node 0: null
[    2.133958] Key type .fscrypt registered
[    2.134035] Key type fscrypt-provisioning registered
[    2.228056] Freeing unused kernel image (initmem) memory: 3008K
[    2.228506] Write protecting the kernel read-only data: 26624k
[    2.230994] Freeing unused kernel image (text/rodata gap) memory: 1692K
[    2.231496] Freeing unused kernel image (rodata/data gap) memory: 368K
[    2.232111] rodata_test: all tests were successful
[    2.232351] Run /init as init process
[    2.233028] tsc: Refined TSC clocksource calibration: 2596.092 MHz
[    2.233374] clocksource: tsc: mask: 0xffffffffffffffff max_cycles: 0x256bd07de82, max_idle_ns: 440795311215 ns
[    2.233604] clocksource: Switched to clocksource tsc
CFMD_MININIT_BEGIN
CFMD_ARGS mode=verify cut=after-pending-manifest-sync
[    2.534033] virtio_blk virtio0: 1/0/0 default/read/poll queues
[    2.543042] virtio_blk virtio0: [vda] 1048576 512-byte logical blocks (537 MB/512 MiB)
[    3.071978] EXT4-fs (vda): recovery complete
[    3.073451] EXT4-fs (vda): mounted filesystem 632c2322-b79e-11f1-80e3-d1c9cdf3a3a0 r/w with ordered data mode. Quota mode: none.
CFMD_MOUNT_RC=0
25 1 253:0 / /mnt/cfmd rw,relatime - ext4 /dev/vda rw,data=ordered
PROFILE_OK profile=LinuxExt4Ordered kernel=6.18.52-0-virt fs=ext4 source=/dev/vda options=["rw", "relatime"]/["rw", "data=ordered"]
DESTRUCTIVE_CASE_PASS cut=after-pending-manifest-sync
HOST_OUTCOME=PASS ELAPSED=4.126 EXIT=-9
