HOST_QEMU_PID=19239 MODE=verify CUT=after-candidate-file-sync START=1790203543.983663
c[?7l[2J[0mSeaBIOS (version 1.16.3-debian-1.16.3-2)
Booting from ROM...
c[?7l[2J[    0.000000] Linux version 6.18.52-0-virt (buildozer@build-3-24-x86_64) (cc (Alpine 15.2.0) 15.2.0, GNU ld (GNU Binutils) 2.45.1) #1-Alpine SMP PREEMPT_DYNAMIC 2026-09-15 05:37:48
[    0.000000] Command line: console=ttyS0,115200 cfmd_mode=verify cfmd_cut=after-candidate-file-sync
[    0.000000] BIOS-provided physical RAM map:
[    0.000000] BIOS-e820: [mem 0x0000000000000000-0x000000000009fbff] usable
[    0.000000] BIOS-e820: [mem 0x000000000009fc00-0x000000000009ffff] reserved
[    0.000000] BIOS-e820: [mem 0x00000000000f0000-0x00000000000fffff] reserved
[    0.000000] BIOS-e820: [mem 0x0000000000100000-0x000000000bfdcfff] usable
[    0.000000] BIOS-e820: [mem 0x000000000bfdd000-0x000000000bffffff] reserved
[    0.000000] BIOS-e820: [mem 0x00000000fffc0000-0x00000000ffffffff] reserved
[    0.000000] BIOS-e820: [mem 0x000000fd00000000-0x000000ffffffffff] reserved
[    0.000000] NX (Execute Disable) protection: active
[    0.000000] APIC: Static calls initialized
[    0.000000] SMBIOS 3.0.0 present.
[    0.000000] DMI: QEMU Ubuntu 24.04 PC v2 (i440FX + PIIX, arch_caps fix, 1996), BIOS 1.16.3-debian-1.16.3-2 04/01/2014
[    0.000000] DMI: Memory slots populated: 1/1
[    0.000000] tsc: Fast TSC calibration using PIT
[    0.000000] tsc: Detected 2596.077 MHz processor
[    0.007784] last_pfn = 0xbfdd max_arch_pfn = 0x400000000
[    0.008467] MTRR map: 4 entries (3 fixed + 1 variable; max 19), built from 8 variable MTRRs
[    0.008681] x86/PAT: Configuration [0-7]: WB  WC  UC- UC  WB  WP  UC- WT  
[    0.024371] found SMP MP-table at [mem 0x000f5480-0x000f548f]
[    0.028749] RAMDISK: [mem 0x0b516000-0x0bfcffff]
[    0.028963] ACPI: Early table checksum verification disabled
[    0.029270] ACPI: RSDP 0x00000000000F5290 000014 (v00 BOCHS )
[    0.029546] ACPI: RSDT 0x000000000BFE1C52 000034 (v01 BOCHS  BXPC     00000001 BXPC 00000001)
[    0.029988] ACPI: FACP 0x000000000BFE1B06 000074 (v01 BOCHS  BXPC     00000001 BXPC 00000001)
[    0.030460] ACPI: DSDT 0x000000000BFE0040 001AC6 (v01 BOCHS  BXPC     00000001 BXPC 00000001)
[    0.030549] ACPI: FACS 0x000000000BFE0000 000040
[    0.030599] ACPI: APIC 0x000000000BFE1B7A 000078 (v03 BOCHS  BXPC     00000001 BXPC 00000001)
[    0.030629] ACPI: HPET 0x000000000BFE1BF2 000038 (v01 BOCHS  BXPC     00000001 BXPC 00000001)
[    0.030645] ACPI: WAET 0x000000000BFE1C2A 000028 (v01 BOCHS  BXPC     00000001 BXPC 00000001)
[    0.030729] ACPI: Reserving FACP table memory at [mem 0xbfe1b06-0xbfe1b79]
[    0.030755] ACPI: Reserving DSDT table memory at [mem 0xbfe0040-0xbfe1b05]
[    0.030761] ACPI: Reserving FACS table memory at [mem 0xbfe0000-0xbfe003f]
[    0.030766] ACPI: Reserving APIC table memory at [mem 0xbfe1b7a-0xbfe1bf1]
[    0.030770] ACPI: Reserving HPET table memory at [mem 0xbfe1bf2-0xbfe1c29]
[    0.030774] ACPI: Reserving WAET table memory at [mem 0xbfe1c2a-0xbfe1c51]
[    0.033375] No NUMA configuration found
[    0.033393] Faking a node at [mem 0x0000000000000000-0x000000000bfdcfff]
[    0.034080] NODE_DATA(0) allocated [mem 0x0bfd8d40-0x0bfdcfff]
[    0.036227] Zone ranges:
[    0.036250]   DMA      [mem 0x0000000000001000-0x0000000000ffffff]
[    0.036312]   DMA32    [mem 0x0000000001000000-0x000000000bfdcfff]
[    0.036320]   Normal   empty
[    0.036341] Movable zone start for each node
[    0.036372] Early memory node ranges
[    0.036395]   node   0: [mem 0x0000000000001000-0x000000000009efff]
[    0.036562]   node   0: [mem 0x0000000000100000-0x000000000bfdcfff]
[    0.036681] Initmem setup node 0 [mem 0x0000000000001000-0x000000000bfdcfff]
[    0.043462] On node 0, zone DMA: 1 pages in unavailable ranges
[    0.043983] On node 0, zone DMA: 97 pages in unavailable ranges
[    0.050757] On node 0, zone DMA32: 16419 pages in unavailable ranges
[    0.051295] ACPI: PM-Timer IO Port: 0x608
[    0.052032] ACPI: LAPIC_NMI (acpi_id[0xff] dfl dfl lint[0x1])
[    0.052399] IOAPIC[0]: apic_id 0, version 32, address 0xfec00000, GSI 0-23
[    0.052553] ACPI: INT_SRC_OVR (bus 0 bus_irq 0 global_irq 2 dfl dfl)
[    0.052824] ACPI: INT_SRC_OVR (bus 0 bus_irq 5 global_irq 5 high level)
[    0.052866] ACPI: INT_SRC_OVR (bus 0 bus_irq 9 global_irq 9 high level)
[    0.052965] ACPI: INT_SRC_OVR (bus 0 bus_irq 10 global_irq 10 high level)
[    0.052972] ACPI: INT_SRC_OVR (bus 0 bus_irq 11 global_irq 11 high level)
[    0.053190] ACPI: Using ACPI (MADT) for SMP configuration information
[    0.053237] ACPI: HPET id: 0x8086a201 base: 0xfed00000
[    0.053651] CPU topo: Max. logical packages:   1
[    0.053661] CPU topo: Max. logical dies:       1
[    0.053668] CPU topo: Max. dies per package:   1
[    0.053710] CPU topo: Max. threads per core:   1
[    0.053832] CPU topo: Num. cores per package:     1
[    0.053843] CPU topo: Num. threads per package:   1
[    0.053850] CPU topo: Allowing 1 present CPUs plus 0 hotplug CPUs
[    0.054898] [mem 0x0c000000-0xfffbffff] available for PCI devices
[    0.054961] Booting paravirtualized kernel on bare hardware
[    0.055159] clocksource: refined-jiffies: mask: 0xffffffff max_cycles: 0xffffffff, max_idle_ns: 1910969940391419 ns
[    0.065588] setup_percpu: NR_CPUS:256 nr_cpumask_bits:1 nr_cpu_ids:1 nr_node_ids:1
[    0.077189] percpu: Embedded 55 pages/cpu s186200 r8192 d30888 u2097152
[    0.084750] Kernel command line: console=ttyS0,115200 cfmd_mode=verify cfmd_cut=after-candidate-file-sync
[    0.085871] Unknown kernel command line parameters "cfmd_mode=verify cfmd_cut=after-candidate-file-sync", will be passed to user space.
[    0.086194] printk: log buffer data + meta data: 131072 + 458752 = 589824 bytes
[    0.086468] Dentry cache hash table entries: 32768 (order: 6, 262144 bytes, linear)
[    0.086634] Inode-cache hash table entries: 16384 (order: 5, 131072 bytes, linear)
[    0.089534] Fallback order for Node 0: 0 
[    0.089773] Built 1 zonelists, mobility grouping on.  Total pages: 49019
[    0.089788] Policy zone: DMA32
[    0.096246] mem auto-init: stack:all(zero), heap alloc:on, heap free:off
[    0.143379] SLUB: HWalign=64, Order=0-3, MinObjects=0, CPUs=1, Nodes=1
[    0.156556] Dynamic Preempt: none
[    0.170138] rcu: Preemptible hierarchical RCU implementation.
[    0.170177] rcu: 	RCU restricting CPUs from NR_CPUS=256 to nr_cpu_ids=1.
[    0.170377] 	Trampoline variant of Tasks RCU enabled.
[    0.170390] 	Tracing variant of Tasks RCU enabled.
[    0.170474] rcu: RCU calculated value of scheduler-enlistment delay is 100 jiffies.
[    0.170534] rcu: Adjusting geometry for rcu_fanout_leaf=16, nr_cpu_ids=1
[    0.171653] RCU Tasks: Setting shift to 0 and lim to 1 rcu_task_cb_adjust=1 rcu_task_cpu_ids=1.
[    0.171677] RCU Tasks Trace: Setting shift to 0 and lim to 1 rcu_task_cb_adjust=1 rcu_task_cpu_ids=1.
[    0.211235] NR_IRQS: 16640, nr_irqs: 256, preallocated irqs: 16
[    0.220872] rcu: srcu_init: Setting srcu_struct sizes based on contention.
[    0.221469] clocksource: jiffies: mask: 0xffffffff max_cycles: 0xffffffff, max_idle_ns: 1911260446275000 ns
[    0.226461] kfence: initialized - using 2097152 bytes for 255 objects at 0x(____ptrval____)-0x(____ptrval____)
[    0.231705] Console: colour VGA+ 80x25
[    0.233388] printk: legacy console [ttyS0] enabled
[    0.251064] ACPI: Core revision 20250807
[    0.256833] clocksource: hpet: mask: 0xffffffff max_cycles: 0xffffffff, max_idle_ns: 19112604467 ns
[    0.262715] APIC: Switch to symmetric I/O mode setup
[    0.268189] ..TIMER: vector=0x30 apic1=0 pin1=2 apic2=-1 pin2=-1
[    0.273472] clocksource: tsc-early: mask: 0xffffffffffffffff max_cycles: 0x256bc2798cc, max_idle_ns: 440795320880 ns
[    0.274967] Calibrating delay loop (skipped), value calculated using timer frequency.. 5192.15 BogoMIPS (lpj=2596077)
[    0.276910] Last level iTLB entries: 4KB 512, 2MB 255, 4MB 127
[    0.277055] Last level dTLB entries: 4KB 512, 2MB 255, 4MB 127, 1GB 0
[    0.277513] mitigations: Enabled attack vectors: user_kernel, user_user, guest_host, guest_guest, SMT mitigations: auto
[    0.278267] Spectre V2 : Mitigation: Retpolines
[    0.278751] Spectre V1 : Mitigation: usercopy/swapgs barriers and __user pointer sanitization
[    0.279070] Spectre V2 : Spectre v2 / SpectreRSB: Filling RSB on context switch and VMEXIT
[    0.280348] x86/fpu: x87 FPU will use FXSAVE
[    0.604657] Freeing SMP alternatives memory: 40K
[    0.606154] pid_max: default: 32768 minimum: 301
[    0.617265] LSM: initializing lsm=lockdown,capability,landlock,yama
[    0.621142] landlock: Up and running.
[    0.621340] Yama: becoming mindful.
[    0.628022] Mount-cache hash table entries: 512 (order: 0, 4096 bytes, linear)
[    0.628296] Mountpoint-cache hash table entries: 512 (order: 0, 4096 bytes, linear)
[    0.768830] smpboot: CPU0: AMD QEMU Virtual CPU version 2.5+ (family: 0xf, model: 0x6b, stepping: 0x1)
[    0.780519] Performance Events: PMU not available due to virtualization, using software events only.
[    0.782391] signal: max sigframe size: 1440
[    0.784123] rcu: Hierarchical SRCU implementation.
[    0.784233] rcu: 	Max phase no-delay instances is 400.
[    0.790762] NMI watchdog: Perf NMI watchdog permanently disabled
[    0.794609] smp: Bringing up secondary CPUs ...
[    0.797415] smp: Brought up 1 node, 1 CPU
[    0.797618] smpboot: Total of 1 processors activated (5192.15 BogoMIPS)
[    0.803733] Memory: 137828K/196076K available (14690K kernel code, 2033K rwdata, 9872K rodata, 3008K init, 1148K bss, 55612K reserved, 0K cma-reserved)
[    0.811239] devtmpfs: initialized
[    0.814650] x86/mm: Memory block size: 128MB
[    0.822427] posixtimers hash table entries: 512 (order: 1, 8192 bytes, linear)
[    0.822940] futex hash table entries: 256 (16384 bytes on 1 NUMA nodes, total 16 KiB, linear).
[    0.838329] NET: Registered PF_NETLINK/PF_ROUTE protocol family
[    0.841372] audit: initializing netlink subsys (disabled)
[    0.845691] thermal_sys: Registered thermal governor 'step_wise'
[    0.846419] audit: type=2000 audit(1790203545.581:1): state=initialized audit_enabled=0 res=1
[    0.847056] cpuidle: using governor ladder
[    0.847226] cpuidle: using governor menu
[    0.848621] acpiphp: ACPI Hot Plug PCI Controller Driver version: 0.5
[    0.851789] PCI: Using configuration type 1 for base access
[    0.854633] kprobes: kprobe jump-optimization is enabled. All kprobes are optimized if possible.
[    0.858754] HugeTLB: registered 2.00 MiB page size, pre-allocated 0 pages
[    0.858874] HugeTLB: 28 KiB vmemmap can be freed for a 2.00 MiB page
[    0.873737] ACPI: Added _OSI(Module Device)
[    0.873869] ACPI: Added _OSI(Processor Device)
[    0.873922] ACPI: Added _OSI(Processor Aggregator Device)
[    0.884422] ACPI: 1 ACPI AML tables successfully acquired and loaded
[    0.921614] ACPI: Interpreter enabled
[    0.923422] ACPI: PM: (supports S0 S3 S5)
[    0.923568] ACPI: Using IOAPIC for interrupt routing
[    0.924207] PCI: Using host bridge windows from ACPI; if necessary, use "pci=nocrs" and report a bug
[    0.924337] PCI: Using E820 reservations for host bridge windows
[    0.926971] ACPI: Enabled 2 GPEs in block 00 to 0F
[    0.983943] ACPI: PCI Root Bridge [PCI0] (domain 0000 [bus 00-ff])
[    0.984805] acpi PNP0A03:00: _OSC: OS supports [ASPM ClockPM Segments MSI HPX-Type3]
[    0.984981] acpi PNP0A03:00: _OSC: not requesting OS control; OS requires [ExtendedConfig ASPM ClockPM MSI]
[    0.985627] acpi PNP0A03:00: fail to add MMCONFIG information, can't access extended configuration space under this bridge
[    0.991503] acpiphp: Slot [3] registered
[    0.991738] acpiphp: Slot [4] registered
[    0.991893] acpiphp: Slot [5] registered
[    0.991990] acpiphp: Slot [6] registered
[    0.992073] acpiphp: Slot [7] registered
[    0.992176] acpiphp: Slot [8] registered
[    0.992260] acpiphp: Slot [9] registered
[    0.992354] acpiphp: Slot [10] registered
[    0.992434] acpiphp: Slot [11] registered
[    0.992526] acpiphp: Slot [12] registered
[    0.992606] acpiphp: Slot [13] registered
[    0.992704] acpiphp: Slot [14] registered
[    0.992783] acpiphp: Slot [15] registered
[    0.992924] acpiphp: Slot [16] registered
[    0.993004] acpiphp: Slot [17] registered
[    0.993084] acpiphp: Slot [18] registered
[    0.993182] acpiphp: Slot [19] registered
[    0.993264] acpiphp: Slot [20] registered
[    0.993437] acpiphp: Slot [21] registered
[    0.993521] acpiphp: Slot [22] registered
[    0.993600] acpiphp: Slot [23] registered
[    0.993709] acpiphp: Slot [24] registered
[    0.993796] acpiphp: Slot [25] registered
[    0.993896] acpiphp: Slot [26] registered
[    0.994007] acpiphp: Slot [27] registered
[    0.994094] acpiphp: Slot [28] registered
[    0.994175] acpiphp: Slot [29] registered
[    0.994252] acpiphp: Slot [30] registered
[    0.994329] acpiphp: Slot [31] registered
[    0.994594] PCI host bridge to bus 0000:00
[    0.994987] pci_bus 0000:00: root bus resource [io  0x0000-0x0cf7 window]
[    0.995180] pci_bus 0000:00: root bus resource [io  0x0d00-0xffff window]
[    0.995243] pci_bus 0000:00: root bus resource [mem 0x000a0000-0x000bffff window]
[    0.995333] pci_bus 0000:00: root bus resource [mem 0x0c000000-0xfebfffff window]
[    0.995396] pci_bus 0000:00: root bus resource [mem 0x100000000-0x17fffffff window]
[    0.995596] pci_bus 0000:00: root bus resource [bus 00-ff]
[    0.996855] pci 0000:00:00.0: [8086:1237] type 00 class 0x060000 conventional PCI endpoint
[    1.002097] pci 0000:00:01.0: [8086:7000] type 00 class 0x060100 conventional PCI endpoint
[    1.003339] pci 0000:00:01.1: [8086:7010] type 00 class 0x010180 conventional PCI endpoint
[    1.004328] pci 0000:00:01.1: BAR 4 [io  0xc080-0xc08f]
[    1.004966] pci 0000:00:01.1: BAR 0 [io  0x01f0-0x01f7]: legacy IDE quirk
[    1.005054] pci 0000:00:01.1: BAR 1 [io  0x03f6]: legacy IDE quirk
[    1.005139] pci 0000:00:01.1: BAR 2 [io  0x0170-0x0177]: legacy IDE quirk
[    1.005211] pci 0000:00:01.1: BAR 3 [io  0x0376]: legacy IDE quirk
[    1.006034] pci 0000:00:01.3: [8086:7113] type 00 class 0x068000 conventional PCI endpoint
[    1.006412] pci 0000:00:01.3: quirk: [io  0x0600-0x063f] claimed by PIIX4 ACPI
[    1.006513] pci 0000:00:01.3: quirk: [io  0x0700-0x070f] claimed by PIIX4 SMB
[    1.007164] pci 0000:00:02.0: [1234:1111] type 00 class 0x030000 conventional PCI endpoint
[    1.007880] pci 0000:00:02.0: BAR 0 [mem 0xfd000000-0xfdffffff pref]
[    1.008017] pci 0000:00:02.0: BAR 2 [mem 0xfebf0000-0xfebf0fff]
[    1.008080] pci 0000:00:02.0: ROM [mem 0xfebe0000-0xfebeffff pref]
[    1.008390] pci 0000:00:02.0: Video device with shadowed ROM at [mem 0x000c0000-0x000dffff]
[    1.009398] pci 0000:00:03.0: [1af4:1001] type 00 class 0x010000 conventional PCI endpoint
[    1.010247] pci 0000:00:03.0: BAR 0 [io  0xc000-0xc07f]
[    1.010338] pci 0000:00:03.0: BAR 1 [mem 0xfebf1000-0xfebf1fff]
[    1.010463] pci 0000:00:03.0: BAR 4 [mem 0xfe000000-0xfe003fff 64bit pref]
[    1.018729] ACPI: PCI: Interrupt link LNKA configured for IRQ 10
[    1.019272] ACPI: PCI: Interrupt link LNKB configured for IRQ 10
[    1.019582] ACPI: PCI: Interrupt link LNKC configured for IRQ 11
[    1.019948] ACPI: PCI: Interrupt link LNKD configured for IRQ 11
[    1.020132] ACPI: PCI: Interrupt link LNKS configured for IRQ 9
[    1.024535] iommu: Default domain type: Translated
[    1.024680] iommu: DMA domain TLB invalidation policy: lazy mode
[    1.027531] SCSI subsystem initialized
[    1.028881] pps_core: LinuxPPS API ver. 1 registered
[    1.028951] pps_core: Software ver. 5.3.6 - Copyright 2005-2007 Rodolfo Giometti <giometti@linux.it>
[    1.029094] PTP clock support registered
[    1.041112] PCI: Using ACPI for IRQ routing
[    1.047211] hpet: 3 channels of 0 reserved for per-cpu timers
[    1.048830] clocksource: Switched to clocksource tsc-early
[    1.060380] VFS: Disk quotas dquot_6.6.0
[    1.060724] VFS: Dquot-cache hash table entries: 512 (order 0, 4096 bytes)
[    1.076353] pnp: PnP ACPI init
[    1.079979] pnp: PnP ACPI: found 5 devices
[    1.105242] clocksource: acpi_pm: mask: 0xffffff max_cycles: 0xffffff, max_idle_ns: 2085701024 ns
[    1.106714] NET: Registered PF_INET protocol family
[    1.107771] IP idents hash table entries: 4096 (order: 3, 32768 bytes, linear)
[    1.163501] tcp_listen_portaddr_hash hash table entries: 256 (order: 0, 4096 bytes, linear)
[    1.163788] Table-perturb hash table entries: 65536 (order: 6, 262144 bytes, linear)
[    1.163942] TCP established hash table entries: 2048 (order: 2, 16384 bytes, linear)
[    1.164188] TCP bind hash table entries: 2048 (order: 4, 65536 bytes, linear)
[    1.164606] TCP: Hash tables configured (established 2048 bind 2048)
[    1.171338] MPTCP token hash table entries: 256 (order: 1, 6144 bytes, linear)
[    1.171744] UDP hash table entries: 256 (order: 2, 16384 bytes, linear)
[    1.172025] UDP-Lite hash table entries: 256 (order: 2, 16384 bytes, linear)
[    1.173570] NET: Registered PF_UNIX/PF_LOCAL protocol family
[    1.174010] NET: Registered PF_XDP protocol family
[    1.174759] pci_bus 0000:00: resource 4 [io  0x0000-0x0cf7 window]
[    1.174853] pci_bus 0000:00: resource 5 [io  0x0d00-0xffff window]
[    1.174915] pci_bus 0000:00: resource 6 [mem 0x000a0000-0x000bffff window]
[    1.174975] pci_bus 0000:00: resource 7 [mem 0x0c000000-0xfebfffff window]
[    1.175036] pci_bus 0000:00: resource 8 [mem 0x100000000-0x17fffffff window]
[    1.175661] pci 0000:00:01.0: PIIX3: Enabling Passive Release
[    1.175800] pci 0000:00:00.0: Limiting direct PCI/PCI transfers
[    1.175952] PCI: CLS 0 bytes, default 64
[    1.180730] Initialise system trusted keyrings
[    1.188840] Unpacking initramfs...
[    1.205947] workingset: timestamp_bits=40 max_order=16 bucket_order=0
[    1.209926] Key type asymmetric registered
[    1.210070] Asymmetric key parser 'x509' registered
[    1.210643] Block layer SCSI generic (bsg) driver version 0.4 loaded (major 247)
[    1.217636] io scheduler mq-deadline registered
[    1.224943] io scheduler kyber registered
[    1.225520] io scheduler bfq registered
[    1.249004] ERST DBG: ERST support is disabled.
[    1.358370] ACPI: \_SB_.LNKC: Enabled at IRQ 11
[    1.505101] Serial: 8250/16550 driver, 4 ports, IRQ sharing enabled
[    1.508999] 00:04: ttyS0 at I/O 0x3f8 (irq = 4, base_baud = 115200) is a 16550A
[    1.537341] VMware PVSCSI driver - version 1.0.7.0-k
[    1.549766] scsi host0: ata_piix
[    1.580104] scsi host1: ata_piix
[    1.580945] ata1: PATA max MWDMA2 cmd 0x1f0 ctl 0x3f6 bmdma 0xc080 irq 14 lpm-pol 0
[    1.581183] ata2: PATA max MWDMA2 cmd 0x170 ctl 0x376 bmdma 0xc088 irq 15 lpm-pol 0
[    1.584011] hv_vmbus: registering driver hv_netvsc
[    1.585678] i8042: PNP: PS/2 Controller [PNP0303:KBD,PNP0f13:MOU] at 0x60,0x64 irq 1,12
[    1.589878] serio: i8042 KBD port at 0x60,0x64 irq 1
[    1.590176] serio: i8042 AUX port at 0x60,0x64 irq 12
[    1.590890] hv_vmbus: registering driver hyperv_keyboard
[    1.592202] rtc_cmos PNP0B00:00: RTC can wake from S4
[    1.605930] input: AT Translated Set 2 keyboard as /devices/platform/i8042/serio0/input/input0
[    1.631649] rtc_cmos PNP0B00:00: registered as rtc0
[    1.632434] rtc_cmos PNP0B00:00: setting system clock to 2026-09-23T22:45:46 UTC (1790203546)
[    1.633461] rtc_cmos PNP0B00:00: alarms up to one day, y3k, 242 bytes nvram, hpet irqs
[    1.633942] amd_pstate: the _CPC object is not present in SBIOS or ACPI disabled
[    1.641272] gre: GRE over IPv4 demultiplexer driver
[    1.642271] NET: Registered PF_INET6 protocol family
[    1.657657] Segment Routing with IPv6
[    1.657911] In-situ OAM (IOAM) with IPv6
[    1.680983] Key type dns_resolver registered
[    1.682302] IPI shorthand broadcast: enabled
[    1.695380] sched_clock: Marking stable (1655039182, 39477435)->(1744901598, -50384981)
[    1.765715] registered taskstats version 1
[    1.768473] Loading compiled-in X.509 certificates
[    1.782041] ata2: found unknown device (class 0)
[    1.794178] ata2.00: ATAPI: QEMU DVD-ROM, 2.5+, max UDMA/100
[    1.816635] scsi 1:0:0:0: CD-ROM            QEMU     QEMU DVD-ROM     2.5+ PQ: 0 ANSI: 5
[    2.058276] Freeing initrd memory: 10984K
[    2.220832] tsc: Refined TSC clocksource calibration: 2596.089 MHz
[    2.221313] clocksource: tsc: mask: 0xffffffffffffffff max_cycles: 0x256bcdc1bc8, max_idle_ns: 440795279455 ns
[    2.221612] clocksource: Switched to clocksource tsc
[    2.224752] Loaded X.509 cert 'alpinelinux.org: Alpine Linux kernel key: d76a695f66ad9cd28f5c22a8508f36e91f521f7a'
[    2.240929] Demotion targets for Node 0: null
[    2.242479] Key type .fscrypt registered
[    2.242660] Key type fscrypt-provisioning registered
[    2.337439] Freeing unused kernel image (initmem) memory: 3008K
[    2.338463] Write protecting the kernel read-only data: 26624k
[    2.343229] Freeing unused kernel image (text/rodata gap) memory: 1692K
[    2.343815] Freeing unused kernel image (rodata/data gap) memory: 368K
[    2.344438] rodata_test: all tests were successful
[    2.344747] Run /init as init process
CFMD_MININIT_BEGIN
CFMD_ARGS mode=verify cut=after-candidate-file-sync
[    2.670044] virtio_blk virtio0: 1/0/0 default/read/poll queues
[    2.679851] virtio_blk virtio0: [vda] 1048576 512-byte logical blocks (537 MB/512 MiB)
[    3.256098] EXT4-fs (vda): recovery complete
[    3.258346] EXT4-fs (vda): mounted filesystem 632c2322-b79e-11f1-80e3-d1c9cdf3a3a0 r/w with ordered data mode. Quota mode: none.
CFMD_MOUNT_RC=0
25 1 253:0 / /mnt/cfmd rw,relatime - ext4 /dev/vda rw,data=ordered
PROFILE_OK profile=LinuxExt4Ordered kernel=6.18.52-0-virt fs=ext4 source=/dev/vda options=["rw", "relatime"]/["rw", "data=ordered"]
DESTRUCTIVE_CASE_PASS cut=after-candidate-file-sync
HOST_OUTCOME=PASS ELAPSED=4.396 EXIT=-9
