HOST_QEMU_PID=19674 MODE=verify CUT=after-obsolete-directory-sync START=1790203813.4517963
c[?7l[2J[0mSeaBIOS (version 1.16.3-debian-1.16.3-2)
Booting from ROM...
c[?7l[2J[    0.000000] Linux version 6.18.52-0-virt (buildozer@build-3-24-x86_64) (cc (Alpine 15.2.0) 15.2.0, GNU ld (GNU Binutils) 2.45.1) #1-Alpine SMP PREEMPT_DYNAMIC 2026-09-15 05:37:48
[    0.000000] Command line: console=ttyS0,115200 cfmd_mode=verify cfmd_cut=after-obsolete-directory-sync
[    0.000000] BIOS-provided physical RAM map:
[    0.000000] BIOS-e820: [mem 0x0000000000000000-0x000000000009fbff] usable
[    0.000000] BIOS-e820: [mem 0x000000000009fc00-0x000000000009ffff] reserved
[    0.000000] BIOS-e820: [mem 0x00000000000f0000-0x00000000000fffff] reserved
[    0.000000] BIOS-e820: [mem 0x0000000000100000-0x000000000bfdcfff] usable
[    0.000000] BIOS-e820: [mem 0x000000000bfdd000-0x000000000bffffff] reserved
[    0.000000] BIOS-e820: [mem 0x00000000fffc0000-0x00000000ffffffff] reserved
[    0.000000] BIOS-e820: [mem 0x000000fd00000000-0x000000ffffffffff] reserved
[    0.000000] NX (Execute Disable) protection: active
[    0.000000] APIC: Static calls initialized
[    0.000000] SMBIOS 3.0.0 present.
[    0.000000] DMI: QEMU Ubuntu 24.04 PC v2 (i440FX + PIIX, arch_caps fix, 1996), BIOS 1.16.3-debian-1.16.3-2 04/01/2014
[    0.000000] DMI: Memory slots populated: 1/1
[    0.000000] tsc: Fast TSC calibration using PIT
[    0.000000] tsc: Detected 2596.113 MHz processor
[    0.008204] last_pfn = 0xbfdd max_arch_pfn = 0x400000000
[    0.008917] MTRR map: 4 entries (3 fixed + 1 variable; max 19), built from 8 variable MTRRs
[    0.009089] x86/PAT: Configuration [0-7]: WB  WC  UC- UC  WB  WP  UC- WT  
[    0.025114] found SMP MP-table at [mem 0x000f5480-0x000f548f]
[    0.029584] RAMDISK: [mem 0x0b516000-0x0bfcffff]
[    0.029801] ACPI: Early table checksum verification disabled
[    0.030110] ACPI: RSDP 0x00000000000F5290 000014 (v00 BOCHS )
[    0.030385] ACPI: RSDT 0x000000000BFE1C52 000034 (v01 BOCHS  BXPC     00000001 BXPC 00000001)
[    0.030840] ACPI: FACP 0x000000000BFE1B06 000074 (v01 BOCHS  BXPC     00000001 BXPC 00000001)
[    0.031317] ACPI: DSDT 0x000000000BFE0040 001AC6 (v01 BOCHS  BXPC     00000001 BXPC 00000001)
[    0.031390] ACPI: FACS 0x000000000BFE0000 000040
[    0.031440] ACPI: APIC 0x000000000BFE1B7A 000078 (v03 BOCHS  BXPC     00000001 BXPC 00000001)
[    0.031469] ACPI: HPET 0x000000000BFE1BF2 000038 (v01 BOCHS  BXPC     00000001 BXPC 00000001)
[    0.031485] ACPI: WAET 0x000000000BFE1C2A 000028 (v01 BOCHS  BXPC     00000001 BXPC 00000001)
[    0.031567] ACPI: Reserving FACP table memory at [mem 0xbfe1b06-0xbfe1b79]
[    0.031592] ACPI: Reserving DSDT table memory at [mem 0xbfe0040-0xbfe1b05]
[    0.031599] ACPI: Reserving FACS table memory at [mem 0xbfe0000-0xbfe003f]
[    0.031603] ACPI: Reserving APIC table memory at [mem 0xbfe1b7a-0xbfe1bf1]
[    0.031608] ACPI: Reserving HPET table memory at [mem 0xbfe1bf2-0xbfe1c29]
[    0.031612] ACPI: Reserving WAET table memory at [mem 0xbfe1c2a-0xbfe1c51]
[    0.034444] No NUMA configuration found
[    0.034462] Faking a node at [mem 0x0000000000000000-0x000000000bfdcfff]
[    0.035131] NODE_DATA(0) allocated [mem 0x0bfd8d40-0x0bfdcfff]
[    0.037367] Zone ranges:
[    0.037390]   DMA      [mem 0x0000000000001000-0x0000000000ffffff]
[    0.037453]   DMA32    [mem 0x0000000001000000-0x000000000bfdcfff]
[    0.037461]   Normal   empty
[    0.037482] Movable zone start for each node
[    0.037513] Early memory node ranges
[    0.037536]   node   0: [mem 0x0000000000001000-0x000000000009efff]
[    0.037680]   node   0: [mem 0x0000000000100000-0x000000000bfdcfff]
[    0.037799] Initmem setup node 0 [mem 0x0000000000001000-0x000000000bfdcfff]
[    0.046288] On node 0, zone DMA: 1 pages in unavailable ranges
[    0.046547] On node 0, zone DMA: 97 pages in unavailable ranges
[    0.052749] On node 0, zone DMA32: 16419 pages in unavailable ranges
[    0.053276] ACPI: PM-Timer IO Port: 0x608
[    0.053823] ACPI: LAPIC_NMI (acpi_id[0xff] dfl dfl lint[0x1])
[    0.054179] IOAPIC[0]: apic_id 0, version 32, address 0xfec00000, GSI 0-23
[    0.054296] ACPI: INT_SRC_OVR (bus 0 bus_irq 0 global_irq 2 dfl dfl)
[    0.054589] ACPI: INT_SRC_OVR (bus 0 bus_irq 5 global_irq 5 high level)
[    0.054634] ACPI: INT_SRC_OVR (bus 0 bus_irq 9 global_irq 9 high level)
[    0.054732] ACPI: INT_SRC_OVR (bus 0 bus_irq 10 global_irq 10 high level)
[    0.054738] ACPI: INT_SRC_OVR (bus 0 bus_irq 11 global_irq 11 high level)
[    0.054958] ACPI: Using ACPI (MADT) for SMP configuration information
[    0.055005] ACPI: HPET id: 0x8086a201 base: 0xfed00000
[    0.055413] CPU topo: Max. logical packages:   1
[    0.055424] CPU topo: Max. logical dies:       1
[    0.055431] CPU topo: Max. dies per package:   1
[    0.055473] CPU topo: Max. threads per core:   1
[    0.055594] CPU topo: Num. cores per package:     1
[    0.055605] CPU topo: Num. threads per package:   1
[    0.055612] CPU topo: Allowing 1 present CPUs plus 0 hotplug CPUs
[    0.056588] [mem 0x0c000000-0xfffbffff] available for PCI devices
[    0.056648] Booting paravirtualized kernel on bare hardware
[    0.056842] clocksource: refined-jiffies: mask: 0xffffffff max_cycles: 0xffffffff, max_idle_ns: 1910969940391419 ns
[    0.066914] setup_percpu: NR_CPUS:256 nr_cpumask_bits:1 nr_cpu_ids:1 nr_node_ids:1
[    0.078191] percpu: Embedded 55 pages/cpu s186200 r8192 d30888 u2097152
[    0.086297] Kernel command line: console=ttyS0,115200 cfmd_mode=verify cfmd_cut=after-obsolete-directory-sync
[    0.087296] Unknown kernel command line parameters "cfmd_mode=verify cfmd_cut=after-obsolete-directory-sync", will be passed to user space.
[    0.087557] printk: log buffer data + meta data: 131072 + 458752 = 589824 bytes
[    0.087816] Dentry cache hash table entries: 32768 (order: 6, 262144 bytes, linear)
[    0.087945] Inode-cache hash table entries: 16384 (order: 5, 131072 bytes, linear)
[    0.090725] Fallback order for Node 0: 0 
[    0.090959] Built 1 zonelists, mobility grouping on.  Total pages: 49019
[    0.090974] Policy zone: DMA32
[    0.096755] mem auto-init: stack:all(zero), heap alloc:on, heap free:off
[    0.141499] SLUB: HWalign=64, Order=0-3, MinObjects=0, CPUs=1, Nodes=1
[    0.153751] Dynamic Preempt: none
[    0.167181] rcu: Preemptible hierarchical RCU implementation.
[    0.167224] rcu: 	RCU restricting CPUs from NR_CPUS=256 to nr_cpu_ids=1.
[    0.167449] 	Trampoline variant of Tasks RCU enabled.
[    0.167463] 	Tracing variant of Tasks RCU enabled.
[    0.167548] rcu: RCU calculated value of scheduler-enlistment delay is 100 jiffies.
[    0.167576] rcu: Adjusting geometry for rcu_fanout_leaf=16, nr_cpu_ids=1
[    0.168784] RCU Tasks: Setting shift to 0 and lim to 1 rcu_task_cb_adjust=1 rcu_task_cpu_ids=1.
[    0.168813] RCU Tasks Trace: Setting shift to 0 and lim to 1 rcu_task_cb_adjust=1 rcu_task_cpu_ids=1.
[    0.205813] NR_IRQS: 16640, nr_irqs: 256, preallocated irqs: 16
[    0.214428] rcu: srcu_init: Setting srcu_struct sizes based on contention.
[    0.215046] clocksource: jiffies: mask: 0xffffffff max_cycles: 0xffffffff, max_idle_ns: 1911260446275000 ns
[    0.219298] kfence: initialized - using 2097152 bytes for 255 objects at 0x(____ptrval____)-0x(____ptrval____)
[    0.224322] Console: colour VGA+ 80x25
[    0.226092] printk: legacy console [ttyS0] enabled
[    0.240704] ACPI: Core revision 20250807
[    0.245593] clocksource: hpet: mask: 0xffffffff max_cycles: 0xffffffff, max_idle_ns: 19112604467 ns
[    0.250175] APIC: Switch to symmetric I/O mode setup
[    0.255276] ..TIMER: vector=0x30 apic1=0 pin1=2 apic2=-1 pin2=-1
[    0.260883] clocksource: tsc-early: mask: 0xffffffffffffffff max_cycles: 0x256be3faaaa, max_idle_ns: 440795211792 ns
[    0.261373] Calibrating delay loop (skipped), value calculated using timer frequency.. 5192.22 BogoMIPS (lpj=2596113)
[    0.263760] Last level iTLB entries: 4KB 512, 2MB 255, 4MB 127
[    0.263856] Last level dTLB entries: 4KB 512, 2MB 255, 4MB 127, 1GB 0
[    0.264272] mitigations: Enabled attack vectors: user_kernel, user_user, guest_host, guest_guest, SMT mitigations: auto
[    0.264870] Spectre V2 : Mitigation: Retpolines
[    0.265130] Spectre V1 : Mitigation: usercopy/swapgs barriers and __user pointer sanitization
[    0.265403] Spectre V2 : Spectre v2 / SpectreRSB: Filling RSB on context switch and VMEXIT
[    0.268401] x86/fpu: x87 FPU will use FXSAVE
[    0.578730] Freeing SMP alternatives memory: 40K
[    0.579943] pid_max: default: 32768 minimum: 301
[    0.592354] LSM: initializing lsm=lockdown,capability,landlock,yama
[    0.595872] landlock: Up and running.
[    0.596009] Yama: becoming mindful.
[    0.599440] Mount-cache hash table entries: 512 (order: 0, 4096 bytes, linear)
[    0.599615] Mountpoint-cache hash table entries: 512 (order: 0, 4096 bytes, linear)
[    0.738139] smpboot: CPU0: AMD QEMU Virtual CPU version 2.5+ (family: 0xf, model: 0x6b, stepping: 0x1)
[    0.748289] Performance Events: PMU not available due to virtualization, using software events only.
[    0.749359] signal: max sigframe size: 1440
[    0.752585] rcu: Hierarchical SRCU implementation.
[    0.752733] rcu: 	Max phase no-delay instances is 400.
[    0.759489] NMI watchdog: Perf NMI watchdog permanently disabled
[    0.763018] smp: Bringing up secondary CPUs ...
[    0.765674] smp: Brought up 1 node, 1 CPU
[    0.765878] smpboot: Total of 1 processors activated (5192.22 BogoMIPS)
[    0.774307] Memory: 137828K/196076K available (14690K kernel code, 2033K rwdata, 9872K rodata, 3008K init, 1148K bss, 55612K reserved, 0K cma-reserved)
[    0.781621] devtmpfs: initialized
[    0.785194] x86/mm: Memory block size: 128MB
[    0.793311] posixtimers hash table entries: 512 (order: 1, 8192 bytes, linear)
[    0.793798] futex hash table entries: 256 (16384 bytes on 1 NUMA nodes, total 16 KiB, linear).
[    0.809868] NET: Registered PF_NETLINK/PF_ROUTE protocol family
[    0.813325] audit: initializing netlink subsys (disabled)
[    0.818833] thermal_sys: Registered thermal governor 'step_wise'
[    0.819770] audit: type=2000 audit(1790203814.566:1): state=initialized audit_enabled=0 res=1
[    0.820443] cpuidle: using governor ladder
[    0.820617] cpuidle: using governor menu
[    0.822150] acpiphp: ACPI Hot Plug PCI Controller Driver version: 0.5
[    0.825397] PCI: Using configuration type 1 for base access
[    0.828331] kprobes: kprobe jump-optimization is enabled. All kprobes are optimized if possible.
[    0.837454] HugeTLB: registered 2.00 MiB page size, pre-allocated 0 pages
[    0.837608] HugeTLB: 28 KiB vmemmap can be freed for a 2.00 MiB page
[    0.849984] ACPI: Added _OSI(Module Device)
[    0.850166] ACPI: Added _OSI(Processor Device)
[    0.850230] ACPI: Added _OSI(Processor Aggregator Device)
[    0.861487] ACPI: 1 ACPI AML tables successfully acquired and loaded
[    0.902499] ACPI: Interpreter enabled
[    0.903903] ACPI: PM: (supports S0 S3 S5)
[    0.904019] ACPI: Using IOAPIC for interrupt routing
[    0.904601] PCI: Using host bridge windows from ACPI; if necessary, use "pci=nocrs" and report a bug
[    0.904766] PCI: Using E820 reservations for host bridge windows
[    0.906089] ACPI: Enabled 2 GPEs in block 00 to 0F
[    0.958651] ACPI: PCI Root Bridge [PCI0] (domain 0000 [bus 00-ff])
[    0.959486] acpi PNP0A03:00: _OSC: OS supports [ASPM ClockPM Segments MSI HPX-Type3]
[    0.959742] acpi PNP0A03:00: _OSC: not requesting OS control; OS requires [ExtendedConfig ASPM ClockPM MSI]
[    0.960533] acpi PNP0A03:00: fail to add MMCONFIG information, can't access extended configuration space under this bridge
[    0.966357] acpiphp: Slot [3] registered
[    0.966558] acpiphp: Slot [4] registered
[    0.966774] acpiphp: Slot [5] registered
[    0.966871] acpiphp: Slot [6] registered
[    0.966956] acpiphp: Slot [7] registered
[    0.967064] acpiphp: Slot [8] registered
[    0.967215] acpiphp: Slot [9] registered
[    0.967306] acpiphp: Slot [10] registered
[    0.967408] acpiphp: Slot [11] registered
[    0.967508] acpiphp: Slot [12] registered
[    0.967589] acpiphp: Slot [13] registered
[    0.967712] acpiphp: Slot [14] registered
[    0.967797] acpiphp: Slot [15] registered
[    0.967875] acpiphp: Slot [16] registered
[    0.967951] acpiphp: Slot [17] registered
[    0.968029] acpiphp: Slot [18] registered
[    0.968228] acpiphp: Slot [19] registered
[    0.968319] acpiphp: Slot [20] registered
[    0.968399] acpiphp: Slot [21] registered
[    0.968475] acpiphp: Slot [22] registered
[    0.968552] acpiphp: Slot [23] registered
[    0.968629] acpiphp: Slot [24] registered
[    0.968751] acpiphp: Slot [25] registered
[    0.968832] acpiphp: Slot [26] registered
[    0.968926] acpiphp: Slot [27] registered
[    0.969007] acpiphp: Slot [28] registered
[    0.969188] acpiphp: Slot [29] registered
[    0.969285] acpiphp: Slot [30] registered
[    0.969366] acpiphp: Slot [31] registered
[    0.969635] PCI host bridge to bus 0000:00
[    0.969949] pci_bus 0000:00: root bus resource [io  0x0000-0x0cf7 window]
[    0.970177] pci_bus 0000:00: root bus resource [io  0x0d00-0xffff window]
[    0.970251] pci_bus 0000:00: root bus resource [mem 0x000a0000-0x000bffff window]
[    0.970355] pci_bus 0000:00: root bus resource [mem 0x0c000000-0xfebfffff window]
[    0.970418] pci_bus 0000:00: root bus resource [mem 0x100000000-0x17fffffff window]
[    0.970688] pci_bus 0000:00: root bus resource [bus 00-ff]
[    0.971877] pci 0000:00:00.0: [8086:1237] type 00 class 0x060000 conventional PCI endpoint
[    0.976866] pci 0000:00:01.0: [8086:7000] type 00 class 0x060100 conventional PCI endpoint
[    0.977702] pci 0000:00:01.1: [8086:7010] type 00 class 0x010180 conventional PCI endpoint
[    0.978346] pci 0000:00:01.1: BAR 4 [io  0xc080-0xc08f]
[    0.978482] pci 0000:00:01.1: BAR 0 [io  0x01f0-0x01f7]: legacy IDE quirk
[    0.978562] pci 0000:00:01.1: BAR 1 [io  0x03f6]: legacy IDE quirk
[    0.978700] pci 0000:00:01.1: BAR 2 [io  0x0170-0x0177]: legacy IDE quirk
[    0.978773] pci 0000:00:01.1: BAR 3 [io  0x0376]: legacy IDE quirk
[    0.979556] pci 0000:00:01.3: [8086:7113] type 00 class 0x068000 conventional PCI endpoint
[    0.979967] pci 0000:00:01.3: quirk: [io  0x0600-0x063f] claimed by PIIX4 ACPI
[    0.980093] pci 0000:00:01.3: quirk: [io  0x0700-0x070f] claimed by PIIX4 SMB
[    0.981319] pci 0000:00:02.0: [1234:1111] type 00 class 0x030000 conventional PCI endpoint
[    0.982069] pci 0000:00:02.0: BAR 0 [mem 0xfd000000-0xfdffffff pref]
[    0.982241] pci 0000:00:02.0: BAR 2 [mem 0xfebf0000-0xfebf0fff]
[    0.982309] pci 0000:00:02.0: ROM [mem 0xfebe0000-0xfebeffff pref]
[    0.982559] pci 0000:00:02.0: Video device with shadowed ROM at [mem 0x000c0000-0x000dffff]
[    0.983418] pci 0000:00:03.0: [1af4:1001] type 00 class 0x010000 conventional PCI endpoint
[    0.984173] pci 0000:00:03.0: BAR 0 [io  0xc000-0xc07f]
[    0.984264] pci 0000:00:03.0: BAR 1 [mem 0xfebf1000-0xfebf1fff]
[    0.984408] pci 0000:00:03.0: BAR 4 [mem 0xfe000000-0xfe003fff 64bit pref]
[    0.992706] ACPI: PCI: Interrupt link LNKA configured for IRQ 10
[    0.993319] ACPI: PCI: Interrupt link LNKB configured for IRQ 10
[    0.993629] ACPI: PCI: Interrupt link LNKC configured for IRQ 11
[    0.993974] ACPI: PCI: Interrupt link LNKD configured for IRQ 11
[    0.994242] ACPI: PCI: Interrupt link LNKS configured for IRQ 9
[    0.997835] iommu: Default domain type: Translated
[    0.997940] iommu: DMA domain TLB invalidation policy: lazy mode
[    1.000810] SCSI subsystem initialized
[    1.002205] pps_core: LinuxPPS API ver. 1 registered
[    1.002278] pps_core: Software ver. 5.3.6 - Copyright 2005-2007 Rodolfo Giometti <giometti@linux.it>
[    1.002429] PTP clock support registered
[    1.013525] PCI: Using ACPI for IRQ routing
[    1.016077] hpet: 3 channels of 0 reserved for per-cpu timers
[    1.017139] clocksource: Switched to clocksource tsc-early
[    1.026839] VFS: Disk quotas dquot_6.6.0
[    1.027181] VFS: Dquot-cache hash table entries: 512 (order 0, 4096 bytes)
[    1.039090] pnp: PnP ACPI init
[    1.042725] pnp: PnP ACPI: found 5 devices
[    1.068540] clocksource: acpi_pm: mask: 0xffffff max_cycles: 0xffffff, max_idle_ns: 2085701024 ns
[    1.070054] NET: Registered PF_INET protocol family
[    1.071446] IP idents hash table entries: 4096 (order: 3, 32768 bytes, linear)
[    1.126905] tcp_listen_portaddr_hash hash table entries: 256 (order: 0, 4096 bytes, linear)
[    1.127263] Table-perturb hash table entries: 65536 (order: 6, 262144 bytes, linear)
[    1.127431] TCP established hash table entries: 2048 (order: 2, 16384 bytes, linear)
[    1.127740] TCP bind hash table entries: 2048 (order: 4, 65536 bytes, linear)
[    1.127923] TCP: Hash tables configured (established 2048 bind 2048)
[    1.134596] MPTCP token hash table entries: 256 (order: 1, 6144 bytes, linear)
[    1.135011] UDP hash table entries: 256 (order: 2, 16384 bytes, linear)
[    1.135397] UDP-Lite hash table entries: 256 (order: 2, 16384 bytes, linear)
[    1.137146] NET: Registered PF_UNIX/PF_LOCAL protocol family
[    1.137626] NET: Registered PF_XDP protocol family
[    1.138467] pci_bus 0000:00: resource 4 [io  0x0000-0x0cf7 window]
[    1.138566] pci_bus 0000:00: resource 5 [io  0x0d00-0xffff window]
[    1.138627] pci_bus 0000:00: resource 6 [mem 0x000a0000-0x000bffff window]
[    1.138739] pci_bus 0000:00: resource 7 [mem 0x0c000000-0xfebfffff window]
[    1.138801] pci_bus 0000:00: resource 8 [mem 0x100000000-0x17fffffff window]
[    1.139440] pci 0000:00:01.0: PIIX3: Enabling Passive Release
[    1.139631] pci 0000:00:00.0: Limiting direct PCI/PCI transfers
[    1.139837] PCI: CLS 0 bytes, default 64
[    1.144814] Initialise system trusted keyrings
[    1.153040] Unpacking initramfs...
[    1.168730] workingset: timestamp_bits=40 max_order=16 bucket_order=0
[    1.172428] Key type asymmetric registered
[    1.172562] Asymmetric key parser 'x509' registered
[    1.173085] Block layer SCSI generic (bsg) driver version 0.4 loaded (major 247)
[    1.185927] io scheduler mq-deadline registered
[    1.186138] io scheduler kyber registered
[    1.186497] io scheduler bfq registered
[    1.204956] ERST DBG: ERST support is disabled.
[    1.306792] ACPI: \_SB_.LNKC: Enabled at IRQ 11
[    1.443848] Serial: 8250/16550 driver, 4 ports, IRQ sharing enabled
[    1.447804] 00:04: ttyS0 at I/O 0x3f8 (irq = 4, base_baud = 115200) is a 16550A
[    1.470087] VMware PVSCSI driver - version 1.0.7.0-k
[    1.487637] scsi host0: ata_piix
[    1.504040] scsi host1: ata_piix
[    1.505748] ata1: PATA max MWDMA2 cmd 0x1f0 ctl 0x3f6 bmdma 0xc080 irq 14 lpm-pol 0
[    1.505910] ata2: PATA max MWDMA2 cmd 0x170 ctl 0x376 bmdma 0xc088 irq 15 lpm-pol 0
[    1.507116] hv_vmbus: registering driver hv_netvsc
[    1.508389] i8042: PNP: PS/2 Controller [PNP0303:KBD,PNP0f13:MOU] at 0x60,0x64 irq 1,12
[    1.511829] serio: i8042 KBD port at 0x60,0x64 irq 1
[    1.512062] serio: i8042 AUX port at 0x60,0x64 irq 12
[    1.512388] hv_vmbus: registering driver hyperv_keyboard
[    1.513505] rtc_cmos PNP0B00:00: RTC can wake from S4
[    1.519900] input: AT Translated Set 2 keyboard as /devices/platform/i8042/serio0/input/input0
[    1.540229] rtc_cmos PNP0B00:00: registered as rtc0
[    1.540999] rtc_cmos PNP0B00:00: setting system clock to 2026-09-23T22:50:15 UTC (1790203815)
[    1.542085] rtc_cmos PNP0B00:00: alarms up to one day, y3k, 242 bytes nvram, hpet irqs
[    1.542697] amd_pstate: the _CPC object is not present in SBIOS or ACPI disabled
[    1.551100] gre: GRE over IPv4 demultiplexer driver
[    1.552237] NET: Registered PF_INET6 protocol family
[    1.569788] Segment Routing with IPv6
[    1.570035] In-situ OAM (IOAM) with IPv6
[    1.579851] Key type dns_resolver registered
[    1.581047] IPI shorthand broadcast: enabled
[    1.594248] sched_clock: Marking stable (1559068145, 34210034)->(1641952228, -48674049)
[    1.636524] registered taskstats version 1
[    1.639117] Loading compiled-in X.509 certificates
[    1.689786] ata2: found unknown device (class 0)
[    1.699111] ata2.00: ATAPI: QEMU DVD-ROM, 2.5+, max UDMA/100
[    1.722761] scsi 1:0:0:0: CD-ROM            QEMU     QEMU DVD-ROM     2.5+ PQ: 0 ANSI: 5
[    1.969153] Freeing initrd memory: 10984K
[    2.143468] tsc: Refined TSC clocksource calibration: 2596.089 MHz
[    2.143996] clocksource: tsc: mask: 0xffffffffffffffff max_cycles: 0x256bcdc1bc8, max_idle_ns: 440795279455 ns
[    2.144237] clocksource: Switched to clocksource tsc
[    2.147854] Loaded X.509 cert 'alpinelinux.org: Alpine Linux kernel key: d76a695f66ad9cd28f5c22a8508f36e91f521f7a'
[    2.165000] Demotion targets for Node 0: null
[    2.166509] Key type .fscrypt registered
[    2.166592] Key type fscrypt-provisioning registered
[    2.269005] Freeing unused kernel image (initmem) memory: 3008K
[    2.269563] Write protecting the kernel read-only data: 26624k
[    2.272385] Freeing unused kernel image (text/rodata gap) memory: 1692K
[    2.272872] Freeing unused kernel image (rodata/data gap) memory: 368K
[    2.273492] rodata_test: all tests were successful
[    2.273779] Run /init as init process
CFMD_MININIT_BEGIN
CFMD_ARGS mode=verify cut=after-obsolete-directory-sync
[    2.598210] virtio_blk virtio0: 1/0/0 default/read/poll queues
[    2.607777] virtio_blk virtio0: [vda] 1048576 512-byte logical blocks (537 MB/512 MiB)
[    3.169448] EXT4-fs (vda): recovery complete
[    3.170887] EXT4-fs (vda): mounted filesystem 632c2322-b79e-11f1-80e3-d1c9cdf3a3a0 r/w with ordered data mode. Quota mode: none.
CFMD_MOUNT_RC=0
25 1 253:0 / /mnt/cfmd rw,relatime - ext4 /dev/vda rw,data=ordered
PROFILE_OK profile=LinuxExt4Ordered kernel=6.18.52-0-virt fs=ext4 source=/dev/vda options=["rw", "relatime"]/["rw", "data=ordered"]
DESTRUCTIVE_CASE_PASS cut=after-obsolete-directory-sync
HOST_OUTCOME=PASS ELAPSED=4.207 EXIT=-9
