HOST_QEMU_PID=19528 MODE=arm CUT=after-manifest-directory-sync START=1790203727.2963855
c[?7l[2J[0mSeaBIOS (version 1.16.3-debian-1.16.3-2)
Booting from ROM...
c[?7l[2J[    0.000000] Linux version 6.18.52-0-virt (buildozer@build-3-24-x86_64) (cc (Alpine 15.2.0) 15.2.0, GNU ld (GNU Binutils) 2.45.1) #1-Alpine SMP PREEMPT_DYNAMIC 2026-09-15 05:37:48
[    0.000000] Command line: console=ttyS0,115200 cfmd_mode=arm cfmd_cut=after-manifest-directory-sync
[    0.000000] BIOS-provided physical RAM map:
[    0.000000] BIOS-e820: [mem 0x0000000000000000-0x000000000009fbff] usable
[    0.000000] BIOS-e820: [mem 0x000000000009fc00-0x000000000009ffff] reserved
[    0.000000] BIOS-e820: [mem 0x00000000000f0000-0x00000000000fffff] reserved
[    0.000000] BIOS-e820: [mem 0x0000000000100000-0x000000000bfdcfff] usable
[    0.000000] BIOS-e820: [mem 0x000000000bfdd000-0x000000000bffffff] reserved
[    0.000000] BIOS-e820: [mem 0x00000000fffc0000-0x00000000ffffffff] reserved
[    0.000000] BIOS-e820: [mem 0x000000fd00000000-0x000000ffffffffff] reserved
[    0.000000] NX (Execute Disable) protection: active
[    0.000000] APIC: Static calls initialized
[    0.000000] SMBIOS 3.0.0 present.
[    0.000000] DMI: QEMU Ubuntu 24.04 PC v2 (i440FX + PIIX, arch_caps fix, 1996), BIOS 1.16.3-debian-1.16.3-2 04/01/2014
[    0.000000] DMI: Memory slots populated: 1/1
[    0.000000] tsc: Fast TSC calibration using PIT
[    0.000000] tsc: Detected 2596.081 MHz processor
[    0.007830] last_pfn = 0xbfdd max_arch_pfn = 0x400000000
[    0.008544] MTRR map: 4 entries (3 fixed + 1 variable; max 19), built from 8 variable MTRRs
[    0.008719] x86/PAT: Configuration [0-7]: WB  WC  UC- UC  WB  WP  UC- WT  
[    0.024356] found SMP MP-table at [mem 0x000f5480-0x000f548f]
[    0.029190] RAMDISK: [mem 0x0b516000-0x0bfcffff]
[    0.029414] ACPI: Early table checksum verification disabled
[    0.029748] ACPI: RSDP 0x00000000000F5290 000014 (v00 BOCHS )
[    0.030013] ACPI: RSDT 0x000000000BFE1C52 000034 (v01 BOCHS  BXPC     00000001 BXPC 00000001)
[    0.030487] ACPI: FACP 0x000000000BFE1B06 000074 (v01 BOCHS  BXPC     00000001 BXPC 00000001)
[    0.030960] ACPI: DSDT 0x000000000BFE0040 001AC6 (v01 BOCHS  BXPC     00000001 BXPC 00000001)
[    0.031013] ACPI: FACS 0x000000000BFE0000 000040
[    0.031061] ACPI: APIC 0x000000000BFE1B7A 000078 (v03 BOCHS  BXPC     00000001 BXPC 00000001)
[    0.031095] ACPI: HPET 0x000000000BFE1BF2 000038 (v01 BOCHS  BXPC     00000001 BXPC 00000001)
[    0.031111] ACPI: WAET 0x000000000BFE1C2A 000028 (v01 BOCHS  BXPC     00000001 BXPC 00000001)
[    0.031193] ACPI: Reserving FACP table memory at [mem 0xbfe1b06-0xbfe1b79]
[    0.031218] ACPI: Reserving DSDT table memory at [mem 0xbfe0040-0xbfe1b05]
[    0.031224] ACPI: Reserving FACS table memory at [mem 0xbfe0000-0xbfe003f]
[    0.031229] ACPI: Reserving APIC table memory at [mem 0xbfe1b7a-0xbfe1bf1]
[    0.031233] ACPI: Reserving HPET table memory at [mem 0xbfe1bf2-0xbfe1c29]
[    0.031237] ACPI: Reserving WAET table memory at [mem 0xbfe1c2a-0xbfe1c51]
[    0.033827] No NUMA configuration found
[    0.033846] Faking a node at [mem 0x0000000000000000-0x000000000bfdcfff]
[    0.034541] NODE_DATA(0) allocated [mem 0x0bfd8d40-0x0bfdcfff]
[    0.036746] Zone ranges:
[    0.036769]   DMA      [mem 0x0000000000001000-0x0000000000ffffff]
[    0.036830]   DMA32    [mem 0x0000000001000000-0x000000000bfdcfff]
[    0.036838]   Normal   empty
[    0.036860] Movable zone start for each node
[    0.036892] Early memory node ranges
[    0.036916]   node   0: [mem 0x0000000000001000-0x000000000009efff]
[    0.037063]   node   0: [mem 0x0000000000100000-0x000000000bfdcfff]
[    0.037181] Initmem setup node 0 [mem 0x0000000000001000-0x000000000bfdcfff]
[    0.043296] On node 0, zone DMA: 1 pages in unavailable ranges
[    0.043524] On node 0, zone DMA: 97 pages in unavailable ranges
[    0.049465] On node 0, zone DMA32: 16419 pages in unavailable ranges
[    0.049974] ACPI: PM-Timer IO Port: 0x608
[    0.050422] ACPI: LAPIC_NMI (acpi_id[0xff] dfl dfl lint[0x1])
[    0.050787] IOAPIC[0]: apic_id 0, version 32, address 0xfec00000, GSI 0-23
[    0.050906] ACPI: INT_SRC_OVR (bus 0 bus_irq 0 global_irq 2 dfl dfl)
[    0.051164] ACPI: INT_SRC_OVR (bus 0 bus_irq 5 global_irq 5 high level)
[    0.051206] ACPI: INT_SRC_OVR (bus 0 bus_irq 9 global_irq 9 high level)
[    0.051302] ACPI: INT_SRC_OVR (bus 0 bus_irq 10 global_irq 10 high level)
[    0.051309] ACPI: INT_SRC_OVR (bus 0 bus_irq 11 global_irq 11 high level)
[    0.051543] ACPI: Using ACPI (MADT) for SMP configuration information
[    0.051590] ACPI: HPET id: 0x8086a201 base: 0xfed00000
[    0.051978] CPU topo: Max. logical packages:   1
[    0.051988] CPU topo: Max. logical dies:       1
[    0.051996] CPU topo: Max. dies per package:   1
[    0.052037] CPU topo: Max. threads per core:   1
[    0.052152] CPU topo: Num. cores per package:     1
[    0.052163] CPU topo: Num. threads per package:   1
[    0.052170] CPU topo: Allowing 1 present CPUs plus 0 hotplug CPUs
[    0.053157] [mem 0x0c000000-0xfffbffff] available for PCI devices
[    0.053219] Booting paravirtualized kernel on bare hardware
[    0.053416] clocksource: refined-jiffies: mask: 0xffffffff max_cycles: 0xffffffff, max_idle_ns: 1910969940391419 ns
[    0.063233] setup_percpu: NR_CPUS:256 nr_cpumask_bits:1 nr_cpu_ids:1 nr_node_ids:1
[    0.075430] percpu: Embedded 55 pages/cpu s186200 r8192 d30888 u2097152
[    0.082570] Kernel command line: console=ttyS0,115200 cfmd_mode=arm cfmd_cut=after-manifest-directory-sync
[    0.083811] Unknown kernel command line parameters "cfmd_mode=arm cfmd_cut=after-manifest-directory-sync", will be passed to user space.
[    0.084060] printk: log buffer data + meta data: 131072 + 458752 = 589824 bytes
[    0.084324] Dentry cache hash table entries: 32768 (order: 6, 262144 bytes, linear)
[    0.084505] Inode-cache hash table entries: 16384 (order: 5, 131072 bytes, linear)
[    0.087227] Fallback order for Node 0: 0 
[    0.087478] Built 1 zonelists, mobility grouping on.  Total pages: 49019
[    0.087495] Policy zone: DMA32
[    0.093230] mem auto-init: stack:all(zero), heap alloc:on, heap free:off
[    0.139265] SLUB: HWalign=64, Order=0-3, MinObjects=0, CPUs=1, Nodes=1
[    0.152086] Dynamic Preempt: none
[    0.165396] rcu: Preemptible hierarchical RCU implementation.
[    0.165458] rcu: 	RCU restricting CPUs from NR_CPUS=256 to nr_cpu_ids=1.
[    0.165663] 	Trampoline variant of Tasks RCU enabled.
[    0.165676] 	Tracing variant of Tasks RCU enabled.
[    0.165762] rcu: RCU calculated value of scheduler-enlistment delay is 100 jiffies.
[    0.165790] rcu: Adjusting geometry for rcu_fanout_leaf=16, nr_cpu_ids=1
[    0.166886] RCU Tasks: Setting shift to 0 and lim to 1 rcu_task_cb_adjust=1 rcu_task_cpu_ids=1.
[    0.166910] RCU Tasks Trace: Setting shift to 0 and lim to 1 rcu_task_cb_adjust=1 rcu_task_cpu_ids=1.
[    0.205194] NR_IRQS: 16640, nr_irqs: 256, preallocated irqs: 16
[    0.213933] rcu: srcu_init: Setting srcu_struct sizes based on contention.
[    0.214553] clocksource: jiffies: mask: 0xffffffff max_cycles: 0xffffffff, max_idle_ns: 1911260446275000 ns
[    0.218793] kfence: initialized - using 2097152 bytes for 255 objects at 0x(____ptrval____)-0x(____ptrval____)
[    0.224013] Console: colour VGA+ 80x25
[    0.225725] printk: legacy console [ttyS0] enabled
[    0.239726] ACPI: Core revision 20250807
[    0.244449] clocksource: hpet: mask: 0xffffffff max_cycles: 0xffffffff, max_idle_ns: 19112604467 ns
[    0.249103] APIC: Switch to symmetric I/O mode setup
[    0.253214] ..TIMER: vector=0x30 apic1=0 pin1=2 apic2=-1 pin2=-1
[    0.258787] clocksource: tsc-early: mask: 0xffffffffffffffff max_cycles: 0x256bc63c469, max_idle_ns: 440795307072 ns
[    0.259239] Calibrating delay loop (skipped), value calculated using timer frequency.. 5192.16 BogoMIPS (lpj=2596081)
[    0.261630] Last level iTLB entries: 4KB 512, 2MB 255, 4MB 127
[    0.261722] Last level dTLB entries: 4KB 512, 2MB 255, 4MB 127, 1GB 0
[    0.262113] mitigations: Enabled attack vectors: user_kernel, user_user, guest_host, guest_guest, SMT mitigations: auto
[    0.262698] Spectre V2 : Mitigation: Retpolines
[    0.262924] Spectre V1 : Mitigation: usercopy/swapgs barriers and __user pointer sanitization
[    0.263207] Spectre V2 : Spectre v2 / SpectreRSB: Filling RSB on context switch and VMEXIT
[    0.265529] x86/fpu: x87 FPU will use FXSAVE
[    0.577422] Freeing SMP alternatives memory: 40K
[    0.578467] pid_max: default: 32768 minimum: 301
[    0.588527] LSM: initializing lsm=lockdown,capability,landlock,yama
[    0.592389] landlock: Up and running.
[    0.592519] Yama: becoming mindful.
[    0.595751] Mount-cache hash table entries: 512 (order: 0, 4096 bytes, linear)
[    0.595978] Mountpoint-cache hash table entries: 512 (order: 0, 4096 bytes, linear)
[    0.737034] smpboot: CPU0: AMD QEMU Virtual CPU version 2.5+ (family: 0xf, model: 0x6b, stepping: 0x1)
[    0.747075] Performance Events: PMU not available due to virtualization, using software events only.
[    0.748150] signal: max sigframe size: 1440
[    0.751170] rcu: Hierarchical SRCU implementation.
[    0.751283] rcu: 	Max phase no-delay instances is 400.
[    0.758342] NMI watchdog: Perf NMI watchdog permanently disabled
[    0.762887] smp: Bringing up secondary CPUs ...
[    0.765202] smp: Brought up 1 node, 1 CPU
[    0.765387] smpboot: Total of 1 processors activated (5192.16 BogoMIPS)
[    0.772118] Memory: 137828K/196076K available (14690K kernel code, 2033K rwdata, 9872K rodata, 3008K init, 1148K bss, 55612K reserved, 0K cma-reserved)
[    0.779373] devtmpfs: initialized
[    0.782662] x86/mm: Memory block size: 128MB
[    0.791214] posixtimers hash table entries: 512 (order: 1, 8192 bytes, linear)
[    0.791610] futex hash table entries: 256 (16384 bytes on 1 NUMA nodes, total 16 KiB, linear).
[    0.806795] NET: Registered PF_NETLINK/PF_ROUTE protocol family
[    0.810155] audit: initializing netlink subsys (disabled)
[    0.814304] thermal_sys: Registered thermal governor 'step_wise'
[    0.815042] audit: type=2000 audit(1790203728.563:1): state=initialized audit_enabled=0 res=1
[    0.815603] cpuidle: using governor ladder
[    0.815776] cpuidle: using governor menu
[    0.817144] acpiphp: ACPI Hot Plug PCI Controller Driver version: 0.5
[    0.821284] PCI: Using configuration type 1 for base access
[    0.824307] kprobes: kprobe jump-optimization is enabled. All kprobes are optimized if possible.
[    0.833734] HugeTLB: registered 2.00 MiB page size, pre-allocated 0 pages
[    0.833857] HugeTLB: 28 KiB vmemmap can be freed for a 2.00 MiB page
[    0.848346] ACPI: Added _OSI(Module Device)
[    0.848462] ACPI: Added _OSI(Processor Device)
[    0.848510] ACPI: Added _OSI(Processor Aggregator Device)
[    0.859864] ACPI: 1 ACPI AML tables successfully acquired and loaded
[    0.904418] ACPI: Interpreter enabled
[    0.906139] ACPI: PM: (supports S0 S3 S5)
[    0.906260] ACPI: Using IOAPIC for interrupt routing
[    0.906812] PCI: Using host bridge windows from ACPI; if necessary, use "pci=nocrs" and report a bug
[    0.906929] PCI: Using E820 reservations for host bridge windows
[    0.908358] ACPI: Enabled 2 GPEs in block 00 to 0F
[    0.960669] ACPI: PCI Root Bridge [PCI0] (domain 0000 [bus 00-ff])
[    0.961780] acpi PNP0A03:00: _OSC: OS supports [ASPM ClockPM Segments MSI HPX-Type3]
[    0.962161] acpi PNP0A03:00: _OSC: not requesting OS control; OS requires [ExtendedConfig ASPM ClockPM MSI]
[    0.963194] acpi PNP0A03:00: fail to add MMCONFIG information, can't access extended configuration space under this bridge
[    0.968807] acpiphp: Slot [3] registered
[    0.969059] acpiphp: Slot [4] registered
[    0.969228] acpiphp: Slot [5] registered
[    0.969375] acpiphp: Slot [6] registered
[    0.969525] acpiphp: Slot [7] registered
[    0.969753] acpiphp: Slot [8] registered
[    0.969912] acpiphp: Slot [9] registered
[    0.970119] acpiphp: Slot [10] registered
[    0.970272] acpiphp: Slot [11] registered
[    0.970436] acpiphp: Slot [12] registered
[    0.970580] acpiphp: Slot [13] registered
[    0.970744] acpiphp: Slot [14] registered
[    0.970891] acpiphp: Slot [15] registered
[    0.971054] acpiphp: Slot [16] registered
[    0.971204] acpiphp: Slot [17] registered
[    0.971349] acpiphp: Slot [18] registered
[    0.971516] acpiphp: Slot [19] registered
[    0.971684] acpiphp: Slot [20] registered
[    0.971828] acpiphp: Slot [21] registered
[    0.971966] acpiphp: Slot [22] registered
[    0.972188] acpiphp: Slot [23] registered
[    0.972331] acpiphp: Slot [24] registered
[    0.972470] acpiphp: Slot [25] registered
[    0.972613] acpiphp: Slot [26] registered
[    0.972802] acpiphp: Slot [27] registered
[    0.972949] acpiphp: Slot [28] registered
[    0.973123] acpiphp: Slot [29] registered
[    0.973269] acpiphp: Slot [30] registered
[    0.973408] acpiphp: Slot [31] registered
[    0.973835] PCI host bridge to bus 0000:00
[    0.974234] pci_bus 0000:00: root bus resource [io  0x0000-0x0cf7 window]
[    0.974468] pci_bus 0000:00: root bus resource [io  0x0d00-0xffff window]
[    0.974592] pci_bus 0000:00: root bus resource [mem 0x000a0000-0x000bffff window]
[    0.974787] pci_bus 0000:00: root bus resource [mem 0x0c000000-0xfebfffff window]
[    0.974918] pci_bus 0000:00: root bus resource [mem 0x100000000-0x17fffffff window]
[    0.975205] pci_bus 0000:00: root bus resource [bus 00-ff]
[    0.976433] pci 0000:00:00.0: [8086:1237] type 00 class 0x060000 conventional PCI endpoint
[    0.981472] pci 0000:00:01.0: [8086:7000] type 00 class 0x060100 conventional PCI endpoint
[    0.982296] pci 0000:00:01.1: [8086:7010] type 00 class 0x010180 conventional PCI endpoint
[    0.983061] pci 0000:00:01.1: BAR 4 [io  0xc080-0xc08f]
[    0.983248] pci 0000:00:01.1: BAR 0 [io  0x01f0-0x01f7]: legacy IDE quirk
[    0.983398] pci 0000:00:01.1: BAR 1 [io  0x03f6]: legacy IDE quirk
[    0.983558] pci 0000:00:01.1: BAR 2 [io  0x0170-0x0177]: legacy IDE quirk
[    0.983720] pci 0000:00:01.1: BAR 3 [io  0x0376]: legacy IDE quirk
[    0.984539] pci 0000:00:01.3: [8086:7113] type 00 class 0x068000 conventional PCI endpoint
[    0.985003] pci 0000:00:01.3: quirk: [io  0x0600-0x063f] claimed by PIIX4 ACPI
[    0.985095] pci 0000:00:01.3: quirk: [io  0x0700-0x070f] claimed by PIIX4 SMB
[    0.985806] pci 0000:00:02.0: [1234:1111] type 00 class 0x030000 conventional PCI endpoint
[    0.986719] pci 0000:00:02.0: BAR 0 [mem 0xfd000000-0xfdffffff pref]
[    0.986895] pci 0000:00:02.0: BAR 2 [mem 0xfebf0000-0xfebf0fff]
[    0.987070] pci 0000:00:02.0: ROM [mem 0xfebe0000-0xfebeffff pref]
[    0.987398] pci 0000:00:02.0: Video device with shadowed ROM at [mem 0x000c0000-0x000dffff]
[    0.989222] pci 0000:00:03.0: [1af4:1001] type 00 class 0x010000 conventional PCI endpoint
[    0.990467] pci 0000:00:03.0: BAR 0 [io  0xc000-0xc07f]
[    0.990592] pci 0000:00:03.0: BAR 1 [mem 0xfebf1000-0xfebf1fff]
[    0.991100] pci 0000:00:03.0: BAR 4 [mem 0xfe000000-0xfe003fff 64bit pref]
[    0.998649] ACPI: PCI: Interrupt link LNKA configured for IRQ 10
[    0.999291] ACPI: PCI: Interrupt link LNKB configured for IRQ 10
[    0.999657] ACPI: PCI: Interrupt link LNKC configured for IRQ 11
[    1.000072] ACPI: PCI: Interrupt link LNKD configured for IRQ 11
[    1.000313] ACPI: PCI: Interrupt link LNKS configured for IRQ 9
[    1.003667] iommu: Default domain type: Translated
[    1.003836] iommu: DMA domain TLB invalidation policy: lazy mode
[    1.006542] SCSI subsystem initialized
[    1.007811] pps_core: LinuxPPS API ver. 1 registered
[    1.007919] pps_core: Software ver. 5.3.6 - Copyright 2005-2007 Rodolfo Giometti <giometti@linux.it>
[    1.008151] PTP clock support registered
[    1.017903] PCI: Using ACPI for IRQ routing
[    1.020505] hpet: 3 channels of 0 reserved for per-cpu timers
[    1.022034] clocksource: Switched to clocksource tsc-early
[    1.031638] VFS: Disk quotas dquot_6.6.0
[    1.032049] VFS: Dquot-cache hash table entries: 512 (order 0, 4096 bytes)
[    1.043917] pnp: PnP ACPI init
[    1.047551] pnp: PnP ACPI: found 5 devices
[    1.072330] clocksource: acpi_pm: mask: 0xffffff max_cycles: 0xffffff, max_idle_ns: 2085701024 ns
[    1.073967] NET: Registered PF_INET protocol family
[    1.074908] IP idents hash table entries: 4096 (order: 3, 32768 bytes, linear)
[    1.130195] tcp_listen_portaddr_hash hash table entries: 256 (order: 0, 4096 bytes, linear)
[    1.130658] Table-perturb hash table entries: 65536 (order: 6, 262144 bytes, linear)
[    1.130890] TCP established hash table entries: 2048 (order: 2, 16384 bytes, linear)
[    1.131217] TCP bind hash table entries: 2048 (order: 4, 65536 bytes, linear)
[    1.131522] TCP: Hash tables configured (established 2048 bind 2048)
[    1.138747] MPTCP token hash table entries: 256 (order: 1, 6144 bytes, linear)
[    1.139231] UDP hash table entries: 256 (order: 2, 16384 bytes, linear)
[    1.140965] UDP-Lite hash table entries: 256 (order: 2, 16384 bytes, linear)
[    1.142979] NET: Registered PF_UNIX/PF_LOCAL protocol family
[    1.143528] NET: Registered PF_XDP protocol family
[    1.144380] pci_bus 0000:00: resource 4 [io  0x0000-0x0cf7 window]
[    1.144519] pci_bus 0000:00: resource 5 [io  0x0d00-0xffff window]
[    1.144633] pci_bus 0000:00: resource 6 [mem 0x000a0000-0x000bffff window]
[    1.144757] pci_bus 0000:00: resource 7 [mem 0x0c000000-0xfebfffff window]
[    1.144897] pci_bus 0000:00: resource 8 [mem 0x100000000-0x17fffffff window]
[    1.145953] pci 0000:00:01.0: PIIX3: Enabling Passive Release
[    1.146159] pci 0000:00:00.0: Limiting direct PCI/PCI transfers
[    1.146419] PCI: CLS 0 bytes, default 64
[    1.151123] Initialise system trusted keyrings
[    1.158717] Unpacking initramfs...
[    1.175685] workingset: timestamp_bits=40 max_order=16 bucket_order=0
[    1.179547] Key type asymmetric registered
[    1.179722] Asymmetric key parser 'x509' registered
[    1.180229] Block layer SCSI generic (bsg) driver version 0.4 loaded (major 247)
[    1.191145] io scheduler mq-deadline registered
[    1.191395] io scheduler kyber registered
[    1.191774] io scheduler bfq registered
[    1.196595] ERST DBG: ERST support is disabled.
[    1.291862] ACPI: \_SB_.LNKC: Enabled at IRQ 11
[    1.416429] Serial: 8250/16550 driver, 4 ports, IRQ sharing enabled
[    1.420288] 00:04: ttyS0 at I/O 0x3f8 (irq = 4, base_baud = 115200) is a 16550A
[    1.430667] VMware PVSCSI driver - version 1.0.7.0-k
[    1.444458] scsi host0: ata_piix
[    1.466473] scsi host1: ata_piix
[    1.468169] ata1: PATA max MWDMA2 cmd 0x1f0 ctl 0x3f6 bmdma 0xc080 irq 14 lpm-pol 0
[    1.468384] ata2: PATA max MWDMA2 cmd 0x170 ctl 0x376 bmdma 0xc088 irq 15 lpm-pol 0
[    1.469728] hv_vmbus: registering driver hv_netvsc
[    1.470923] i8042: PNP: PS/2 Controller [PNP0303:KBD,PNP0f13:MOU] at 0x60,0x64 irq 1,12
[    1.474560] serio: i8042 KBD port at 0x60,0x64 irq 1
[    1.474897] serio: i8042 AUX port at 0x60,0x64 irq 12
[    1.475209] hv_vmbus: registering driver hyperv_keyboard
[    1.476350] rtc_cmos PNP0B00:00: RTC can wake from S4
[    1.483729] input: AT Translated Set 2 keyboard as /devices/platform/i8042/serio0/input/input0
[    1.502370] rtc_cmos PNP0B00:00: registered as rtc0
[    1.503155] rtc_cmos PNP0B00:00: setting system clock to 2026-09-23T22:48:49 UTC (1790203729)
[    1.504104] rtc_cmos PNP0B00:00: alarms up to one day, y3k, 242 bytes nvram, hpet irqs
[    1.504509] amd_pstate: the _CPC object is not present in SBIOS or ACPI disabled
[    1.512883] gre: GRE over IPv4 demultiplexer driver
[    1.514007] NET: Registered PF_INET6 protocol family
[    1.528496] Segment Routing with IPv6
[    1.528895] In-situ OAM (IOAM) with IPv6
[    1.548902] Key type dns_resolver registered
[    1.550277] IPI shorthand broadcast: enabled
[    1.563153] sched_clock: Marking stable (1529040663, 33620707)->(1614172955, -51511585)
[    1.606089] registered taskstats version 1
[    1.608953] Loading compiled-in X.509 certificates
[    1.657965] ata2: found unknown device (class 0)
[    1.668823] ata2.00: ATAPI: QEMU DVD-ROM, 2.5+, max UDMA/100
[    1.699796] scsi 1:0:0:0: CD-ROM            QEMU     QEMU DVD-ROM     2.5+ PQ: 0 ANSI: 5
[    1.945163] Freeing initrd memory: 10984K
[    2.108508] Loaded X.509 cert 'alpinelinux.org: Alpine Linux kernel key: d76a695f66ad9cd28f5c22a8508f36e91f521f7a'
[    2.125867] Demotion targets for Node 0: null
[    2.127266] Key type .fscrypt registered
[    2.127344] Key type fscrypt-provisioning registered
[    2.229179] Freeing unused kernel image (initmem) memory: 3008K
[    2.229741] Write protecting the kernel read-only data: 26624k
[    2.232259] Freeing unused kernel image (text/rodata gap) memory: 1692K
[    2.232729] Freeing unused kernel image (rodata/data gap) memory: 368K
[    2.233451] rodata_test: all tests were successful
[    2.233774] Run /init as init process
[    2.234467] tsc: Refined TSC clocksource calibration: 2596.090 MHz
[    2.235023] clocksource: tsc: mask: 0xffffffffffffffff max_cycles: 0x256bce70c76, max_idle_ns: 440795249075 ns
[    2.235298] clocksource: Switched to clocksource tsc
CFMD_MININIT_BEGIN
CFMD_ARGS mode=arm cut=after-manifest-directory-sync
[    2.534209] virtio_blk virtio0: 1/0/0 default/read/poll queues
[    2.542769] virtio_blk virtio0: [vda] 1048576 512-byte logical blocks (537 MB/512 MiB)
[    3.105030] EXT4-fs (vda): 1 orphan inode deleted
[    3.105261] EXT4-fs (vda): recovery complete
[    3.116244] EXT4-fs (vda): mounted filesystem 632c2322-b79e-11f1-80e3-d1c9cdf3a3a0 r/w with ordered data mode. Quota mode: none.
CFMD_MOUNT_RC=0
25 1 253:0 / /mnt/cfmd rw,relatime - ext4 /dev/vda rw,data=ordered
PROFILE_OK profile=LinuxExt4Ordered kernel=6.18.52-0-virt fs=ext4 source=/dev/vda options=["rw", "relatime"]/["rw", "data=ordered"]
ARMED cut=after-manifest-directory-sync
HOST_ARMED_SEEN elapsed=4.227; HARD_POWER_CUT=SIGKILL_QEMU

HOST_OUTCOME=HARD_CUT_SENT ELAPSED=4.231 EXIT=-9
