HOST_QEMU_PID=19468 MODE=verify CUT=after-manifest-rename START=1790203689.2643986
c[?7l[2J[0mSeaBIOS (version 1.16.3-debian-1.16.3-2)
Booting from ROM...
c[?7l[2J[    0.000000] Linux version 6.18.52-0-virt (buildozer@build-3-24-x86_64) (cc (Alpine 15.2.0) 15.2.0, GNU ld (GNU Binutils) 2.45.1) #1-Alpine SMP PREEMPT_DYNAMIC 2026-09-15 05:37:48
[    0.000000] Command line: console=ttyS0,115200 cfmd_mode=verify cfmd_cut=after-manifest-rename
[    0.000000] BIOS-provided physical RAM map:
[    0.000000] BIOS-e820: [mem 0x0000000000000000-0x000000000009fbff] usable
[    0.000000] BIOS-e820: [mem 0x000000000009fc00-0x000000000009ffff] reserved
[    0.000000] BIOS-e820: [mem 0x00000000000f0000-0x00000000000fffff] reserved
[    0.000000] BIOS-e820: [mem 0x0000000000100000-0x000000000bfdcfff] usable
[    0.000000] BIOS-e820: [mem 0x000000000bfdd000-0x000000000bffffff] reserved
[    0.000000] BIOS-e820: [mem 0x00000000fffc0000-0x00000000ffffffff] reserved
[    0.000000] BIOS-e820: [mem 0x000000fd00000000-0x000000ffffffffff] reserved
[    0.000000] NX (Execute Disable) protection: active
[    0.000000] APIC: Static calls initialized
[    0.000000] SMBIOS 3.0.0 present.
[    0.000000] DMI: QEMU Ubuntu 24.04 PC v2 (i440FX + PIIX, arch_caps fix, 1996), BIOS 1.16.3-debian-1.16.3-2 04/01/2014
[    0.000000] DMI: Memory slots populated: 1/1
[    0.000000] tsc: Fast TSC calibration using PIT
[    0.000000] tsc: Detected 2596.130 MHz processor
[    0.007638] last_pfn = 0xbfdd max_arch_pfn = 0x400000000
[    0.008348] MTRR map: 4 entries (3 fixed + 1 variable; max 19), built from 8 variable MTRRs
[    0.008540] x86/PAT: Configuration [0-7]: WB  WC  UC- UC  WB  WP  UC- WT  
[    0.024622] found SMP MP-table at [mem 0x000f5480-0x000f548f]
[    0.029950] RAMDISK: [mem 0x0b516000-0x0bfcffff]
[    0.030190] ACPI: Early table checksum verification disabled
[    0.030566] ACPI: RSDP 0x00000000000F5290 000014 (v00 BOCHS )
[    0.030831] ACPI: RSDT 0x000000000BFE1C52 000034 (v01 BOCHS  BXPC     00000001 BXPC 00000001)
[    0.031315] ACPI: FACP 0x000000000BFE1B06 000074 (v01 BOCHS  BXPC     00000001 BXPC 00000001)
[    0.031778] ACPI: DSDT 0x000000000BFE0040 001AC6 (v01 BOCHS  BXPC     00000001 BXPC 00000001)
[    0.031830] ACPI: FACS 0x000000000BFE0000 000040
[    0.031877] ACPI: APIC 0x000000000BFE1B7A 000078 (v03 BOCHS  BXPC     00000001 BXPC 00000001)
[    0.031906] ACPI: HPET 0x000000000BFE1BF2 000038 (v01 BOCHS  BXPC     00000001 BXPC 00000001)
[    0.031921] ACPI: WAET 0x000000000BFE1C2A 000028 (v01 BOCHS  BXPC     00000001 BXPC 00000001)
[    0.032086] ACPI: Reserving FACP table memory at [mem 0xbfe1b06-0xbfe1b79]
[    0.032116] ACPI: Reserving DSDT table memory at [mem 0xbfe0040-0xbfe1b05]
[    0.032122] ACPI: Reserving FACS table memory at [mem 0xbfe0000-0xbfe003f]
[    0.032127] ACPI: Reserving APIC table memory at [mem 0xbfe1b7a-0xbfe1bf1]
[    0.032132] ACPI: Reserving HPET table memory at [mem 0xbfe1bf2-0xbfe1c29]
[    0.032136] ACPI: Reserving WAET table memory at [mem 0xbfe1c2a-0xbfe1c51]
[    0.034708] No NUMA configuration found
[    0.034727] Faking a node at [mem 0x0000000000000000-0x000000000bfdcfff]
[    0.035440] NODE_DATA(0) allocated [mem 0x0bfd8d40-0x0bfdcfff]
[    0.037690] Zone ranges:
[    0.037713]   DMA      [mem 0x0000000000001000-0x0000000000ffffff]
[    0.037775]   DMA32    [mem 0x0000000001000000-0x000000000bfdcfff]
[    0.037783]   Normal   empty
[    0.037805] Movable zone start for each node
[    0.037836] Early memory node ranges
[    0.037861]   node   0: [mem 0x0000000000001000-0x000000000009efff]
[    0.038025]   node   0: [mem 0x0000000000100000-0x000000000bfdcfff]
[    0.038144] Initmem setup node 0 [mem 0x0000000000001000-0x000000000bfdcfff]
[    0.044357] On node 0, zone DMA: 1 pages in unavailable ranges
[    0.044576] On node 0, zone DMA: 97 pages in unavailable ranges
[    0.050933] On node 0, zone DMA32: 16419 pages in unavailable ranges
[    0.051477] ACPI: PM-Timer IO Port: 0x608
[    0.051925] ACPI: LAPIC_NMI (acpi_id[0xff] dfl dfl lint[0x1])
[    0.052379] IOAPIC[0]: apic_id 0, version 32, address 0xfec00000, GSI 0-23
[    0.052499] ACPI: INT_SRC_OVR (bus 0 bus_irq 0 global_irq 2 dfl dfl)
[    0.052755] ACPI: INT_SRC_OVR (bus 0 bus_irq 5 global_irq 5 high level)
[    0.052798] ACPI: INT_SRC_OVR (bus 0 bus_irq 9 global_irq 9 high level)
[    0.052899] ACPI: INT_SRC_OVR (bus 0 bus_irq 10 global_irq 10 high level)
[    0.052906] ACPI: INT_SRC_OVR (bus 0 bus_irq 11 global_irq 11 high level)
[    0.053171] ACPI: Using ACPI (MADT) for SMP configuration information
[    0.053219] ACPI: HPET id: 0x8086a201 base: 0xfed00000
[    0.053606] CPU topo: Max. logical packages:   1
[    0.053616] CPU topo: Max. logical dies:       1
[    0.053623] CPU topo: Max. dies per package:   1
[    0.053665] CPU topo: Max. threads per core:   1
[    0.053782] CPU topo: Num. cores per package:     1
[    0.053793] CPU topo: Num. threads per package:   1
[    0.053800] CPU topo: Allowing 1 present CPUs plus 0 hotplug CPUs
[    0.054753] [mem 0x0c000000-0xfffbffff] available for PCI devices
[    0.054815] Booting paravirtualized kernel on bare hardware
[    0.055053] clocksource: refined-jiffies: mask: 0xffffffff max_cycles: 0xffffffff, max_idle_ns: 1910969940391419 ns
[    0.065875] setup_percpu: NR_CPUS:256 nr_cpumask_bits:1 nr_cpu_ids:1 nr_node_ids:1
[    0.078842] percpu: Embedded 55 pages/cpu s186200 r8192 d30888 u2097152
[    0.086148] Kernel command line: console=ttyS0,115200 cfmd_mode=verify cfmd_cut=after-manifest-rename
[    0.087920] Unknown kernel command line parameters "cfmd_mode=verify cfmd_cut=after-manifest-rename", will be passed to user space.
[    0.088228] printk: log buffer data + meta data: 131072 + 458752 = 589824 bytes
[    0.088494] Dentry cache hash table entries: 32768 (order: 6, 262144 bytes, linear)
[    0.088626] Inode-cache hash table entries: 16384 (order: 5, 131072 bytes, linear)
[    0.091329] Fallback order for Node 0: 0 
[    0.091661] Built 1 zonelists, mobility grouping on.  Total pages: 49019
[    0.091679] Policy zone: DMA32
[    0.097460] mem auto-init: stack:all(zero), heap alloc:on, heap free:off
[    0.142048] SLUB: HWalign=64, Order=0-3, MinObjects=0, CPUs=1, Nodes=1
[    0.154651] Dynamic Preempt: none
[    0.168861] rcu: Preemptible hierarchical RCU implementation.
[    0.168901] rcu: 	RCU restricting CPUs from NR_CPUS=256 to nr_cpu_ids=1.
[    0.169120] 	Trampoline variant of Tasks RCU enabled.
[    0.169133] 	Tracing variant of Tasks RCU enabled.
[    0.169226] rcu: RCU calculated value of scheduler-enlistment delay is 100 jiffies.
[    0.169254] rcu: Adjusting geometry for rcu_fanout_leaf=16, nr_cpu_ids=1
[    0.170349] RCU Tasks: Setting shift to 0 and lim to 1 rcu_task_cb_adjust=1 rcu_task_cpu_ids=1.
[    0.170373] RCU Tasks Trace: Setting shift to 0 and lim to 1 rcu_task_cb_adjust=1 rcu_task_cpu_ids=1.
[    0.209023] NR_IRQS: 16640, nr_irqs: 256, preallocated irqs: 16
[    0.218123] rcu: srcu_init: Setting srcu_struct sizes based on contention.
[    0.218723] clocksource: jiffies: mask: 0xffffffff max_cycles: 0xffffffff, max_idle_ns: 1911260446275000 ns
[    0.223371] kfence: initialized - using 2097152 bytes for 255 objects at 0x(____ptrval____)-0x(____ptrval____)
[    0.228679] Console: colour VGA+ 80x25
[    0.230381] printk: legacy console [ttyS0] enabled
[    0.244285] ACPI: Core revision 20250807
[    0.249043] clocksource: hpet: mask: 0xffffffff max_cycles: 0xffffffff, max_idle_ns: 19112604467 ns
[    0.251036] APIC: Switch to symmetric I/O mode setup
[    0.257950] ..TIMER: vector=0x30 apic1=0 pin1=2 apic2=-1 pin2=-1
[    0.263706] clocksource: tsc-early: mask: 0xffffffffffffffff max_cycles: 0x256bf463c9f, max_idle_ns: 440795249076 ns
[    0.265116] Calibrating delay loop (skipped), value calculated using timer frequency.. 5192.26 BogoMIPS (lpj=2596130)
[    0.266942] Last level iTLB entries: 4KB 512, 2MB 255, 4MB 127
[    0.267093] Last level dTLB entries: 4KB 512, 2MB 255, 4MB 127, 1GB 0
[    0.267438] mitigations: Enabled attack vectors: user_kernel, user_user, guest_host, guest_guest, SMT mitigations: auto
[    0.268121] Spectre V2 : Mitigation: Retpolines
[    0.268357] Spectre V1 : Mitigation: usercopy/swapgs barriers and __user pointer sanitization
[    0.268579] Spectre V2 : Spectre v2 / SpectreRSB: Filling RSB on context switch and VMEXIT
[    0.269477] x86/fpu: x87 FPU will use FXSAVE
[    0.607048] Freeing SMP alternatives memory: 40K
[    0.608343] pid_max: default: 32768 minimum: 301
[    0.617904] LSM: initializing lsm=lockdown,capability,landlock,yama
[    0.622399] landlock: Up and running.
[    0.622488] Yama: becoming mindful.
[    0.625739] Mount-cache hash table entries: 512 (order: 0, 4096 bytes, linear)
[    0.625916] Mountpoint-cache hash table entries: 512 (order: 0, 4096 bytes, linear)
[    0.763979] smpboot: CPU0: AMD QEMU Virtual CPU version 2.5+ (family: 0xf, model: 0x6b, stepping: 0x1)
[    0.777035] Performance Events: PMU not available due to virtualization, using software events only.
[    0.778140] signal: max sigframe size: 1440
[    0.779933] rcu: Hierarchical SRCU implementation.
[    0.780027] rcu: 	Max phase no-delay instances is 400.
[    0.786434] NMI watchdog: Perf NMI watchdog permanently disabled
[    0.789868] smp: Bringing up secondary CPUs ...
[    0.792324] smp: Brought up 1 node, 1 CPU
[    0.792524] smpboot: Total of 1 processors activated (5192.26 BogoMIPS)
[    0.798653] Memory: 137828K/196076K available (14690K kernel code, 2033K rwdata, 9872K rodata, 3008K init, 1148K bss, 55612K reserved, 0K cma-reserved)
[    0.805926] devtmpfs: initialized
[    0.809583] x86/mm: Memory block size: 128MB
[    0.817606] posixtimers hash table entries: 512 (order: 1, 8192 bytes, linear)
[    0.818036] futex hash table entries: 256 (16384 bytes on 1 NUMA nodes, total 16 KiB, linear).
[    0.838372] NET: Registered PF_NETLINK/PF_ROUTE protocol family
[    0.841517] audit: initializing netlink subsys (disabled)
[    0.846667] thermal_sys: Registered thermal governor 'step_wise'
[    0.847427] audit: type=2000 audit(1790203690.589:1): state=initialized audit_enabled=0 res=1
[    0.848022] cpuidle: using governor ladder
[    0.848188] cpuidle: using governor menu
[    0.849758] acpiphp: ACPI Hot Plug PCI Controller Driver version: 0.5
[    0.853474] PCI: Using configuration type 1 for base access
[    0.857090] kprobes: kprobe jump-optimization is enabled. All kprobes are optimized if possible.
[    0.861381] HugeTLB: registered 2.00 MiB page size, pre-allocated 0 pages
[    0.861494] HugeTLB: 28 KiB vmemmap can be freed for a 2.00 MiB page
[    0.884093] ACPI: Added _OSI(Module Device)
[    0.884212] ACPI: Added _OSI(Processor Device)
[    0.884265] ACPI: Added _OSI(Processor Aggregator Device)
[    0.896864] ACPI: 1 ACPI AML tables successfully acquired and loaded
[    0.940425] ACPI: Interpreter enabled
[    0.942105] ACPI: PM: (supports S0 S3 S5)
[    0.942257] ACPI: Using IOAPIC for interrupt routing
[    0.942840] PCI: Using host bridge windows from ACPI; if necessary, use "pci=nocrs" and report a bug
[    0.942994] PCI: Using E820 reservations for host bridge windows
[    0.944380] ACPI: Enabled 2 GPEs in block 00 to 0F
[    1.006229] ACPI: PCI Root Bridge [PCI0] (domain 0000 [bus 00-ff])
[    1.007436] acpi PNP0A03:00: _OSC: OS supports [ASPM ClockPM Segments MSI HPX-Type3]
[    1.007666] acpi PNP0A03:00: _OSC: not requesting OS control; OS requires [ExtendedConfig ASPM ClockPM MSI]
[    1.008509] acpi PNP0A03:00: fail to add MMCONFIG information, can't access extended configuration space under this bridge
[    1.014819] acpiphp: Slot [3] registered
[    1.015047] acpiphp: Slot [4] registered
[    1.015169] acpiphp: Slot [5] registered
[    1.015264] acpiphp: Slot [6] registered
[    1.015623] acpiphp: Slot [7] registered
[    1.015743] acpiphp: Slot [8] registered
[    1.015900] acpiphp: Slot [9] registered
[    1.016059] acpiphp: Slot [10] registered
[    1.016156] acpiphp: Slot [11] registered
[    1.016327] acpiphp: Slot [12] registered
[    1.016512] acpiphp: Slot [13] registered
[    1.016605] acpiphp: Slot [14] registered
[    1.016690] acpiphp: Slot [15] registered
[    1.016901] acpiphp: Slot [16] registered
[    1.017043] acpiphp: Slot [17] registered
[    1.017135] acpiphp: Slot [18] registered
[    1.017237] acpiphp: Slot [19] registered
[    1.017370] acpiphp: Slot [20] registered
[    1.017538] acpiphp: Slot [21] registered
[    1.017637] acpiphp: Slot [22] registered
[    1.017720] acpiphp: Slot [23] registered
[    1.017799] acpiphp: Slot [24] registered
[    1.017881] acpiphp: Slot [25] registered
[    1.017992] acpiphp: Slot [26] registered
[    1.018108] acpiphp: Slot [27] registered
[    1.018217] acpiphp: Slot [28] registered
[    1.018332] acpiphp: Slot [29] registered
[    1.018418] acpiphp: Slot [30] registered
[    1.018573] acpiphp: Slot [31] registered
[    1.018950] PCI host bridge to bus 0000:00
[    1.019306] pci_bus 0000:00: root bus resource [io  0x0000-0x0cf7 window]
[    1.019586] pci_bus 0000:00: root bus resource [io  0x0d00-0xffff window]
[    1.019649] pci_bus 0000:00: root bus resource [mem 0x000a0000-0x000bffff window]
[    1.019741] pci_bus 0000:00: root bus resource [mem 0x0c000000-0xfebfffff window]
[    1.019875] pci_bus 0000:00: root bus resource [mem 0x100000000-0x17fffffff window]
[    1.020197] pci_bus 0000:00: root bus resource [bus 00-ff]
[    1.021647] pci 0000:00:00.0: [8086:1237] type 00 class 0x060000 conventional PCI endpoint
[    1.028432] pci 0000:00:01.0: [8086:7000] type 00 class 0x060100 conventional PCI endpoint
[    1.029626] pci 0000:00:01.1: [8086:7010] type 00 class 0x010180 conventional PCI endpoint
[    1.030389] pci 0000:00:01.1: BAR 4 [io  0xc080-0xc08f]
[    1.030626] pci 0000:00:01.1: BAR 0 [io  0x01f0-0x01f7]: legacy IDE quirk
[    1.030716] pci 0000:00:01.1: BAR 1 [io  0x03f6]: legacy IDE quirk
[    1.031017] pci 0000:00:01.1: BAR 2 [io  0x0170-0x0177]: legacy IDE quirk
[    1.031097] pci 0000:00:01.1: BAR 3 [io  0x0376]: legacy IDE quirk
[    1.031795] pci 0000:00:01.3: [8086:7113] type 00 class 0x068000 conventional PCI endpoint
[    1.032528] pci 0000:00:01.3: quirk: [io  0x0600-0x063f] claimed by PIIX4 ACPI
[    1.032693] pci 0000:00:01.3: quirk: [io  0x0700-0x070f] claimed by PIIX4 SMB
[    1.033544] pci 0000:00:02.0: [1234:1111] type 00 class 0x030000 conventional PCI endpoint
[    1.034440] pci 0000:00:02.0: BAR 0 [mem 0xfd000000-0xfdffffff pref]
[    1.034579] pci 0000:00:02.0: BAR 2 [mem 0xfebf0000-0xfebf0fff]
[    1.034647] pci 0000:00:02.0: ROM [mem 0xfebe0000-0xfebeffff pref]
[    1.035082] pci 0000:00:02.0: Video device with shadowed ROM at [mem 0x000c0000-0x000dffff]
[    1.035877] pci 0000:00:03.0: [1af4:1001] type 00 class 0x010000 conventional PCI endpoint
[    1.037081] pci 0000:00:03.0: BAR 0 [io  0xc000-0xc07f]
[    1.037177] pci 0000:00:03.0: BAR 1 [mem 0xfebf1000-0xfebf1fff]
[    1.037281] pci 0000:00:03.0: BAR 4 [mem 0xfe000000-0xfe003fff 64bit pref]
[    1.047050] ACPI: PCI: Interrupt link LNKA configured for IRQ 10
[    1.047744] ACPI: PCI: Interrupt link LNKB configured for IRQ 10
[    1.048139] ACPI: PCI: Interrupt link LNKC configured for IRQ 11
[    1.048618] ACPI: PCI: Interrupt link LNKD configured for IRQ 11
[    1.048798] ACPI: PCI: Interrupt link LNKS configured for IRQ 9
[    1.053139] iommu: Default domain type: Translated
[    1.053250] iommu: DMA domain TLB invalidation policy: lazy mode
[    1.057125] SCSI subsystem initialized
[    1.058887] pps_core: LinuxPPS API ver. 1 registered
[    1.059001] pps_core: Software ver. 5.3.6 - Copyright 2005-2007 Rodolfo Giometti <giometti@linux.it>
[    1.059278] PTP clock support registered
[    1.070825] PCI: Using ACPI for IRQ routing
[    1.075167] hpet: 3 channels of 0 reserved for per-cpu timers
[    1.077109] clocksource: Switched to clocksource tsc-early
[    1.092753] VFS: Disk quotas dquot_6.6.0
[    1.093153] VFS: Dquot-cache hash table entries: 512 (order 0, 4096 bytes)
[    1.108779] pnp: PnP ACPI init
[    1.113834] pnp: PnP ACPI: found 5 devices
[    1.143789] clocksource: acpi_pm: mask: 0xffffff max_cycles: 0xffffff, max_idle_ns: 2085701024 ns
[    1.145490] NET: Registered PF_INET protocol family
[    1.146790] IP idents hash table entries: 4096 (order: 3, 32768 bytes, linear)
[    1.210080] tcp_listen_portaddr_hash hash table entries: 256 (order: 0, 4096 bytes, linear)
[    1.210418] Table-perturb hash table entries: 65536 (order: 6, 262144 bytes, linear)
[    1.210613] TCP established hash table entries: 2048 (order: 2, 16384 bytes, linear)
[    1.211110] TCP bind hash table entries: 2048 (order: 4, 65536 bytes, linear)
[    1.211352] TCP: Hash tables configured (established 2048 bind 2048)
[    1.219764] MPTCP token hash table entries: 256 (order: 1, 6144 bytes, linear)
[    1.220178] UDP hash table entries: 256 (order: 2, 16384 bytes, linear)
[    1.220503] UDP-Lite hash table entries: 256 (order: 2, 16384 bytes, linear)
[    1.222275] NET: Registered PF_UNIX/PF_LOCAL protocol family
[    1.222825] NET: Registered PF_XDP protocol family
[    1.223738] pci_bus 0000:00: resource 4 [io  0x0000-0x0cf7 window]
[    1.223836] pci_bus 0000:00: resource 5 [io  0x0d00-0xffff window]
[    1.223896] pci_bus 0000:00: resource 6 [mem 0x000a0000-0x000bffff window]
[    1.223961] pci_bus 0000:00: resource 7 [mem 0x0c000000-0xfebfffff window]
[    1.224022] pci_bus 0000:00: resource 8 [mem 0x100000000-0x17fffffff window]
[    1.224741] pci 0000:00:01.0: PIIX3: Enabling Passive Release
[    1.225006] pci 0000:00:00.0: Limiting direct PCI/PCI transfers
[    1.225231] PCI: CLS 0 bytes, default 64
[    1.230884] Initialise system trusted keyrings
[    1.245311] Unpacking initramfs...
[    1.260024] workingset: timestamp_bits=40 max_order=16 bucket_order=0
[    1.265308] Key type asymmetric registered
[    1.265469] Asymmetric key parser 'x509' registered
[    1.266148] Block layer SCSI generic (bsg) driver version 0.4 loaded (major 247)
[    1.284585] io scheduler mq-deadline registered
[    1.284743] io scheduler kyber registered
[    1.285072] io scheduler bfq registered
[    1.296926] ERST DBG: ERST support is disabled.
[    1.396825] ACPI: \_SB_.LNKC: Enabled at IRQ 11
[    1.524854] Serial: 8250/16550 driver, 4 ports, IRQ sharing enabled
[    1.528874] 00:04: ttyS0 at I/O 0x3f8 (irq = 4, base_baud = 115200) is a 16550A
[    1.548004] VMware PVSCSI driver - version 1.0.7.0-k
[    1.569305] scsi host0: ata_piix
[    1.592196] scsi host1: ata_piix
[    1.593064] ata1: PATA max MWDMA2 cmd 0x1f0 ctl 0x3f6 bmdma 0xc080 irq 14 lpm-pol 0
[    1.593221] ata2: PATA max MWDMA2 cmd 0x170 ctl 0x376 bmdma 0xc088 irq 15 lpm-pol 0
[    1.594346] hv_vmbus: registering driver hv_netvsc
[    1.595513] i8042: PNP: PS/2 Controller [PNP0303:KBD,PNP0f13:MOU] at 0x60,0x64 irq 1,12
[    1.598678] serio: i8042 KBD port at 0x60,0x64 irq 1
[    1.598899] serio: i8042 AUX port at 0x60,0x64 irq 12
[    1.599129] hv_vmbus: registering driver hyperv_keyboard
[    1.600193] rtc_cmos PNP0B00:00: RTC can wake from S4
[    1.605225] input: AT Translated Set 2 keyboard as /devices/platform/i8042/serio0/input/input0
[    1.624213] rtc_cmos PNP0B00:00: registered as rtc0
[    1.624845] rtc_cmos PNP0B00:00: setting system clock to 2026-09-23T22:48:11 UTC (1790203691)
[    1.625840] rtc_cmos PNP0B00:00: alarms up to one day, y3k, 242 bytes nvram, hpet irqs
[    1.626236] amd_pstate: the _CPC object is not present in SBIOS or ACPI disabled
[    1.634389] gre: GRE over IPv4 demultiplexer driver
[    1.635477] NET: Registered PF_INET6 protocol family
[    1.651615] Segment Routing with IPv6
[    1.651864] In-situ OAM (IOAM) with IPv6
[    1.676876] Key type dns_resolver registered
[    1.678212] IPI shorthand broadcast: enabled
[    1.693664] sched_clock: Marking stable (1659035290, 34371954)->(1744806847, -51399603)
[    1.729534] registered taskstats version 1
[    1.732385] Loading compiled-in X.509 certificates
[    1.774219] ata2: found unknown device (class 0)
[    1.784159] ata2.00: ATAPI: QEMU DVD-ROM, 2.5+, max UDMA/100
[    1.811164] scsi 1:0:0:0: CD-ROM            QEMU     QEMU DVD-ROM     2.5+ PQ: 0 ANSI: 5
[    2.061120] Freeing initrd memory: 10984K
[    2.232629] Loaded X.509 cert 'alpinelinux.org: Alpine Linux kernel key: d76a695f66ad9cd28f5c22a8508f36e91f521f7a'
[    2.250287] Demotion targets for Node 0: null
[    2.252161] Key type .fscrypt registered
[    2.252256] Key type fscrypt-provisioning registered
[    2.277349] tsc: Refined TSC clocksource calibration: 2596.090 MHz
[    2.277867] clocksource: tsc: mask: 0xffffffffffffffff max_cycles: 0x256bce70c76, max_idle_ns: 440795249075 ns
[    2.278248] clocksource: Switched to clocksource tsc
[    2.352083] Freeing unused kernel image (initmem) memory: 3008K
[    2.352621] Write protecting the kernel read-only data: 26624k
[    2.355064] Freeing unused kernel image (text/rodata gap) memory: 1692K
[    2.355625] Freeing unused kernel image (rodata/data gap) memory: 368K
[    2.356143] rodata_test: all tests were successful
[    2.356383] Run /init as init process
CFMD_MININIT_BEGIN
CFMD_ARGS mode=verify cut=after-manifest-rename
[    2.661271] virtio_blk virtio0: 1/0/0 default/read/poll queues
[    2.670679] virtio_blk virtio0: [vda] 1048576 512-byte logical blocks (537 MB/512 MiB)
[    3.232628] EXT4-fs (vda): recovery complete
[    3.234314] EXT4-fs (vda): mounted filesystem 632c2322-b79e-11f1-80e3-d1c9cdf3a3a0 r/w with ordered data mode. Quota mode: none.
CFMD_MOUNT_RC=0
25 1 253:0 / /mnt/cfmd rw,relatime - ext4 /dev/vda rw,data=ordered
PROFILE_OK profile=LinuxExt4Ordered kernel=6.18.52-0-virt fs=ext4 source=/dev/vda options=["rw", "relatime"]/["rw", "data=ordered"]
DESTRUCTIVE_CASE_PASS cut=after-manifest-rename
HOST_OUTCOME=PASS ELAPSED=4.315 EXIT=-9
