    Checking kernel-identity v0.1.0 (/mnt/data/cfmd_workspace_pass44/crates/kernel-identity)
    Checking kernel-retention v0.1.0 (/mnt/data/cfmd_workspace_pass44/crates/kernel-retention)
    Checking kernel-query v0.1.0 (/mnt/data/cfmd_workspace_pass44/crates/kernel-query)
    Checking kernel-plan v0.1.0 (/mnt/data/cfmd_workspace_pass44/crates/kernel-plan)
    Checking kernel-transport v0.1.0 (/mnt/data/cfmd_workspace_pass44/crates/kernel-transport)
    Checking storage-memory v0.1.0 (/mnt/data/cfmd_workspace_pass44/crates/storage-memory)
    Checking kernel-durability v0.1.0 (/mnt/data/cfmd_workspace_pass44/crates/kernel-durability)
    Checking kernel-revision v0.1.0 (/mnt/data/cfmd_workspace_pass44/crates/kernel-revision)
    Checking kernel-integration v0.1.0 (/mnt/data/cfmd_workspace_pass44/crates/kernel-integration)
    Checking kernel-validation v0.1.0 (/mnt/data/cfmd_workspace_pass44/crates/kernel-validation)
    Checking kernel-fixpoint v0.1.0 (/mnt/data/cfmd_workspace_pass44/crates/kernel-fixpoint)
    Checking kernel-semantics v0.1.0 (/mnt/data/cfmd_workspace_pass44/crates/kernel-semantics)
    Checking kernel-lens v0.1.0 (/mnt/data/cfmd_workspace_pass44/crates/kernel-lens)
    Checking kernel-model v0.1.0 (/mnt/data/cfmd_workspace_pass44/crates/kernel-model)
    Checking kernel-semantic-index v0.1.0 (/mnt/data/cfmd_workspace_pass44/crates/kernel-semantic-index)
    Checking kernel-schema v0.1.0 (/mnt/data/cfmd_workspace_pass44/crates/kernel-schema)
    Checking kernel-lifecycle v0.1.0 (/mnt/data/cfmd_workspace_pass44/crates/kernel-lifecycle)
    Checking kernel-aggregate v0.1.0 (/mnt/data/cfmd_workspace_pass44/crates/kernel-aggregate)
    Checking kernel-types v0.1.0 (/mnt/data/cfmd_workspace_pass44/crates/kernel-types)
    Checking kernel-proof v0.1.0 (/mnt/data/cfmd_workspace_pass44/crates/kernel-proof)
    Checking kernel-change v0.1.0 (/mnt/data/cfmd_workspace_pass44/crates/kernel-change)
    Finished `dev` profile [unoptimized + debuginfo] target(s) in 1.46s
