 Documenting kernel-query v0.1.0 (/mnt/data/cfmd_workspace_pass44/crates/kernel-query)
 Documenting kernel-revision v0.1.0 (/mnt/data/cfmd_workspace_pass44/crates/kernel-revision)
 Documenting kernel-integration v0.1.0 (/mnt/data/cfmd_workspace_pass44/crates/kernel-integration)
 Documenting storage-memory v0.1.0 (/mnt/data/cfmd_workspace_pass44/crates/storage-memory)
 Documenting kernel-plan v0.1.0 (/mnt/data/cfmd_workspace_pass44/crates/kernel-plan)
 Documenting kernel-transport v0.1.0 (/mnt/data/cfmd_workspace_pass44/crates/kernel-transport)
 Documenting kernel-durability v0.1.0 (/mnt/data/cfmd_workspace_pass44/crates/kernel-durability)
 Documenting kernel-validation v0.1.0 (/mnt/data/cfmd_workspace_pass44/crates/kernel-validation)
 Documenting kernel-semantics v0.1.0 (/mnt/data/cfmd_workspace_pass44/crates/kernel-semantics)
 Documenting kernel-fixpoint v0.1.0 (/mnt/data/cfmd_workspace_pass44/crates/kernel-fixpoint)
 Documenting kernel-lens v0.1.0 (/mnt/data/cfmd_workspace_pass44/crates/kernel-lens)
 Documenting kernel-model v0.1.0 (/mnt/data/cfmd_workspace_pass44/crates/kernel-model)
 Documenting kernel-semantic-index v0.1.0 (/mnt/data/cfmd_workspace_pass44/crates/kernel-semantic-index)
 Documenting kernel-lifecycle v0.1.0 (/mnt/data/cfmd_workspace_pass44/crates/kernel-lifecycle)
 Documenting kernel-schema v0.1.0 (/mnt/data/cfmd_workspace_pass44/crates/kernel-schema)
 Documenting kernel-identity v0.1.0 (/mnt/data/cfmd_workspace_pass44/crates/kernel-identity)
 Documenting kernel-retention v0.1.0 (/mnt/data/cfmd_workspace_pass44/crates/kernel-retention)
 Documenting kernel-types v0.1.0 (/mnt/data/cfmd_workspace_pass44/crates/kernel-types)
 Documenting kernel-change v0.1.0 (/mnt/data/cfmd_workspace_pass44/crates/kernel-change)
 Documenting kernel-aggregate v0.1.0 (/mnt/data/cfmd_workspace_pass44/crates/kernel-aggregate)
 Documenting kernel-proof v0.1.0 (/mnt/data/cfmd_workspace_pass44/crates/kernel-proof)
    Finished `dev` profile [unoptimized + debuginfo] target(s) in 2.04s
   Generated /mnt/data/cfmd_workspace_pass44/target/doc/kernel_aggregate/index.html and 20 other files
