./.pass23_start: OK
./ARCHITECTURE.md: OK
./CFMD_IDEAL_DB_SPEC.md: OK
./Cargo.lock: OK
./Cargo.toml: OK
./IMPLEMENTATION_REPORT.md: OK
./IMPLEMENTATION_REPORT_pass17.md: OK
./IMPLEMENTATION_REPORT_pass18.md: OK
./IMPLEMENTATION_REPORT_pass19.md: OK
./IMPLEMENTATION_REPORT_pass20.md: OK
./IMPLEMENTATION_REPORT_pass21.md: OK
./IMPLEMENTATION_REPORT_pass22.md: OK
./IMPLEMENTATION_REPORT_pass23.md: OK
./IMPLEMENTATION_REPORT_pass24.md: OK
./IMPLEMENTATION_REPORT_pass25.md: OK
./IMPLEMENTATION_REPORT_pass26.md: OK
./IMPLEMENTATION_REPORT_pass27.md: OK
./IMPLEMENTATION_REPORT_pass28.md: OK
./IMPLEMENTATION_REPORT_pass29.md: OK
./IMPLEMENTATION_REPORT_pass30.md: OK
./IMPLEMENTATION_REPORT_pass31.md: OK
./IMPLEMENTATION_REPORT_pass32.md: OK
./IMPLEMENTATION_REPORT_pass33.md: OK
./IMPLEMENTATION_REPORT_pass34.md: OK
./IMPLEMENTATION_REPORT_pass35.md: OK
./IMPLEMENTATION_REPORT_pass36.md: OK
./IMPLEMENTATION_REPORT_pass37.md: OK
./IMPLEMENTATION_REPORT_pass38.md: OK
./IMPLEMENTATION_REPORT_pass39.md: OK
./IMPLEMENTATION_REPORT_pass40.md: OK
./IMPLEMENTATION_REPORT_pass41.md: OK
./IMPLEMENTATION_REPORT_pass42.md: OK
./IMPLEMENTATION_REPORT_pass43.md: OK
./IMPLEMENTATION_REPORT_pass44.md: OK
./PASS02_REPORT.md: OK
./PASS03_REPORT.md: OK
./PASS04_REPORT.md: OK
./PASS05_REPORT.md: OK
./PASS06_REPORT.md: OK
./PASS07_REPORT.md: OK
./PASS08_REPORT.md: OK
./PASS09_REPORT.md: OK
./PASS10_REPORT.md: OK
./PASS11_REPORT.md: OK
./PASS12_BENCH_RAW.txt: OK
./PASS12_MANIFEST.sha256: OK
./PASS12_REPORT.md: OK
./PASS13_MANIFEST.sha256: OK
./PASS13_REPORT.md: OK
./PASS13_RUNTIME_BENCH_RAW_FINAL.txt: OK
./PASS14_MANIFEST.sha256: OK
./PASS14_REPORT.md: OK
./PASS14_RUNTIME_BENCH_FINAL.txt: OK
./PASS14_RUNTIME_BENCH_PINNED.txt: OK
./PASS14_RUNTIME_BENCH_TYPED_I64.txt: OK
./PASS14_RUNTIME_BENCH_TYPED_I64_REPEATS.txt: OK
./PASS14_RUNTIME_BENCH_TYPED_I64_SINGLE_PROJECT.txt: OK
./PASS15_BENCH_REPEATS.txt: OK
./PASS15_INDEXED_JOIN_BENCH.txt: OK
./PASS15_INDEXED_JOIN_BENCH_FINAL.txt: OK
./PASS15_REPORT.md: OK
./PASS15_TYPED_BATCH_BENCH.txt: OK
./PASS15_TYPED_BATCH_BENCH_FINAL.txt: OK
./PASS15_TYPED_BATCH_BENCH_OPT.txt: OK
./PASS16_PERSISTED_INDEX_BENCH.txt: OK
./PASS16_REPORT.md: OK
./PASS17_BENCH_REPEATS.txt: OK
./PASS17_MANIFEST.sha256: OK
./PASS17_PERSISTED_INDEX_BENCH.txt: OK
./PASS17_REPORT.md: OK
./PASS17_SOURCE_DIFF.txt: OK
./PASS18_DELTA_UPDATE_BENCH.txt: OK
./PASS18_DELTA_UPDATE_BENCH_AFTER.txt: OK
./PASS18_DELTA_UPDATE_BENCH_FINAL.txt: OK
./PASS18_DELTA_UPDATE_BENCH_INDEXED.txt: OK
./PASS18_DELTA_UPDATE_BENCH_REPEATS.txt: OK
./PASS18_REPORT.md: OK
./PASS18_SOURCE_DIFF.txt: OK
./PASS19_BENCH_REPEATS.txt: OK
./PASS19_DELTA_UPDATE_BENCH.txt: OK
./PASS19_DELTA_UPDATE_REPEATS.txt: OK
./PASS19_PERSISTED_INDEX_BENCH.txt: OK
./PASS19_REPORT.md: OK
./PASS19_SOURCE_DIFF.txt: OK
./PASS20_REPORT.md: OK
./PASS20_TYPED_BATCH_BENCH_FINAL.txt: OK
./PASS20_TYPED_BATCH_CHAIN_BENCH.txt: OK
./PASS20_TYPED_BATCH_CHAIN_BENCH_DIRECT_RANGE.txt: OK
./PASS20_TYPED_BATCH_CHAIN_BENCH_FINAL.txt: OK
./PASS20_TYPED_BATCH_CHAIN_BENCH_REPEATS.txt: OK
./PASS20_TYPED_BATCH_CHAIN_BENCH_SINGLE_SCAN.txt: OK
./PASS20_TYPED_BATCH_CHAIN_BENCH_SINGLE_SCAN_FAIR.txt: OK
./PASS21_MANIFEST.sha256: OK
./PASS21_REPORT.md: OK
./PASS21_STATEFUL_BATCH_BENCH_20PROC.txt: OK
./PASS21_STATEFUL_BATCH_BENCH_DIAGNOSTIC.txt: OK
./PASS21_STATEFUL_BATCH_BENCH_FINAL.txt: OK
./PASS21_STATEFUL_BATCH_BENCH_REPEATS.txt: OK
./PASS22_MAINTAINED_GROUP_BENCH_FINAL.txt: OK
./PASS22_MANIFEST.sha256: OK
./PASS22_REPORT.md: OK
./PASS23_MAINTAINED_TOP_K_BENCH_FAST1.txt: OK
./PASS23_MAINTAINED_TOP_K_BENCH_FAST2.txt: OK
./PASS23_MAINTAINED_TOP_K_BENCH_FAST3.txt: OK
./PASS23_MAINTAINED_TOP_K_BENCH_FAST4.txt: OK
./PASS23_MAINTAINED_TOP_K_BENCH_FINAL.txt: OK
./PASS23_MAINTAINED_TOP_K_BENCH_INITIAL.txt: OK
./PASS23_MAINTAINED_TOP_K_BENCH_REPEATS.txt: OK
./PASS23_MANIFEST.sha256: OK
./PASS23_REPORT.md: OK
./PASS24_REPORT.md: OK
./PASS24_STATE_TREE_BENCH.txt: OK
./PASS24_STATE_TREE_BENCH_REPEATS.txt: OK
./PASS25_REPORT.md: OK
./PASS25_STATE_TREE_BUILD_BENCH.txt: OK
./PASS25_STATE_TREE_BUILD_BENCH_REPEATS.txt: OK
./PASS26_RECURSIVE_TREE_BENCH.txt: OK
./PASS26_REPORT.md: OK
./PASS27_REPORT.md: OK
./PASS27_SOURCE_DIFF.txt: OK
./PASS27_STORAGE_PLAN_BRIDGE_BENCH_REPEATS.txt: OK
./PASS28_CHANGED_FILES.txt: OK
./PASS28_CLIPPY_AFTER_FIX.log: OK
./PASS28_EXTENDED_GATE.log: OK
./PASS28_FINAL_GATE.log: OK
./PASS28_OVERFLOW_TEST_FINAL.log: OK
./PASS28_RELEASE_CLIPPY_FINAL.log: OK
./PASS28_REPORT.md: OK
./PASS28_RUNTIME_GATE.log: OK
./PASS28_RUNTIME_GATE_AFTER_FIX.log: OK
./PASS28_STATIC_AUDIT.txt: OK
./PASS28_VERIFICATION_REPORT.md: OK
./PASS29_CHANGED_FILES.txt: OK
./PASS29_REPORT.md: OK
./PASS30_CHANGED_FILES.txt: OK
./PASS30_REPORT.md: OK
./PASS30_SOURCE_DIFF.txt: OK
./PASS31_CHANGED_FILES.txt: OK
./PASS31_REPORT.md: OK
./PASS32_CHANGED_FILES.txt: OK
./PASS32_KERNEL_PLAN_DIFF.txt: OK
./PASS32_REPORT.md: OK
./PASS33_REPORT.md: OK
./PASS34_REPORT.md: OK
./PASS35_CHANGED_FILES.txt: OK
./PASS35_CRASH_MATRIX.md: OK
./PASS35_REPORT.md: OK
./PASS35_SOURCE_DIFF.txt: OK
./PASS36_CHANGED_FILES.txt: OK
./PASS36_REPORT.md: OK
./PASS36_SOURCE_DIFF.txt: OK
./PASS37_CHANGED_FILES.txt: OK
./PASS37_REPORT.md: OK
./PASS38_CHANGED_FILES.txt: OK
./PASS38_REPORT.md: OK
./PASS38_SOURCE_DIFF.txt: OK
./PASS39_CHANGED_FILES.txt: OK
./PASS39_REPORT.md: OK
./PASS39_SOURCE_DIFF.txt: OK
./PASS40_CHAIN_LINEAGE_HOSTILE_REVIEW.md: OK
./PASS40_CHANGED_FILES.txt: OK
./PASS40_REPORT.md: OK
./PASS40_SOURCE_DIFF.txt: OK
./PASS41_CHANGED_FILES.txt: OK
./PASS41_REPORT.md: OK
./PASS41_SOURCE_DIFF.txt: OK
./PASS42_CHANGED_FILES.txt: OK
./PASS42_REPORT.md: OK
./PASS42_SOURCE_DIFF.txt: OK
./PASS43_CHANGED_FILES.txt: OK
./PASS43_REPORT.md: OK
./PASS43_SOURCE_DIFF.txt: OK
./PASS44_CHANGED_FILES.txt: OK
./PASS44_REPORT.md: OK
./PASS44_SOURCE_DIFF.txt: OK
./README.md: OK
./SHA256_MANIFEST.txt: OK
./SOURCE_SHA256SUMS.txt: OK
./crates/kernel-aggregate/Cargo.toml: OK
./crates/kernel-aggregate/src/lib.rs: OK
./crates/kernel-change/Cargo.toml: OK
./crates/kernel-change/src/lib.rs: OK
./crates/kernel-durability/Cargo.toml: OK
./crates/kernel-durability/src/checkpoint.rs: OK
./crates/kernel-durability/src/lib.rs: OK
./crates/kernel-durability/src/metadata.rs: OK
./crates/kernel-durability/src/store.rs: OK
./crates/kernel-fixpoint/Cargo.toml: OK
./crates/kernel-fixpoint/src/lib.rs: OK
./crates/kernel-identity/Cargo.toml: OK
./crates/kernel-identity/src/lib.rs: OK
./crates/kernel-integration/Cargo.toml: OK
./crates/kernel-integration/src/lib.rs: OK
./crates/kernel-lens/Cargo.toml: OK
./crates/kernel-lens/src/lib.rs: OK
./crates/kernel-lifecycle/Cargo.toml: OK
./crates/kernel-lifecycle/src/lib.rs: OK
./crates/kernel-model/Cargo.toml: OK
./crates/kernel-model/src/lib.rs: OK
./crates/kernel-plan/Cargo.toml: OK
./crates/kernel-plan/examples/delta_update_bench.rs: OK
./crates/kernel-plan/examples/indexed_join_bench.rs: OK
./crates/kernel-plan/examples/lowering_bench.rs: OK
./crates/kernel-plan/examples/persisted_index_bench.rs: OK
./crates/kernel-plan/examples/physical_exec_bench.rs: OK
./crates/kernel-plan/examples/stateful_batch_bench.rs: OK
./crates/kernel-plan/examples/storage_plan_bridge_bench.rs: OK
./crates/kernel-plan/examples/typed_batch_chain_bench.rs: OK
./crates/kernel-plan/src/lib.rs: OK
./crates/kernel-proof/Cargo.toml: OK
./crates/kernel-proof/src/lib.rs: OK
./crates/kernel-query/Cargo.toml: OK
./crates/kernel-query/examples/maintained_group_bench.rs: OK
./crates/kernel-query/examples/maintained_state_tree_bench.rs: OK
./crates/kernel-query/examples/maintained_top_k_bench.rs: OK
./crates/kernel-query/examples/semantic_index_join_bench.rs: OK
./crates/kernel-query/src/lib.rs: OK
./crates/kernel-retention/Cargo.toml: OK
./crates/kernel-retention/src/lib.rs: OK
./crates/kernel-revision/Cargo.toml: OK
./crates/kernel-revision/src/lib.rs: OK
./crates/kernel-schema/Cargo.toml: OK
./crates/kernel-schema/src/lib.rs: OK
./crates/kernel-semantic-index/Cargo.toml: OK
./crates/kernel-semantic-index/src/lib.rs: OK
./crates/kernel-semantics/Cargo.toml: OK
./crates/kernel-semantics/src/lib.rs: OK
./crates/kernel-transport/Cargo.toml: OK
./crates/kernel-transport/src/lib.rs: OK
./crates/kernel-types/Cargo.toml: OK
./crates/kernel-types/src/lib.rs: OK
./crates/kernel-validation/Cargo.toml: OK
./crates/kernel-validation/src/lib.rs: OK
./crates/storage-memory/Cargo.toml: OK
./crates/storage-memory/src/lib.rs: OK
./evidence/pass28/PASS28_TOOLCHAIN_EVIDENCE.txt: OK
./evidence/pass28/kernel-plan_pass27_to_pass28.patch: OK
./evidence/pass28/kernel-query_pass27_to_pass28.patch: OK
./evidence/pass29/01_fmt.log: OK
./evidence/pass29/01_fmt_final.log: OK
./evidence/pass29/02_check.log: OK
./evidence/pass29/02_check_final.log: OK
./evidence/pass29/03_test_debug.log: OK
./evidence/pass29/03_test_debug_final.log: OK
./evidence/pass29/04_clippy.log: OK
./evidence/pass29/04_clippy_final.log: OK
./evidence/pass29/05_test_release.log: OK
./evidence/pass29/05_test_release_final.log: OK
./evidence/pass29/06_build_release.log: OK
./evidence/pass29/06_build_release_final.log: OK
./evidence/pass29/07_rustdoc.log: OK
./evidence/pass29/07_rustdoc_final.log: OK
./evidence/pass29/08_overflow_release.log: OK
./evidence/pass29/08_overflow_release_final.log: OK
./evidence/pass29/FINAL_VERIFICATION_SUMMARY.txt: OK
./evidence/pass29/SOURCE_HASHES.txt: OK
./evidence/pass29/TOOLCHAIN.txt: OK
./evidence/pass29/TOOLCHAIN_FINAL.txt: OK
./evidence/pass29/VERIFICATION_SUMMARY.txt: OK
./evidence/pass29/kernel-plan_pass28_to_pass29.patch: OK
./evidence/pass30/01_fmt.log: OK
./evidence/pass30/02_check.log: OK
./evidence/pass30/03_test_debug.log: OK
./evidence/pass30/04_clippy.log: OK
./evidence/pass30/05_test_release.log: OK
./evidence/pass30/06_build_release.log: OK
./evidence/pass30/07_rustdoc.log: OK
./evidence/pass30/08_overflow_release.log: OK
./evidence/pass30/FINAL_VERIFICATION_SUMMARY.txt: OK
./evidence/pass30/PASS29_TO_PASS30_SOURCE.patch: OK
./evidence/pass30/SOURCE_HASHES.txt: OK
./evidence/pass30/toolchain.txt: OK
./evidence/pass31/FINAL_VERIFICATION_SUMMARY.txt: OK
./evidence/pass31/MANIFEST_FINAL_VERIFY.txt: OK
./evidence/pass31/MANIFEST_VERIFY.txt: OK
./evidence/pass31/PASS30_TO_PASS31_SOURCE.patch: OK
./evidence/pass31/PASS31_BUILD_DOC_GATE.log: OK
./evidence/pass31/PASS31_DEBUG_GATE.log: OK
./evidence/pass31/PASS31_FINAL_DEBUG_GATE.log: OK
./evidence/pass31/PASS31_FINAL_RELEASE_GATE.log: OK
./evidence/pass31/PASS31_OVERFLOW_RELEASE_TEST.log: OK
./evidence/pass31/PASS31_OVERFLOW_RELEASE_TEST_FINAL.log: OK
./evidence/pass31/PASS31_RELEASE_GATE.log: OK
./evidence/pass31/PASS31_RELEASE_TEST.log: OK
./evidence/pass31/PASS31_STATIC_AUDIT.txt: OK
./evidence/pass31/SOURCE_HASHES.txt: OK
./evidence/pass31/TOOLCHAIN.txt: OK
./evidence/pass32/CARGO_BUILD_RELEASE_FINAL.txt: OK
./evidence/pass32/CARGO_BUILD_RELEASE_FINAL2.txt: OK
./evidence/pass32/CARGO_CHECK.txt: OK
./evidence/pass32/CARGO_CHECK_FINAL.txt: OK
./evidence/pass32/CARGO_CLIPPY.txt: OK
./evidence/pass32/CARGO_CLIPPY_FINAL.txt: OK
./evidence/pass32/CARGO_DOC_STRICT_FINAL.txt: OK
./evidence/pass32/CARGO_DOC_STRICT_FINAL2.txt: OK
./evidence/pass32/CARGO_FMT_CHECK.txt: OK
./evidence/pass32/CARGO_FMT_CHECK_FINAL.txt: OK
./evidence/pass32/CARGO_TEST.txt: OK
./evidence/pass32/CARGO_TEST_FINAL.txt: OK
./evidence/pass32/CARGO_TEST_RELEASE.txt: OK
./evidence/pass32/CARGO_TEST_RELEASE_FINAL.txt: OK
./evidence/pass32/CARGO_TEST_RELEASE_FINAL3.txt: OK
./evidence/pass32/CARGO_TEST_RELEASE_OVERFLOW_FINAL.txt: OK
./evidence/pass32/CARGO_TEST_RELEASE_OVERFLOW_FINAL2.txt: OK
./evidence/pass32/CARGO_TEST_RELEASE_OVERFLOW_FINAL3.txt: OK
./evidence/pass32/FINAL_GATE_SUMMARY.txt: OK
./evidence/pass32/PASS32_STATIC_AUDIT.txt: OK
./evidence/pass32/TOOLCHAIN.txt: OK
./evidence/pass33/STATIC_AUDIT.txt: OK
./evidence/pass33/TOOLCHAIN.txt: OK
./evidence/pass33/debug_gate.log: OK
./evidence/pass33/hostile_pass31/HOSTILE_REPORT.md: OK
./evidence/pass33/hostile_pass31/HOSTILE_REPRO.patch: OK
./evidence/pass33/hostile_pass31/OPEN_LEDGER.md: OK
./evidence/pass33/hostile_pass31/WAL_INTEGRATION_NOTES.md: OK
./evidence/pass33/overflow_release_tests.log: OK
./evidence/pass33/release_build.log: OK
./evidence/pass33/release_tests.log: OK
./evidence/pass33/rustdoc.log: OK
./evidence/pass34/CHANGED_FILES.txt: OK
./evidence/pass34/PASS34_SOURCE_DIFF.txt: OK
./evidence/pass34/VERIFICATION.txt: OK
./evidence/pass35/CRASH_STRESS.log: OK
./evidence/pass36/DURABLE_CONTROL_STRESS.log: OK
./evidence/pass37/PASS37_SOURCE_DIFF.txt: OK
./evidence/pass37/TOOLCHAIN.txt: OK
./evidence/pass37/VERIFICATION.txt: OK
./evidence/pass38/FINAL_GATE.txt: OK
./evidence/pass38/OVERFLOW_RELEASE_TEST.log: OK
./evidence/pass38/RELEASE_TEST.log: OK
./evidence/pass38/STATIC_AUTHORITY_AUDIT.md: OK
./evidence/pass39/CHECK.log: OK
./evidence/pass39/CLIPPY.log: OK
./evidence/pass39/DEBUG_GATE.log: OK
./evidence/pass39/DEBUG_TESTS.log: OK
./evidence/pass39/FMT.log: OK
./evidence/pass39/OVERFLOW_RELEASE_TESTS.log: OK
./evidence/pass39/OVERFLOW_RELEASE_TESTS_FINAL.log: OK
./evidence/pass39/RELEASE_BUILD.log: OK
./evidence/pass39/RELEASE_TESTS.log: OK
./evidence/pass39/RELEASE_TESTS_FINAL.log: OK
./evidence/pass39/RUSTDOC.log: OK
./evidence/pass39/SEMANTIC_INDEX_JOIN_BENCH.log: OK
./evidence/pass39/STATIC_AUDIT.log: OK
./evidence/pass40/CHECK.log: OK
./evidence/pass40/CLIPPY.log: OK
./evidence/pass40/DEBUG_TESTS.log: OK
./evidence/pass40/FINAL_BENCHMARKS.log: OK
./evidence/pass40/FINAL_CHECK.log: OK
./evidence/pass40/FINAL_CLIPPY.log: OK
./evidence/pass40/FINAL_DEBUG_TEST.log: OK
./evidence/pass40/FINAL_FMT.log: OK
./evidence/pass40/FINAL_I64_GROUP_BENCH_7RUN.log: OK
./evidence/pass40/FINAL_OVERFLOW_RELEASE_TEST.log: OK
./evidence/pass40/FINAL_RELEASE_BUILD.log: OK
./evidence/pass40/FINAL_RELEASE_TEST.log: OK
./evidence/pass40/FINAL_RUSTDOC.log: OK
./evidence/pass40/FINAL_STATIC_AUDIT.log: OK
./evidence/pass40/FMT.log: OK
./evidence/pass40/I64_GROUP_BENCH.log: OK
./evidence/pass40/OVERFLOW_RELEASE_TESTS.log: OK
./evidence/pass40/PERSISTED_I64_REFERENCE_BENCH.log: OK
./evidence/pass40/RELEASE_BUILD.log: OK
./evidence/pass40/RELEASE_TESTS.log: OK
./evidence/pass40/RUSTDOC.log: OK
./evidence/pass40/STATIC_AUDIT.log: OK
./evidence/pass41/FINAL_DEBUG_GATE.log: OK
./evidence/pass41/FINAL_OVERFLOW_RELEASE.log: OK
./evidence/pass41/FINAL_RELEASE_BUILD.log: OK
./evidence/pass41/FINAL_RELEASE_TESTS.log: OK
./evidence/pass41/FINAL_RUSTDOC.log: OK
./evidence/pass41/STATEFUL_OPERATOR_BENCH.log: OK
./evidence/pass41/STATIC_AUDIT.txt: OK
./evidence/pass42/FINAL_DEBUG_GATE.log: OK
./evidence/pass42/FINAL_GATE_SUMMARY.txt: OK
./evidence/pass42/FINAL_OVERFLOW_RELEASE.log: OK
./evidence/pass42/FINAL_RELEASE_BUILD.log: OK
./evidence/pass42/FINAL_RELEASE_TESTS.log: OK
./evidence/pass42/FINAL_RUSTDOC.log: OK
./evidence/pass42/STATIC_AUDIT.txt: OK
./evidence/pass42/TARGETED_PASS42_RELEASE.log: OK
./evidence/pass43/01_fmt_check.log: OK
./evidence/pass43/02_check.log: OK
./evidence/pass43/03_test_debug.log: OK
./evidence/pass43/04_clippy.log: OK
./evidence/pass43/05_test_release.log: OK
./evidence/pass43/06_build_release.log: OK
./evidence/pass43/07_rustdoc.log: OK
./evidence/pass43/08_overflow_release.log: OK
./evidence/pass43/09_maintained_group_bench.log: OK
./evidence/pass43/10_maintained_top_k_bench.log: OK
./evidence/pass43/11_semantic_index_join_bench.log: OK
./evidence/pass43/STATIC_AUDIT.txt: OK
./evidence/pass43/TARGETED_PASS43_RELEASE.log: OK
./evidence/pass44/01_FMT.log: OK
./evidence/pass44/02_CHECK.log: OK
./evidence/pass44/03_TEST_DEBUG.log: OK
./evidence/pass44/04_CLIPPY.log: OK
./evidence/pass44/05_TEST_RELEASE.log: OK
./evidence/pass44/06_BUILD_RELEASE.log: OK
./evidence/pass44/07_RUSTDOC.log: OK
./evidence/pass44/08_OVERFLOW_RELEASE.log: OK
./evidence/pass44/MULTIWAY_BENCH_RELEASE.log: OK
./evidence/pass44/RUST_VERSION.txt: OK
./evidence/pass44/STATIC_AUDIT.txt: OK
